Mplus VERSION 7.11
MUTHEN & MUTHEN
07/25/2014   2:55 PM

INPUT INSTRUCTIONS

   TITLE: Attractiveness predicting FU Date Initiation (Female Only)

    DATA:
    FILE IS
  speed.dating.mplus.10.dat;

    VARIABLE: NAMES ARE Part_num MatchID_clean Follow_clean
    IRLikedPartner IRSayYes IRSexAttract
      IRThinkCareer IRThinkAmbitious IRThinkPhys
      IRThinkHot IRThinkFun IRThinkResponsive
      IRThinkDependable IRThinkFriendly IRCommon
      IRPersonality IRConnection yessing mutmatch PMexcited
      PMSelfinit PMMatchinit FUEager FUInitiate FUEnjoy
      FUSexDesire FUSoulMate FURomInterest FUOnlyWith
      FUMind FUOneNight FUCasual FUSerious FUCommitted
      FUExtentPhys FUExtentCareer FUExtentAmbitious
      FUExtentHot FUExtentFun FUExtentRespons
      FUExtentFriendly DemAge DemEthn FUPhysContact
      FUInitiatePhys FUEnjoyContact FUContactBad
      IRpatt IRepro IRpers IRrdes IRchem FUpasn FUpatt FUepro
      FUpers FUStatus sex_M1_F2;

      CLUSTER =Part_num MatchID_clean;
      WITHIN = FUpatt;

  USEVARIABLES ARE Part_num MatchID_clean FUpatt FUInitiate;

  !When FUStatus = 0, all FU variables = 0. Removed to avoid bias. Presumed data-entry error
  USEOBS FUStatus NE 0 AND sex_M1_F2 EQ .5;

  MISSING ARE ALL (-999);

   ANALYSIS:
  TYPE=THREELEVEL;
  ESTIMATOR = MLR;

  MODEL:
  %WITHIN%
  FUInitiate ON FUpatt;

  OUTPUT: SAMPSTAT STDYX;





*** WARNING in VARIABLE command
  Note that only the first 8 characters of variable names are used in the output.
  Shorten variable names to avoid any confusion.
*** WARNING
  Clusters for MATCHID_CLEAN with the same IDs have been found in different clusters
  for PART_NUM.  These clusters are assumed to be different because clusters for
  MATCHID_CLEAN are not allowed to appear in more than one cluster for PART_NUM.
*** WARNING
  Data set contains cases with missing on all variables.
  These cases were not included in the analysis.
  Number of cases with missing on all variables:  13344
*** WARNING
  Data set contains cases with missing on all variables except
  x-variables.  These cases were not included in the analysis.
  Number of cases with missing on all variables except x-variables:  492
   4 WARNING(S) FOUND IN THE INPUT INSTRUCTIONS



Attractiveness predicting FU Date Initiation (Female Only)

SUMMARY OF ANALYSIS

Number of groups                                                 1
Number of observations                                         124

Number of dependent variables                                    1
Number of independent variables                                  1
Number of continuous latent variables                            0

Observed dependent variables

  Continuous
   FUINITIATE

Observed independent variables
   FUPATT

Variables with special functions

  Cluster variables     PART_NUM  MATCHID_

  Within variables
   FUPATT


Estimator                                                      MLR
Information matrix                                        OBSERVED
Maximum number of iterations                                   100
Convergence criterion                                    0.100D-05
Maximum number of EM iterations                                500
Convergence criteria for the EM algorithm
  Loglikelihood change                                   0.100D-02
  Relative loglikelihood change                          0.100D-05
  Derivative                                             0.100D-03
Minimum variance                                         0.100D-03
Maximum number of steepest descent iterations                   20
Maximum number of iterations for H1                           2000
Convergence criterion for H1                             0.100D-02
Optimization algorithm                                         EMA

Input data file(s)
  speed.dating.mplus.10.dat
Input data format  FREE


SUMMARY OF DATA

     Number of missing data patterns             1
     Number of MATCHID_CLEAN clusters      39
     Number of PART_NUM clusters           29

     Average cluster size for MATCHID_CLEAN level        3.179

     Estimated Intraclass Correlations for the Y Variables for MATCHID_CLEAN level

                Intraclass
     Variable  Correlation

     FUINITIA     0.335

     Average cluster size for PART_NUM level        4.276

     Estimated Intraclass Correlations for the Y Variables for PART_NUM level

                Intraclass
     Variable  Correlation

     FUINITIA     0.318


COVARIANCE COVERAGE OF DATA

Minimum covariance coverage value   0.100


     PROPORTION OF DATA PRESENT


           Covariance Coverage
              FUINITIA      FUPATT
              ________      ________
 FUINITIA       1.000
 FUPATT         1.000         1.000


SAMPLE STATISTICS

NOTE:  The sample statistics for within and between refer to the
       maximum-likelihood estimated within and between covariance
       matrices, respectively.


     ESTIMATED SAMPLE STATISTICS FOR WITHIN


           Means
              FUINITIA      FUPATT
              ________      ________
 1              0.000         5.935


           Covariances
              FUINITIA      FUPATT
              ________      ________
 FUINITIA       1.257
 FUPATT         1.515         5.641


           Correlations
              FUINITIA      FUPATT
              ________      ________
 FUINITIA       1.000
 FUPATT         0.569         1.000


     ESTIMATED SAMPLE STATISTICS FOR BETWEEN MATCHID_CLEAN


           Means
              FUINITIA      FUPATT
              ________      ________
 1              0.000         0.000


           Covariances
              FUINITIA      FUPATT
              ________      ________
 FUINITIA       1.213
 FUPATT         0.000         0.000


           Correlations
              FUINITIA      FUPATT
              ________      ________
 FUINITIA       1.000
 FUPATT         0.000         0.000


     ESTIMATED SAMPLE STATISTICS FOR BETWEEN PART_NUM


           Means
              FUINITIA      FUPATT
              ________      ________
 1              2.771         0.000


           Covariances
              FUINITIA      FUPATT
              ________      ________
 FUINITIA       1.152
 FUPATT         0.000         0.000


           Correlations
              FUINITIA      FUPATT
              ________      ________
 FUINITIA       1.000
 FUPATT         0.000         0.000


     MAXIMUM LOG-LIKELIHOOD VALUE FOR THE UNRESTRICTED (H1) MODEL IS -206.394


THE MODEL ESTIMATION TERMINATED NORMALLY



MODEL FIT INFORMATION

Number of Free Parameters                        5

Loglikelihood

          H0 Value                        -206.394
          H0 Scaling Correction Factor      1.3661
            for MLR
          H1 Value                        -206.394
          H1 Scaling Correction Factor      1.3661
            for MLR

Information Criteria

          Akaike (AIC)                     422.788
          Bayesian (BIC)                   436.889
          Sample-Size Adjusted BIC         421.079
            (n* = (n + 2) / 24)

Chi-Square Test of Model Fit

          Value                              0.000*
          Degrees of Freedom                     0
          P-Value                           1.0000
          Scaling Correction Factor         1.0000
            for MLR

*   The chi-square value for MLM, MLMV, MLR, ULSMV, WLSM and WLSMV cannot be used
    for chi-square difference testing in the regular way.  MLM, MLR and WLSM
    chi-square difference testing is described on the Mplus website.  MLMV, WLSMV,
    and ULSMV difference testing is done using the DIFFTEST option.

RMSEA (Root Mean Square Error Of Approximation)

          Estimate                           0.000

CFI/TLI

          CFI                                1.000
          TLI                                1.000

Chi-Square Test of Model Fit for the Baseline Model

          Value                             17.053
          Degrees of Freedom                     1
          P-Value                           0.0000

SRMR (Standardized Root Mean Square Residual)

          Value for Within                   0.000
          Value for Between Level 2          0.000
          Value for Between Level 3          0.000



MODEL RESULTS

                                                    Two-Tailed
                    Estimate       S.E.  Est./S.E.    P-Value

Within Level

 FUINITIATE ON
    FUPATT             0.269      0.066      4.067      0.000

 Residual Variances
    FUINITIATE         0.850      0.215      3.959      0.000

Between MATCHID_CLEAN Level

 Variances
    FUINITIATE         1.213      0.570      2.129      0.033

Between PART_NUM Level

 Means
    FUINITIATE         1.178      0.474      2.484      0.013

 Variances
    FUINITIATE         1.152      0.931      1.238      0.216


STANDARDIZED MODEL RESULTS


STDYX Standardization

                                                    Two-Tailed
                    Estimate       S.E.  Est./S.E.    P-Value

Within Level

 FUINITIATE ON
    FUPATT             0.569      0.105      5.439      0.000

 Residual Variances
    FUINITIATE         0.676      0.119      5.683      0.000

Between MATCHID_CLEAN Level

 Variances
    FUINITIATE         1.000      0.000    999.000    999.000

Between PART_NUM Level

 Means
    FUINITIATE         1.097      0.546      2.011      0.044

 Variances
    FUINITIATE         1.000      0.000    999.000    999.000


R-SQUARE

Within Level

    Observed                                        Two-Tailed
    Variable        Estimate       S.E.  Est./S.E.    P-Value

    FUINITIA           0.324      0.119      2.719      0.007

Between MATCHID_CLEAN Level

Between PART_NUM Level


QUALITY OF NUMERICAL RESULTS

     Condition Number for the Information Matrix              0.656E-03
       (ratio of smallest to largest eigenvalue)


     Beginning Time:  14:55:54
        Ending Time:  14:55:55
       Elapsed Time:  00:00:01



MUTHEN & MUTHEN
3463 Stoner Ave.
Los Angeles, CA  90066

Tel: (310) 391-9971
Fax: (310) 391-8971
Web: www.StatModel.com
Support: Support@StatModel.com

Copyright (c) 1998-2013 Muthen & Muthen
