Mplus VERSION 7.11
MUTHEN & MUTHEN
07/25/2014   2:55 PM

INPUT INSTRUCTIONS

   TITLE: Attractiveness predicting FU Date Enjoyment (Male Only)

    DATA:
    FILE IS
  speed.dating.mplus.10.dat;

    VARIABLE: NAMES ARE Part_num MatchID_clean Follow_clean
    IRLikedPartner IRSayYes IRSexAttract
      IRThinkCareer IRThinkAmbitious IRThinkPhys
      IRThinkHot IRThinkFun IRThinkResponsive
      IRThinkDependable IRThinkFriendly IRCommon
      IRPersonality IRConnection yessing mutmatch PMexcited
      PMSelfinit PMMatchinit FUEager FUInitiate FUEnjoy
      FUSexDesire FUSoulMate FURomInterest FUOnlyWith
      FUMind FUOneNight FUCasual FUSerious FUCommitted
      FUExtentPhys FUExtentCareer FUExtentAmbitious
      FUExtentHot FUExtentFun FUExtentRespons
      FUExtentFriendly DemAge DemEthn FUPhysContact
      FUInitiatePhys FUEnjoyContact FUContactBad
      IRpatt IRepro IRpers IRrdes IRchem FUpasn FUpatt FUepro
      FUpers FUStatus sex_M1_F2;

      CLUSTER =Part_num MatchID_clean;
      WITHIN = FUpatt;

  USEVARIABLES ARE Part_num MatchID_clean FUpatt FUEnjoy;

  !When FUStatus = 0, all FU variables = 0. Removed to avoid bias. Presumed data-entry error
  USEOBS FUStatus NE 0 AND sex_M1_F2 EQ -.5;


  MISSING ARE ALL (-999);

   ANALYSIS:
  TYPE=THREELEVEL;
  ESTIMATOR = MLR;

  MODEL:
  %WITHIN%
  FUEnjoy ON FUpatt;

  OUTPUT: SAMPSTAT STDYX;





*** WARNING
  Clusters for MATCHID_CLEAN with the same IDs have been found in different clusters
  for PART_NUM.  These clusters are assumed to be different because clusters for
  MATCHID_CLEAN are not allowed to appear in more than one cluster for PART_NUM.
*** WARNING
  Data set contains cases with missing on all variables.
  These cases were not included in the analysis.
  Number of cases with missing on all variables:  13676
*** WARNING
  Data set contains cases with missing on x-variables.
  These cases were not included in the analysis.
  Number of cases with missing on x-variables:  7
*** WARNING
  Data set contains cases with missing on all variables except
  x-variables.  These cases were not included in the analysis.
  Number of cases with missing on all variables except x-variables:  407
   4 WARNING(S) FOUND IN THE INPUT INSTRUCTIONS



Attractiveness predicting FU Date Enjoyment (Male Only)

SUMMARY OF ANALYSIS

Number of groups                                                 1
Number of observations                                         110

Number of dependent variables                                    1
Number of independent variables                                  1
Number of continuous latent variables                            0

Observed dependent variables

  Continuous
   FUENJOY

Observed independent variables
   FUPATT

Variables with special functions

  Cluster variables     PART_NUM  MATCHID_

  Within variables
   FUPATT


Estimator                                                      MLR
Information matrix                                        OBSERVED
Maximum number of iterations                                   100
Convergence criterion                                    0.100D-05
Maximum number of EM iterations                                500
Convergence criteria for the EM algorithm
  Loglikelihood change                                   0.100D-02
  Relative loglikelihood change                          0.100D-05
  Derivative                                             0.100D-03
Minimum variance                                         0.100D-03
Maximum number of steepest descent iterations                   20
Maximum number of iterations for H1                           2000
Convergence criterion for H1                             0.100D-02
Optimization algorithm                                         EMA

Input data file(s)
  speed.dating.mplus.10.dat
Input data format  FREE


SUMMARY OF DATA

     Number of missing data patterns             1
     Number of MATCHID_CLEAN clusters      35
     Number of PART_NUM clusters           27

     Average cluster size for MATCHID_CLEAN level        3.143

     Estimated Intraclass Correlations for the Y Variables for MATCHID_CLEAN level

                Intraclass
     Variable  Correlation

     FUENJOY      0.585

     Average cluster size for PART_NUM level        4.074

     Estimated Intraclass Correlations for the Y Variables for PART_NUM level

                Intraclass
     Variable  Correlation

     FUENJOY      0.010


COVARIANCE COVERAGE OF DATA

Minimum covariance coverage value   0.100


     PROPORTION OF DATA PRESENT


           Covariance Coverage
              FUENJOY       FUPATT
              ________      ________
 FUENJOY        1.000
 FUPATT         1.000         1.000


SAMPLE STATISTICS

NOTE:  The sample statistics for within and between refer to the
       maximum-likelihood estimated within and between covariance
       matrices, respectively.


     ESTIMATED SAMPLE STATISTICS FOR WITHIN


           Means
              FUENJOY       FUPATT
              ________      ________
 1              0.000         6.564


           Covariances
              FUENJOY       FUPATT
              ________      ________
 FUENJOY        1.543
 FUPATT         1.727         3.028


           Correlations
              FUENJOY       FUPATT
              ________      ________
 FUENJOY        1.000
 FUPATT         0.799         1.000


     ESTIMATED SAMPLE STATISTICS FOR BETWEEN MATCHID_CLEAN


           Means
              FUENJOY       FUPATT
              ________      ________
 1              0.000         0.000


           Covariances
              FUENJOY       FUPATT
              ________      ________
 FUENJOY        2.229
 FUPATT         0.000         0.000


           Correlations
              FUENJOY       FUPATT
              ________      ________
 FUENJOY        1.000
 FUPATT         0.000         0.000


     ESTIMATED SAMPLE STATISTICS FOR BETWEEN PART_NUM


           Means
              FUENJOY       FUPATT
              ________      ________
 1              4.729         0.000


           Covariances
              FUENJOY       FUPATT
              ________      ________
 FUENJOY        0.038
 FUPATT         0.000         0.000


           Correlations
              FUENJOY       FUPATT
              ________      ________
 FUENJOY        1.000
 FUPATT         0.000         0.000


     MAXIMUM LOG-LIKELIHOOD VALUE FOR THE UNRESTRICTED (H1) MODEL IS -166.572

     WARNING: THE MODEL ESTIMATION HAS REACHED A SADDLE POINT OR A POINT WHERE THE
     OBSERVED AND THE EXPECTED INFORMATION MATRICES DO NOT MATCH.
     AN ADJUSTMENT TO THE ESTIMATION OF THE INFORMATION MATRIX HAS BEEN MADE.
     THE CONDITION NUMBER IS      -0.170D-05.
     THE PROBLEM MAY ALSO BE RESOLVED BY DECREASING THE VALUE OF THE
     MCONVERGENCE OR LOGCRITERION OPTIONS OR BY CHANGING THE STARTING VALUES
     OR BY USING THE MLF ESTIMATOR.


THE MODEL ESTIMATION TERMINATED NORMALLY



MODEL FIT INFORMATION

Number of Free Parameters                        5

Loglikelihood

          H0 Value                        -166.811
          H0 Scaling Correction Factor      0.9908
            for MLR
          H1 Value                        -166.572
          H1 Scaling Correction Factor      0.9908
            for MLR

Information Criteria

          Akaike (AIC)                     343.622
          Bayesian (BIC)                   357.124
          Sample-Size Adjusted BIC         341.324
            (n* = (n + 2) / 24)

Chi-Square Test of Model Fit

          Value                              0.477*
          Degrees of Freedom                     0
          P-Value                           0.0000
          Scaling Correction Factor         1.0000
            for MLR

*   The chi-square value for MLM, MLMV, MLR, ULSMV, WLSM and WLSMV cannot be used
    for chi-square difference testing in the regular way.  MLM, MLR and WLSM
    chi-square difference testing is described on the Mplus website.  MLMV, WLSMV,
    and ULSMV difference testing is done using the DIFFTEST option.

RMSEA (Root Mean Square Error Of Approximation)

          Estimate                           0.000

CFI/TLI

          CFI                                0.988
          TLI                                1.000

Chi-Square Test of Model Fit for the Baseline Model

          Value                             41.381
          Degrees of Freedom                     1
          P-Value                           0.0000

SRMR (Standardized Root Mean Square Residual)

          Value for Within                   0.021
          Value for Between Level 2          0.000
          Value for Between Level 3          0.000



MODEL RESULTS

                                                    Two-Tailed
                    Estimate       S.E.  Est./S.E.    P-Value

Within Level

 FUENJOY    ON
    FUPATT             0.511      0.087      5.865      0.000

 Residual Variances
    FUENJOY            0.567      0.133      4.245      0.000

Between MATCHID_CLEAN Level

 Variances
    FUENJOY            2.194      0.602      3.642      0.000

Between PART_NUM Level

 Means
    FUENJOY            1.469      0.653      2.249      0.025

 Variances
    FUENJOY            0.002      0.051      0.043      0.966


STANDARDIZED MODEL RESULTS


STDYX Standardization

                                                    Two-Tailed
                    Estimate       S.E.  Est./S.E.    P-Value

Within Level

 FUENJOY    ON
    FUPATT             0.763      0.065     11.685      0.000

 Residual Variances
    FUENJOY            0.417      0.100      4.186      0.000

Between MATCHID_CLEAN Level

 Variances
    FUENJOY            1.000      0.000    999.000    999.000

Between PART_NUM Level

 Means
    FUENJOY           31.514    370.751      0.085      0.932

 Variances
    FUENJOY            1.000      0.000    999.000    999.000


R-SQUARE

Within Level

    Observed                                        Two-Tailed
    Variable        Estimate       S.E.  Est./S.E.    P-Value

    FUENJOY            0.583      0.100      5.843      0.000

Between MATCHID_CLEAN Level

Between PART_NUM Level


QUALITY OF NUMERICAL RESULTS

     Condition Number for the Information Matrix             -0.170E-05
       (ratio of smallest to largest eigenvalue)


     Beginning Time:  14:55:48
        Ending Time:  14:55:54
       Elapsed Time:  00:00:06



MUTHEN & MUTHEN
3463 Stoner Ave.
Los Angeles, CA  90066

Tel: (310) 391-9971
Fax: (310) 391-8971
Web: www.StatModel.com
Support: Support@StatModel.com

Copyright (c) 1998-2013 Muthen & Muthen
