Mplus VERSION 7.11
MUTHEN & MUTHEN
07/25/2014   2:55 PM

INPUT INSTRUCTIONS

   TITLE: Physical Attractiveness predicting FU Eager to get to know (Female Only)

    DATA:
    FILE IS
  speed.dating.mplus.10.dat;

    VARIABLE: NAMES ARE Part_num MatchID_clean Follow_clean
    IRLikedPartner IRSayYes IRSexAttract
      IRThinkCareer IRThinkAmbitious IRThinkPhys
      IRThinkHot IRThinkFun IRThinkResponsive
      IRThinkDependable IRThinkFriendly IRCommon
      IRPersonality IRConnection yessing mutmatch PMexcited
      PMSelfinit PMMatchinit FUEager FUInitiate FUEnjoy
      FUSexDesire FUSoulMate FURomInterest FUOnlyWith
      FUMind FUOneNight FUCasual FUSerious FUCommitted
      FUExtentPhys FUExtentCareer FUExtentAmbitious
      FUExtentHot FUExtentFun FUExtentRespons
      FUExtentFriendly DemAge DemEthn FUPhysContact
      FUInitiatePhys FUEnjoyContact FUContactBad
      IRpatt IRepro IRpers IRrdes IRchem FUpasn FUpatt FUepro
      FUpers FUStatus sex_M1_F2;

      CLUSTER =Part_num MatchID_clean;
      WITHIN = IRpatt;

  USEVARIABLES ARE Part_num MatchID_clean IRpatt FUEager;

  CATEGORICAL IS FUEager;

  !When FUStatus = 0, all FU variables = 0. Removed to avoid bias. Presumed data-entry error
  USEOBS FUStatus NE 0 AND sex_M1_F2 EQ .5;

  MISSING ARE ALL (-999);

   ANALYSIS:
  TYPE=THREELEVEL;
  ESTIMATOR = MLR;

  MODEL:
  %WITHIN%
  FUEager ON IRpatt;

  OUTPUT: SAMPSTAT STDYX;





*** WARNING
  Input line exceeded 90 characters. Some input may be truncated.
  !When FUStatus = 0, all FU variables = 0. Removed to avoid bias. Presumed data-entry error.
*** WARNING in ANALYSIS command
  Estimator MLR is not available for TYPE=THREEEVEL with categorical variables.
  This analysis is available only with ESTIMATOR=BAYES.
  Default estimator will be used.
*** WARNING
  Clusters for MATCHID_CLEAN with the same IDs have been found in different clusters
  for PART_NUM.  These clusters are assumed to be different because clusters for
  MATCHID_CLEAN are not allowed to appear in more than one cluster for PART_NUM.
*** WARNING in OUTPUT command
  SAMPSTAT option is not available for ESTIMATOR=BAYES.  Use TYPE=BASIC.
  Request for SAMPSTAT is ignored.
*** WARNING
  Data set contains cases with missing on all variables.
  These cases were not included in the analysis.
  Number of cases with missing on all variables:  471
*** WARNING
  Data set contains cases with missing on x-variables.
  These cases were not included in the analysis.
  Number of cases with missing on x-variables:  24
*** WARNING
  Data set contains cases with missing on all variables except
  x-variables.  These cases were not included in the analysis.
  Number of cases with missing on all variables except x-variables:  12864
   7 WARNING(S) FOUND IN THE INPUT INSTRUCTIONS



Physical Attractiveness predicting FU Eager to get to know (Female Only)

SUMMARY OF ANALYSIS

Number of groups                                                 1
Number of observations                                         601

Number of dependent variables                                    1
Number of independent variables                                  1
Number of continuous latent variables                            0

Observed dependent variables

  Binary and ordered categorical (ordinal)
   FUEAGER

Observed independent variables
   IRPATT

Variables with special functions

  Cluster variables     PART_NUM  MATCHID_

  Within variables
   IRPATT


Estimator                                                    BAYES
Specifications for Bayesian Estimation
  Point estimate                                            MEDIAN
  Number of Markov chain Monte Carlo (MCMC) chains               2
  Random seed for the first chain                                0
  Starting value information                           UNPERTURBED
  Treatment of categorical mediator                         LATENT
  Algorithm used for Markov chain Monte Carlo           GIBBS(PX1)
  Convergence criterion                                  0.500D-01
  Maximum number of iterations                               50000
  K-th iteration used for thinning                               1

Input data file(s)
  speed.dating.mplus.10.dat
Input data format  FREE


SUMMARY OF DATA

     Number of MATCHID_CLEAN clusters     129
     Number of PART_NUM clusters           77


COVARIANCE COVERAGE OF DATA

Minimum covariance coverage value   0.100

     Number of missing data patterns             1


     PROPORTION OF DATA PRESENT


           Covariance Coverage
              FUEAGER       IRPATT
              ________      ________
 FUEAGER        1.000
 IRPATT         1.000         1.000


UNIVARIATE PROPORTIONS AND COUNTS FOR CATEGORICAL VARIABLES

    FUEAGER
      Category 1    0.589      354.000
      Category 2    0.411      247.000



THE MODEL ESTIMATION TERMINATED NORMALLY

     USE THE FBITERATIONS OPTION TO INCREASE THE NUMBER OF ITERATIONS BY A FACTOR
     OF AT LEAST TWO TO CHECK CONVERGENCE AND THAT THE PSR VALUE DOES NOT INCREASE.



Number of Free Parameters                               4



MODEL RESULTS

                                Posterior  One-Tailed         95% C.I.
                    Estimate       S.D.      P-Value   Lower 2.5%  Upper 2.5%  Significance

Within Level

 FUEAGER    ON
    IRPATT             0.285       0.093      0.000       0.120       0.447      *

Between MATCHID_CLEAN Level

 Variances
    FUEAGER            1.240       0.647      0.000       0.485       2.746      *

Between PART_NUM Level

 Thresholds
    FUEAGER$1          1.848       0.556      0.000       0.785       2.942      *

 Variances
    FUEAGER            3.008       1.039      0.000       1.394       5.360      *


STANDARDIZED MODEL RESULTS


STDYX Standardization

                                Posterior  One-Tailed         95% C.I.
                    Estimate       S.D.      P-Value   Lower 2.5%  Upper 2.5%  Significance
Within Level

 FUEAGER    ON
    IRPATT             0.538       0.130      0.000       0.259       0.707      *

Between MATCHID_CLEAN Level

 Variances
    FUEAGER            1.000       0.000      0.000       1.000       1.000

Between PART_NUM Level

 Variances
    FUEAGER            1.000       0.000      0.000       1.000       1.000


R-SQUARE

Within Level

                                Posterior  One-Tailed         95% C.I.
    Variable        Estimate       S.D.      P-Value   Lower 2.5%  Upper 2.5%

    FUEAGER            0.290       0.127      0.000       0.067       0.500

Between MATCHID_CLEAN Level

Between PART_NUM Level


     Beginning Time:  14:55:56
        Ending Time:  14:56:04
       Elapsed Time:  00:00:08



MUTHEN & MUTHEN
3463 Stoner Ave.
Los Angeles, CA  90066

Tel: (310) 391-9971
Fax: (310) 391-8971
Web: www.StatModel.com
Support: Support@StatModel.com

Copyright (c) 1998-2013 Muthen & Muthen
