Mplus VERSION 7.11
MUTHEN & MUTHEN
07/25/2014   2:57 PM

INPUT INSTRUCTIONS

   TITLE: Physical Attractiveness  predicting FU Desire for Serious Relationship w. (Male On

    DATA:
    FILE IS
  speed.dating.mplus.10.dat;

    VARIABLE: NAMES ARE Part_num MatchID_clean Follow_clean
    IRLikedPartner IRSayYes IRSexAttract
      IRThinkCareer IRThinkAmbitious IRThinkPhys
      IRThinkHot IRThinkFun IRThinkResponsive
      IRThinkDependable IRThinkFriendly IRCommon
      IRPersonality IRConnection yessing mutmatch PMexcited
      PMSelfinit PMMatchinit FUEager FUInitiate FUEnjoy
      FUSexDesire FUSoulMate FURomInterest FUOnlyWith
      FUMind FUOneNight FUCasual FUSerious FUCommitted
      FUExtentPhys FUExtentCareer FUExtentAmbitious
      FUExtentHot FUExtentFun FUExtentRespons
      FUExtentFriendly DemAge DemEthn FUPhysContact
      FUInitiatePhys FUEnjoyContact FUContactBad
      IRpatt IRepro IRpers IRrdes IRchem FUpasn FUpatt FUepro
      FUpers FUStatus sex_M1_F2;

      CLUSTER =Part_num MatchID_clean;
      WITHIN = FUpatt;


  USEVARIABLES ARE Part_num MatchID_clean FUpatt FUSerious;

  !When FUStatus = 0, all FU variables = 0. Removed to avoid bias. Presumed data-entry error
  USEOBS FUStatus NE 0 AND sex_M1_F2 EQ -.5;

  MISSING ARE ALL (-999);

   ANALYSIS:
  TYPE=THREELEVEL;
  ESTIMATOR = MLR;

  MODEL:
  %WITHIN%
  FUSerious ON FUpatt;

  OUTPUT: SAMPSTAT STDYX;





*** WARNING
  Input line exceeded 90 characters. Some input may be truncated.
   TITLE: Physical Attractiveness  predicting FU Desire for Serious Relationship w. (Male Onl
*** WARNING in VARIABLE command
  Note that only the first 8 characters of variable names are used in the output.
  Shorten variable names to avoid any confusion.
*** WARNING
  Clusters for MATCHID_CLEAN with the same IDs have been found in different clusters
  for PART_NUM.  These clusters are assumed to be different because clusters for
  MATCHID_CLEAN are not allowed to appear in more than one cluster for PART_NUM.
*** WARNING
  Data set contains cases with missing on all variables.
  These cases were not included in the analysis.
  Number of cases with missing on all variables:  13683
*** WARNING
  Data set contains cases with missing on all variables except
  x-variables.  These cases were not included in the analysis.
  Number of cases with missing on all variables except x-variables:  431
   5 WARNING(S) FOUND IN THE INPUT INSTRUCTIONS



Physical Attractiveness  predicting FU Desire for Serious Relationship w. (Male Onl

SUMMARY OF ANALYSIS

Number of groups                                                 1
Number of observations                                          86

Number of dependent variables                                    1
Number of independent variables                                  1
Number of continuous latent variables                            0

Observed dependent variables

  Continuous
   FUSERIOUS

Observed independent variables
   FUPATT

Variables with special functions

  Cluster variables     PART_NUM  MATCHID_

  Within variables
   FUPATT


Estimator                                                      MLR
Information matrix                                        OBSERVED
Maximum number of iterations                                   100
Convergence criterion                                    0.100D-05
Maximum number of EM iterations                                500
Convergence criteria for the EM algorithm
  Loglikelihood change                                   0.100D-02
  Relative loglikelihood change                          0.100D-05
  Derivative                                             0.100D-03
Minimum variance                                         0.100D-03
Maximum number of steepest descent iterations                   20
Maximum number of iterations for H1                           2000
Convergence criterion for H1                             0.100D-02
Optimization algorithm                                         EMA

Input data file(s)
  speed.dating.mplus.10.dat
Input data format  FREE


SUMMARY OF DATA

     Number of missing data patterns             1
     Number of MATCHID_CLEAN clusters      22
     Number of PART_NUM clusters           17

     Average cluster size for MATCHID_CLEAN level        3.909

     Estimated Intraclass Correlations for the Y Variables for MATCHID_CLEAN level

                Intraclass
     Variable  Correlation

     FUSERIOU     0.014

     Average cluster size for PART_NUM level        5.059

     Estimated Intraclass Correlations for the Y Variables for PART_NUM level

                Intraclass
     Variable  Correlation

     FUSERIOU     0.327


COVARIANCE COVERAGE OF DATA

Minimum covariance coverage value   0.100


     PROPORTION OF DATA PRESENT


           Covariance Coverage
              FUSERIOU      FUPATT
              ________      ________
 FUSERIOU       1.000
 FUPATT         1.000         1.000


SAMPLE STATISTICS

NOTE:  The sample statistics for within and between refer to the
       maximum-likelihood estimated within and between covariance
       matrices, respectively.


     ESTIMATED SAMPLE STATISTICS FOR WITHIN


           Means
              FUSERIOU      FUPATT
              ________      ________
 1              0.000         7.244


           Covariances
              FUSERIOU      FUPATT
              ________      ________
 FUSERIOU       1.306
 FUPATT        -0.082         1.254


           Correlations
              FUSERIOU      FUPATT
              ________      ________
 FUSERIOU       1.000
 FUPATT        -0.064         1.000


     ESTIMATED SAMPLE STATISTICS FOR BETWEEN MATCHID_CLEAN


           Means
              FUSERIOU      FUPATT
              ________      ________
 1              0.000         0.000


           Covariances
              FUSERIOU      FUPATT
              ________      ________
 FUSERIOU       0.028
 FUPATT         0.000         0.000


           Correlations
              FUSERIOU      FUPATT
              ________      ________
 FUSERIOU       1.000
 FUPATT         0.000         0.000


     ESTIMATED SAMPLE STATISTICS FOR BETWEEN PART_NUM


           Means
              FUSERIOU      FUPATT
              ________      ________
 1              3.634         0.000


           Covariances
              FUSERIOU      FUPATT
              ________      ________
 FUSERIOU       0.649
 FUPATT         0.000         0.000


           Correlations
              FUSERIOU      FUPATT
              ________      ________
 FUSERIOU       1.000
 FUPATT         0.000         0.000


     MAXIMUM LOG-LIKELIHOOD VALUE FOR THE UNRESTRICTED (H1) MODEL IS -143.377

     WARNING: THE MODEL ESTIMATION HAS REACHED A SADDLE POINT OR A POINT WHERE THE
     OBSERVED AND THE EXPECTED INFORMATION MATRICES DO NOT MATCH.
     AN ADJUSTMENT TO THE ESTIMATION OF THE INFORMATION MATRIX HAS BEEN MADE.
     THE CONDITION NUMBER IS      -0.275D-04.
     THE PROBLEM MAY ALSO BE RESOLVED BY DECREASING THE VALUE OF THE
     MCONVERGENCE OR LOGCRITERION OPTIONS OR BY CHANGING THE STARTING VALUES
     OR BY USING THE MLF ESTIMATOR.


THE MODEL ESTIMATION TERMINATED NORMALLY



MODEL FIT INFORMATION

Number of Free Parameters                        5

Loglikelihood

          H0 Value                        -143.310
          H0 Scaling Correction Factor      1.6274
            for MLR
          H1 Value                        -143.377
          H1 Scaling Correction Factor      1.6274
            for MLR

Information Criteria

          Akaike (AIC)                     296.619
          Bayesian (BIC)                   308.891
          Sample-Size Adjusted BIC         293.116
            (n* = (n + 2) / 24)

Chi-Square Test of Model Fit

          Value                              0.000*
          Degrees of Freedom                     0
          P-Value                           1.0000
          Scaling Correction Factor         1.0000
            for MLR

*   The chi-square value for MLM, MLMV, MLR, ULSMV, WLSM and WLSMV cannot be used
    for chi-square difference testing in the regular way.  MLM, MLR and WLSM
    chi-square difference testing is described on the Mplus website.  MLMV, WLSMV,
    and ULSMV difference testing is done using the DIFFTEST option.

RMSEA (Root Mean Square Error Of Approximation)

          Estimate                           0.000

CFI/TLI

          CFI                                1.000
          TLI                                1.000

Chi-Square Test of Model Fit for the Baseline Model

          Value                              0.128
          Degrees of Freedom                     1
          P-Value                           0.7206

SRMR (Standardized Root Mean Square Residual)

          Value for Within                   0.002
          Value for Between Level 2          0.000
          Value for Between Level 3          0.000



MODEL RESULTS

                                                    Two-Tailed
                    Estimate       S.E.  Est./S.E.    P-Value

Within Level

 FUSERIOUS  ON
    FUPATT            -0.062      0.228     -0.274      0.784

 Residual Variances
    FUSERIOUS          1.298      0.388      3.345      0.001

Between MATCHID_CLEAN Level

 Variances
    FUSERIOUS          0.010      0.143      0.070      0.944

Between PART_NUM Level

 Means
    FUSERIOUS          4.087      1.487      2.749      0.006

 Variances
    FUSERIOUS          0.668      0.258      2.589      0.010


STANDARDIZED MODEL RESULTS


STDYX Standardization

                                                    Two-Tailed
                    Estimate       S.E.  Est./S.E.    P-Value

Within Level

 FUSERIOUS  ON
    FUPATT            -0.061      0.227     -0.270      0.787

 Residual Variances
    FUSERIOUS          0.996      0.028     35.792      0.000

Between MATCHID_CLEAN Level

 Variances
    FUSERIOUS          1.000      0.000    999.000    999.000

Between PART_NUM Level

 Means
    FUSERIOUS          5.001      2.263      2.210      0.027

 Variances
    FUSERIOUS          1.000      0.000    999.000    999.000


R-SQUARE

Within Level

    Observed                                        Two-Tailed
    Variable        Estimate       S.E.  Est./S.E.    P-Value

    FUSERIOU           0.004      0.028      0.135      0.893

Between MATCHID_CLEAN Level

Between PART_NUM Level


QUALITY OF NUMERICAL RESULTS

     Condition Number for the Information Matrix             -0.275E-04
       (ratio of smallest to largest eigenvalue)


     Beginning Time:  14:57:11
        Ending Time:  14:57:13
       Elapsed Time:  00:00:02



MUTHEN & MUTHEN
3463 Stoner Ave.
Los Angeles, CA  90066

Tel: (310) 391-9971
Fax: (310) 391-8971
Web: www.StatModel.com
Support: Support@StatModel.com

Copyright (c) 1998-2013 Muthen & Muthen
