Mplus VERSION 7.11
MUTHEN & MUTHEN
07/25/2014   2:57 PM

INPUT INSTRUCTIONS

   TITLE: Physical Attractiveness predicting Chemistry (Female Only)

    DATA:
    FILE IS
  speed.dating.mplus.10.dat;

    VARIABLE: NAMES ARE Part_num MatchID_clean Follow_clean
    IRLikedPartner IRSayYes IRSexAttract
      IRThinkCareer IRThinkAmbitious IRThinkPhys
      IRThinkHot IRThinkFun IRThinkResponsive
      IRThinkDependable IRThinkFriendly IRCommon
      IRPersonality IRConnection yessing mutmatch PMexcited
      PMSelfinit PMMatchinit FUEager FUInitiate FUEnjoy
      FUSexDesire FUSoulMate FURomInterest FUOnlyWith
      FUMind FUOneNight FUCasual FUSerious FUCommitted
      FUExtentPhys FUExtentCareer FUExtentAmbitious
      FUExtentHot FUExtentFun FUExtentRespons
      FUExtentFriendly DemAge DemEthn FUPhysContact
      FUInitiatePhys FUEnjoyContact FUContactBad
      IRpatt IRepro IRpers IRrdes IRchem FUpasn FUpatt FUepro
      FUpers FUStatus sex_M1_F2;

      CLUSTER =Part_num;
      WITHIN = IRpatt;

  USEVARIABLES ARE Part_num IRpatt IRchem;

   USEOBS Follow_clean EQ 1 AND sex_M1_F2 EQ .5;

  CLUSTER = Part_num;
  MISSING ARE ALL (-999);

   ANALYSIS:
  TYPE=TWOLEVEL;
  ESTIMATOR = MLR;

  MODEL:
  %WITHIN%
  IRchem ON IRpatt;

  OUTPUT: SAMPSTAT STDYX;





*** WARNING
  Data set contains cases with missing on all variables.
  These cases were not included in the analysis.
  Number of cases with missing on all variables:  18
*** WARNING
  Data set contains cases with missing on x-variables.
  These cases were not included in the analysis.
  Number of cases with missing on x-variables:  33
   2 WARNING(S) FOUND IN THE INPUT INSTRUCTIONS



Physical Attractiveness predicting Chemistry (Female Only)

SUMMARY OF ANALYSIS

Number of groups                                                 1
Number of observations                                        1345

Number of dependent variables                                    1
Number of independent variables                                  1
Number of continuous latent variables                            0

Observed dependent variables

  Continuous
   IRCHEM

Observed independent variables
   IRPATT

Variables with special functions

  Cluster variable      PART_NUM

  Within variables
   IRPATT


Estimator                                                      MLR
Information matrix                                        OBSERVED
Maximum number of iterations                                   100
Convergence criterion                                    0.100D-05
Maximum number of EM iterations                                500
Convergence criteria for the EM algorithm
  Loglikelihood change                                   0.100D-02
  Relative loglikelihood change                          0.100D-05
  Derivative                                             0.100D-03
Minimum variance                                         0.100D-03
Maximum number of steepest descent iterations                   20
Maximum number of iterations for H1                           2000
Convergence criterion for H1                             0.100D-03
Optimization algorithm                                         EMA

Input data file(s)
  speed.dating.mplus.10.dat
Input data format  FREE


SUMMARY OF DATA

     Number of missing data patterns             1
     Number of clusters                        152

     Average cluster size        8.849

     Estimated Intraclass Correlations for the Y Variables

                Intraclass
     Variable  Correlation

     IRCHEM       0.140



COVARIANCE COVERAGE OF DATA

Minimum covariance coverage value   0.100


     PROPORTION OF DATA PRESENT


           Covariance Coverage
              IRCHEM        IRPATT
              ________      ________
 IRCHEM         1.000
 IRPATT         1.000         1.000


SAMPLE STATISTICS

NOTE:  The sample statistics for within and between refer to the
       maximum-likelihood estimated within and between covariance
       matrices, respectively.


     ESTIMATED SAMPLE STATISTICS FOR WITHIN


           Means
              IRCHEM        IRPATT
              ________      ________
 1              0.000         4.103


           Covariances
              IRCHEM        IRPATT
              ________      ________
 IRCHEM         3.086
 IRPATT         2.541         4.934


           Correlations
              IRCHEM        IRPATT
              ________      ________
 IRCHEM         1.000
 IRPATT         0.651         1.000


     ESTIMATED SAMPLE STATISTICS FOR BETWEEN


           Means
              IRCHEM        IRPATT
              ________      ________
 1              4.555         0.000


           Covariances
              IRCHEM        IRPATT
              ________      ________
 IRCHEM         0.503
 IRPATT         0.000         0.000


           Correlations
              IRCHEM        IRPATT
              ________      ________
 IRCHEM         1.000
 IRPATT         0.000         0.000


     MAXIMUM LOG-LIKELIHOOD VALUE FOR THE UNRESTRICTED (H1) MODEL IS -2389.508


THE MODEL ESTIMATION TERMINATED NORMALLY



MODEL FIT INFORMATION

Number of Free Parameters                        4

Loglikelihood

          H0 Value                       -2389.508
          H0 Scaling Correction Factor      1.3790
            for MLR
          H1 Value                       -2389.508
          H1 Scaling Correction Factor      1.3790
            for MLR

Information Criteria

          Akaike (AIC)                    4787.016
          Bayesian (BIC)                  4807.833
          Sample-Size Adjusted BIC        4795.127
            (n* = (n + 2) / 24)

Chi-Square Test of Model Fit

          Value                              0.000*
          Degrees of Freedom                     0
          P-Value                           0.0000
          Scaling Correction Factor         1.0000
            for MLR

*   The chi-square value for MLM, MLMV, MLR, ULSMV, WLSM and WLSMV cannot be used
    for chi-square difference testing in the regular way.  MLM, MLR and WLSM
    chi-square difference testing is described on the Mplus website.  MLMV, WLSMV,
    and ULSMV difference testing is done using the DIFFTEST option.

RMSEA (Root Mean Square Error Of Approximation)

          Estimate                           0.000

CFI/TLI

          CFI                                1.000
          TLI                                1.000

Chi-Square Test of Model Fit for the Baseline Model

          Value                            346.715
          Degrees of Freedom                     1
          P-Value                           0.0000

SRMR (Standardized Root Mean Square Residual)

          Value for Within                   0.000
          Value for Between                  0.000



MODEL RESULTS

                                                    Two-Tailed
                    Estimate       S.E.  Est./S.E.    P-Value

Within Level

 IRCHEM     ON
    IRPATT             0.515      0.021     23.997      0.000

 Residual Variances
    IRCHEM             1.778      0.113     15.777      0.000

Between Level

 Means
    IRCHEM             2.442      0.112     21.838      0.000

 Variances
    IRCHEM             0.503      0.078      6.481      0.000


STANDARDIZED MODEL RESULTS


STDYX Standardization

                                                    Two-Tailed
                    Estimate       S.E.  Est./S.E.    P-Value

Within Level

 IRCHEM     ON
    IRPATT             0.651      0.023     28.888      0.000

 Residual Variances
    IRCHEM             0.576      0.029     19.634      0.000

Between Level

 Means
    IRCHEM             3.444      0.304     11.311      0.000

 Variances
    IRCHEM             1.000      0.000    999.000    999.000


R-SQUARE

Within Level

    Observed                                        Two-Tailed
    Variable        Estimate       S.E.  Est./S.E.    P-Value

    IRCHEM             0.424      0.029     14.444      0.000

Between Level


QUALITY OF NUMERICAL RESULTS

     Condition Number for the Information Matrix              0.177E-01
       (ratio of smallest to largest eigenvalue)


     Beginning Time:  14:57:58
        Ending Time:  14:57:58
       Elapsed Time:  00:00:00



MUTHEN & MUTHEN
3463 Stoner Ave.
Los Angeles, CA  90066

Tel: (310) 391-9971
Fax: (310) 391-8971
Web: www.StatModel.com
Support: Support@StatModel.com

Copyright (c) 1998-2013 Muthen & Muthen
