Mplus VERSION 7.11
MUTHEN & MUTHEN
07/25/2014   2:57 PM

INPUT INSTRUCTIONS

   TITLE: Physical Attractiveness predicting romantic desire (Female Only)

    DATA:
    FILE IS
  speed.dating.mplus.10.dat;

    VARIABLE: NAMES ARE Part_num MatchID_clean Follow_clean
    IRLikedPartner IRSayYes IRSexAttract
      IRThinkCareer IRThinkAmbitious IRThinkPhys
      IRThinkHot IRThinkFun IRThinkResponsive
      IRThinkDependable IRThinkFriendly IRCommon
      IRPersonality IRConnection yessing mutmatch PMexcited
      PMSelfinit PMMatchinit FUEager FUInitiate FUEnjoy
      FUSexDesire FUSoulMate FURomInterest FUOnlyWith
      FUMind FUOneNight FUCasual FUSerious FUCommitted
      FUExtentPhys FUExtentCareer FUExtentAmbitious
      FUExtentHot FUExtentFun FUExtentRespons
      FUExtentFriendly DemAge DemEthn FUPhysContact
      FUInitiatePhys FUEnjoyContact FUContactBad
      IRpatt IRepro IRpers IRrdes IRchem FUpasn FUpatt FUepro
      FUpers FUStatus sex_M1_F2;

      CLUSTER =Part_num;
      WITHIN = IRpatt IRrdes;

  USEVARIABLES ARE Part_num IRpatt IRrdes;

  USEOBS Follow_clean EQ 1 AND sex_M1_F2 EQ .5;

  CLUSTER = Part_num;
  MISSING ARE ALL (-999);

   ANALYSIS:
  TYPE=TWOLEVEL;
  ESTIMATOR = MLR;

  MODEL:
  %WITHIN%
  IRrdes ON IRpatt;

  OUTPUT: SAMPSTAT STDYX;





*** WARNING
  Data set contains cases with missing on all variables.
  These cases were not included in the analysis.
  Number of cases with missing on all variables:  17
*** WARNING
  Data set contains cases with missing on x-variables.
  These cases were not included in the analysis.
  Number of cases with missing on x-variables:  34
   2 WARNING(S) FOUND IN THE INPUT INSTRUCTIONS



Physical Attractiveness predicting romantic desire (Female Only)

SUMMARY OF ANALYSIS

Number of groups                                                 1
Number of observations                                        1345

Number of dependent variables                                    1
Number of independent variables                                  1
Number of continuous latent variables                            0

Observed dependent variables

  Continuous
   IRRDES

Observed independent variables
   IRPATT

Variables with special functions

  Cluster variable      PART_NUM

  Within variables
   IRPATT      IRRDES


Estimator                                                      MLR
Information matrix                                        OBSERVED
Maximum number of iterations                                   100
Convergence criterion                                    0.100D-05
Maximum number of EM iterations                                500
Convergence criteria for the EM algorithm
  Loglikelihood change                                   0.100D-02
  Relative loglikelihood change                          0.100D-05
  Derivative                                             0.100D-03
Minimum variance                                         0.100D-03
Maximum number of steepest descent iterations                   20
Maximum number of iterations for H1                           2000
Convergence criterion for H1                             0.100D-03
Optimization algorithm                                         EMA

Input data file(s)
  speed.dating.mplus.10.dat
Input data format  FREE


SUMMARY OF DATA

     Number of missing data patterns             1
     Number of clusters                        152

     Average cluster size        8.849

     Estimated Intraclass Correlations for the Y Variables

                Intraclass
     Variable  Correlation

     IRRDES       0.000



COVARIANCE COVERAGE OF DATA

Minimum covariance coverage value   0.100


     PROPORTION OF DATA PRESENT


           Covariance Coverage
              IRRDES        IRPATT
              ________      ________
 IRRDES         1.000
 IRPATT         1.000         1.000


SAMPLE STATISTICS

NOTE:  The sample statistics for within and between refer to the
       maximum-likelihood estimated within and between covariance
       matrices, respectively.


     ESTIMATED SAMPLE STATISTICS FOR WITHIN


           Means
              IRRDES        IRPATT
              ________      ________
 1              4.587         4.103


           Covariances
              IRRDES        IRPATT
              ________      ________
 IRRDES         3.624
 IRPATT         3.068         4.934


           Correlations
              IRRDES        IRPATT
              ________      ________
 IRRDES         1.000
 IRPATT         0.725         1.000


     ESTIMATED SAMPLE STATISTICS FOR BETWEEN


           Means
              IRRDES        IRPATT
              ________      ________
 1              0.000         0.000


           Covariances
              IRRDES        IRPATT
              ________      ________
 IRRDES         0.000
 IRPATT         0.000         0.000


           Correlations
              IRRDES        IRPATT
              ________      ________
 IRRDES         0.000
 IRPATT         0.000         0.000


     MAXIMUM LOG-LIKELIHOOD VALUE FOR THE UNRESTRICTED (H1) MODEL IS -2271.805


THE MODEL ESTIMATION TERMINATED NORMALLY



MODEL FIT INFORMATION

Number of Free Parameters                        3

Loglikelihood

          H0 Value                       -2271.805
          H0 Scaling Correction Factor      3.7253
            for MLR
          H1 Value                       -2271.805
          H1 Scaling Correction Factor      3.7253
            for MLR

Information Criteria

          Akaike (AIC)                    4549.611
          Bayesian (BIC)                  4565.223
          Sample-Size Adjusted BIC        4555.693
            (n* = (n + 2) / 24)

Chi-Square Test of Model Fit

          Value                              0.000*
          Degrees of Freedom                     0
          P-Value                           1.0000
          Scaling Correction Factor         1.0000
            for MLR

*   The chi-square value for MLM, MLMV, MLR, ULSMV, WLSM and WLSMV cannot be used
    for chi-square difference testing in the regular way.  MLM, MLR and WLSM
    chi-square difference testing is described on the Mplus website.  MLMV, WLSMV,
    and ULSMV difference testing is done using the DIFFTEST option.

RMSEA (Root Mean Square Error Of Approximation)

          Estimate                           0.000

CFI/TLI

          CFI                                1.000
          TLI                                1.000

Chi-Square Test of Model Fit for the Baseline Model

          Value                            166.323
          Degrees of Freedom                     1
          P-Value                           0.0000

SRMR (Standardized Root Mean Square Residual)

          Value for Within                   0.000
          Value for Between                  0.000



MODEL RESULTS

                                                    Two-Tailed
                    Estimate       S.E.  Est./S.E.    P-Value

Within Level

 IRRDES     ON
    IRPATT             0.622      0.026     23.627      0.000

 Intercepts
    IRRDES             2.036      0.157     12.930      0.000

 Residual Variances
    IRRDES             1.716      0.138     12.479      0.000

Between Level


STANDARDIZED MODEL RESULTS


STDYX Standardization

                                                    Two-Tailed
                    Estimate       S.E.  Est./S.E.    P-Value

Within Level

 IRRDES     ON
    IRPATT             0.725      0.026     27.451      0.000

 Intercepts
    IRRDES             1.069      0.094     11.328      0.000

 Residual Variances
    IRRDES             0.474      0.038     12.351      0.000

Between Level


R-SQUARE

Within Level

    Observed                                        Two-Tailed
    Variable        Estimate       S.E.  Est./S.E.    P-Value

    IRRDES             0.526      0.038     13.726      0.000

Between Level


QUALITY OF NUMERICAL RESULTS

     Condition Number for the Information Matrix              0.603E-02
       (ratio of smallest to largest eigenvalue)


     Beginning Time:  14:57:59
        Ending Time:  14:58:00
       Elapsed Time:  00:00:01



MUTHEN & MUTHEN
3463 Stoner Ave.
Los Angeles, CA  90066

Tel: (310) 391-9971
Fax: (310) 391-8971
Web: www.StatModel.com
Support: Support@StatModel.com

Copyright (c) 1998-2013 Muthen & Muthen
