Mplus VERSION 7.11
MUTHEN & MUTHEN
07/25/2014   2:58 PM

INPUT INSTRUCTIONS

   TITLE: Physical Attractiveness predicting 'yessing' (Female Only)

    DATA:
    FILE IS
  speed.dating.mplus.10.dat;

    VARIABLE: NAMES ARE Part_num MatchID_clean Follow_clean
    IRLikedPartner IRSayYes IRSexAttract
      IRThinkCareer IRThinkAmbitious IRThinkPhys
      IRThinkHot IRThinkFun IRThinkResponsive
      IRThinkDependable IRThinkFriendly IRCommon
      IRPersonality IRConnection yessing mutmatch PMexcited
      PMSelfinit PMMatchinit FUEager FUInitiate FUEnjoy
      FUSexDesire FUSoulMate FURomInterest FUOnlyWith
      FUMind FUOneNight FUCasual FUSerious FUCommitted
      FUExtentPhys FUExtentCareer FUExtentAmbitious
      FUExtentHot FUExtentFun FUExtentRespons
      FUExtentFriendly DemAge DemEthn FUPhysContact
      FUInitiatePhys FUEnjoyContact FUContactBad
      IRpatt IRepro IRpers IRrdes IRchem FUpasn FUpatt FUepro
      FUpers FUStatus sex_M1_F2;

      CLUSTER =Part_num;
      WITHIN = IRpatt;

  USEVARIABLES ARE Part_num IRpatt yessing;

  CATEGORICAL IS yessing;

  USEOBS Follow_clean EQ 1 AND sex_M1_F2 EQ .5;

  MISSING ARE ALL (-999);

   ANALYSIS:
  TYPE=TWOLEVEL;
  ESTIMATOR = MLR;

  MODEL:
  %WITHIN%
  yessing ON IRpatt;

  OUTPUT: SAMPSTAT STDYX;





*** WARNING
  Data set contains cases with missing on all variables.
  These cases were not included in the analysis.
  Number of cases with missing on all variables:  1
*** WARNING
  Data set contains cases with missing on x-variables.
  These cases were not included in the analysis.
  Number of cases with missing on x-variables:  50
*** WARNING
  Data set contains cases with missing on all variables except
  x-variables.  These cases were not included in the analysis.
  Number of cases with missing on all variables except x-variables:  88
   3 WARNING(S) FOUND IN THE INPUT INSTRUCTIONS



Physical Attractiveness predicting 'yessing' (Female Only)

SUMMARY OF ANALYSIS

Number of groups                                                 1
Number of observations                                        1257

Number of dependent variables                                    1
Number of independent variables                                  1
Number of continuous latent variables                            0

Observed dependent variables

  Binary and ordered categorical (ordinal)
   YESSING

Observed independent variables
   IRPATT

Variables with special functions

  Cluster variable      PART_NUM

  Within variables
   IRPATT


Estimator                                                      MLR
Information matrix                                        OBSERVED
Optimization Specifications for the Quasi-Newton Algorithm for
Continuous Outcomes
  Maximum number of iterations                                 100
  Convergence criterion                                  0.100D-05
Optimization Specifications for the EM Algorithm
  Maximum number of iterations                                 500
  Convergence criteria
    Loglikelihood change                                 0.100D-02
    Relative loglikelihood change                        0.100D-05
    Derivative                                           0.100D-02
Optimization Specifications for the M step of the EM Algorithm for
Categorical Latent variables
  Number of M step iterations                                    1
  M step convergence criterion                           0.100D-02
  Basis for M step termination                           ITERATION
Optimization Specifications for the M step of the EM Algorithm for
Censored, Binary or Ordered Categorical (Ordinal), Unordered
Categorical (Nominal) and Count Outcomes
  Number of M step iterations                                    1
  M step convergence criterion                           0.100D-02
  Basis for M step termination                           ITERATION
  Maximum value for logit thresholds                            15
  Minimum value for logit thresholds                           -15
  Minimum expected cell size for chi-square              0.100D-01
Maximum number of iterations for H1                           2000
Convergence criterion for H1                             0.100D-03
Optimization algorithm                                         EMA
Integration Specifications
  Type                                                    STANDARD
  Number of integration points                                  15
  Dimensions of numerical integration                            1
  Adaptive quadrature                                           ON
Link                                                         LOGIT
Cholesky                                                        ON

Input data file(s)
  speed.dating.mplus.10.dat
Input data format  FREE


SUMMARY OF DATA

     Number of missing data patterns             1
     Number of clusters                        142



COVARIANCE COVERAGE OF DATA

Minimum covariance coverage value   0.100


UNIVARIATE PROPORTIONS AND COUNTS FOR CATEGORICAL VARIABLES

    YESSING
      Category 1    0.775      974.000
      Category 2    0.225      283.000


SAMPLE STATISTICS


     SAMPLE STATISTICS


           Means
              IRPATT
              ________
 1              4.051


           Covariances
              IRPATT
              ________
 IRPATT         5.009


           Correlations
              IRPATT
              ________
 IRPATT         1.000


THE MODEL ESTIMATION TERMINATED NORMALLY



MODEL FIT INFORMATION

Number of Free Parameters                        3

Loglikelihood

          H0 Value                        -524.613
          H0 Scaling Correction Factor      1.2419
            for MLR

Information Criteria

          Akaike (AIC)                    1055.227
          Bayesian (BIC)                  1070.636
          Sample-Size Adjusted BIC        1061.107
            (n* = (n + 2) / 24)



MODEL RESULTS

                                                    Two-Tailed
                    Estimate       S.E.  Est./S.E.    P-Value

Within Level

 YESSING    ON
    IRPATT             0.670      0.072      9.363      0.000

Between Level

 Thresholds
    YESSING$1          4.695      0.443     10.606      0.000

 Variances
    YESSING            1.846      0.504      3.660      0.000


LOGISTIC REGRESSION ODDS RATIO RESULTS

Within Level

 YESSING    ON
    IRPATT             1.955


STANDARDIZED MODEL RESULTS


STDYX Standardization

                                                    Two-Tailed
                    Estimate       S.E.  Est./S.E.    P-Value

Within Level

 YESSING    ON
    IRPATT             0.637      0.041     15.494      0.000

Between Level

 Thresholds
    YESSING$1          3.455      0.391      8.844      0.000

 Variances
    YESSING            1.000      0.000    999.000    999.000


R-SQUARE

Within Level

    Observed                                        Two-Tailed
    Variable        Estimate       S.E.  Est./S.E.    P-Value

    YESSING            0.406      0.052      7.747      0.000

Between Level


QUALITY OF NUMERICAL RESULTS

     Condition Number for the Information Matrix              0.491E-02
       (ratio of smallest to largest eigenvalue)


     Beginning Time:  14:58:00
        Ending Time:  14:58:01
       Elapsed Time:  00:00:01



MUTHEN & MUTHEN
3463 Stoner Ave.
Los Angeles, CA  90066

Tel: (310) 391-9971
Fax: (310) 391-8971
Web: www.StatModel.com
Support: Support@StatModel.com

Copyright (c) 1998-2013 Muthen & Muthen
