Mplus VERSION 7.11
MUTHEN & MUTHEN
07/25/2014   2:53 PM

INPUT INSTRUCTIONS

   TITLE: Earning Prospects predicting FU Date Initiation w. Interaction

    DATA:
    FILE IS
  speed.dating.mplus.10.dat;

    VARIABLE: NAMES ARE Part_num MatchID_clean Follow_clean
    IRLikedPartner IRSayYes IRSexAttract
      IRThinkCareer IRThinkAmbitious IRThinkPhys
      IRThinkHot IRThinkFun IRThinkResponsive
      IRThinkDependable IRThinkFriendly IRCommon
      IRPersonality IRConnection yessing mutmatch PMexcited
      PMSelfinit PMMatchinit FUEager FUInitiate FUEnjoy
      FUSexDesire FUSoulMate FURomInterest FUOnlyWith
      FUMind FUOneNight FUCasual FUSerious FUCommitted
      FUExtentPhys FUExtentCareer FUExtentAmbitious
      FUExtentHot FUExtentFun FUExtentRespons
      FUExtentFriendly DemAge DemEthn FUPhysContact
      FUInitiatePhys FUEnjoyContact FUContactBad
      IRpatt IRepro IRpers IRrdes IRchem FUpasn FUpatt FUepro
      FUpers FUStatus sex_M1_F2;

      CLUSTER =Part_num MatchID_clean;
      WITHIN = FUepro sexint;
      BETWEEN = (Part_num) sex_M1_F2;

  USEVARIABLES ARE Part_num MatchID_clean FUepro FUInitiate sex_M1_F2 sexint;

  !When FUStatus = 0, all FU variables = 0. Removed to avoid bias. Presumed data-entry error
  USEOBS FUStatus NE 0;

  MISSING ARE ALL (-999);

  DEFINE:

  sexint = sex_M1_F2 * FUepro;

   ANALYSIS:
  TYPE=THREELEVEL;
  ESTIMATOR = MLR;

  MODEL:
  %WITHIN%
  FUInitiate ON FUepro sexint;

  %BETWEEN Part_num%
  FUInitiate ON sex_M1_F2;


  OUTPUT: SAMPSTAT STDYX;





*** WARNING in VARIABLE command
  Note that only the first 8 characters of variable names are used in the output.
  Shorten variable names to avoid any confusion.
*** WARNING
  Clusters for MATCHID_CLEAN with the same IDs have been found in different clusters
  for PART_NUM.  These clusters are assumed to be different because clusters for
  MATCHID_CLEAN are not allowed to appear in more than one cluster for PART_NUM.
*** WARNING
  Data set contains cases with missing on x-variables.
  These cases were not included in the analysis.
  Number of cases with missing on x-variables:  27027
*** WARNING
  Data set contains cases with missing on all variables except
  x-variables.  These cases were not included in the analysis.
  Number of cases with missing on all variables except x-variables:  898
   4 WARNING(S) FOUND IN THE INPUT INSTRUCTIONS



Earning Prospects predicting FU Date Initiation w. Interaction

SUMMARY OF ANALYSIS

Number of groups                                                 1
Number of observations                                         235

Number of dependent variables                                    1
Number of independent variables                                  3
Number of continuous latent variables                            0

Observed dependent variables

  Continuous
   FUINITIATE

Observed independent variables
   FUEPRO      SEX_M1_F    SEXINT

Variables with special functions

  Cluster variables     PART_NUM  MATCHID_

  Within variables
   FUEPRO      SEXINT

  Level 3 between variables
   SEX_M1_F


Estimator                                                      MLR
Information matrix                                        OBSERVED
Maximum number of iterations                                   100
Convergence criterion                                    0.100D-05
Maximum number of EM iterations                                500
Convergence criteria for the EM algorithm
  Loglikelihood change                                   0.100D-02
  Relative loglikelihood change                          0.100D-05
  Derivative                                             0.100D-03
Minimum variance                                         0.100D-03
Maximum number of steepest descent iterations                   20
Maximum number of iterations for H1                           2000
Convergence criterion for H1                             0.100D-02
Optimization algorithm                                         EMA

Input data file(s)
  speed.dating.mplus.10.dat
Input data format  FREE


SUMMARY OF DATA

     Number of missing data patterns             1
     Number of MATCHID_CLEAN clusters      75
     Number of PART_NUM clusters           56

     Average cluster size for MATCHID_CLEAN level        3.133

     Estimated Intraclass Correlations for the Y Variables for MATCHID_CLEAN level

                Intraclass
     Variable  Correlation

     FUINITIA     0.097

     Average cluster size for PART_NUM level        4.196

     Estimated Intraclass Correlations for the Y Variables for PART_NUM level

                Intraclass
     Variable  Correlation

     FUINITIA     0.303


COVARIANCE COVERAGE OF DATA

Minimum covariance coverage value   0.100


     PROPORTION OF DATA PRESENT


           Covariance Coverage
              FUINITIA      FUEPRO        SEX_M1_F      SEXINT
              ________      ________      ________      ________
 FUINITIA       1.000
 FUEPRO         1.000         1.000
 SEX_M1_F       1.000         1.000         1.000
 SEXINT         1.000         1.000         1.000         1.000


SAMPLE STATISTICS

NOTE:  The sample statistics for within and between refer to the
       maximum-likelihood estimated within and between covariance
       matrices, respectively.


     ESTIMATED SAMPLE STATISTICS FOR WITHIN


           Means
              FUINITIA      FUEPRO        SEX_M1_F      SEXINT
              ________      ________      ________      ________
 1              0.000         6.787         0.000         0.274


           Covariances
              FUINITIA      FUEPRO        SEX_M1_F      SEXINT
              ________      ________      ________      ________
 FUINITIA       4.588
 FUEPRO         0.129         3.274
 SEX_M1_F       0.000         0.000         0.000
 SEXINT        -6.391         0.863         0.000        12.260


           Correlations
              FUINITIA      FUEPRO        SEX_M1_F      SEXINT
              ________      ________      ________      ________
 FUINITIA       1.000
 FUEPRO         0.033         1.000
 SEX_M1_F       0.000         0.000         0.000
 SEXINT        -0.852         0.136         0.000         1.000


     ESTIMATED SAMPLE STATISTICS FOR BETWEEN MATCHID_CLEAN


           Means
              FUINITIA      FUEPRO        SEX_M1_F      SEXINT
              ________      ________      ________      ________
 1              0.000         0.000         0.000         0.000


           Covariances
              FUINITIA      FUEPRO        SEX_M1_F      SEXINT
              ________      ________      ________      ________
 FUINITIA       0.739
 FUEPRO         0.000         0.000
 SEX_M1_F       0.000         0.000         0.000
 SEXINT         0.000         0.000         0.000         0.000


           Correlations
              FUINITIA      FUEPRO        SEX_M1_F      SEXINT
              ________      ________      ________      ________
 FUINITIA       1.000
 FUEPRO         0.000         0.000
 SEX_M1_F       0.000         0.000         0.000
 SEXINT         0.000         0.000         0.000         0.000


     ESTIMATED SAMPLE STATISTICS FOR BETWEEN PART_NUM


           Means
              FUINITIA      FUEPRO        SEX_M1_F      SEXINT
              ________      ________      ________      ________
 1              3.635         0.000         0.018         0.000


           Covariances
              FUINITIA      FUEPRO        SEX_M1_F      SEXINT
              ________      ________      ________      ________
 FUINITIA       2.312
 FUEPRO         0.000         0.000
 SEX_M1_F       0.448         0.000         0.250
 SEXINT         0.000         0.000         0.000         0.000


           Correlations
              FUINITIA      FUEPRO        SEX_M1_F      SEXINT
              ________      ________      ________      ________
 FUINITIA       1.000
 FUEPRO         0.000         0.000
 SEX_M1_F       0.590         0.000         1.000
 SEXINT         0.000         0.000         0.000         0.000


     MAXIMUM LOG-LIKELIHOOD VALUE FOR THE UNRESTRICTED (H1) MODEL IS -414.459


THE MODEL ESTIMATION TERMINATED NORMALLY



MODEL FIT INFORMATION

Number of Free Parameters                        7

Loglikelihood

          H0 Value                        -414.459
          H0 Scaling Correction Factor      1.7568
            for MLR
          H1 Value                        -414.459
          H1 Scaling Correction Factor      1.7568
            for MLR

Information Criteria

          Akaike (AIC)                     842.919
          Bayesian (BIC)                   867.136
          Sample-Size Adjusted BIC         844.949
            (n* = (n + 2) / 24)

Chi-Square Test of Model Fit

          Value                              0.000*
          Degrees of Freedom                     0
          P-Value                           1.0000
          Scaling Correction Factor         1.0000
            for MLR

*   The chi-square value for MLM, MLMV, MLR, ULSMV, WLSM and WLSMV cannot be used
    for chi-square difference testing in the regular way.  MLM, MLR and WLSM
    chi-square difference testing is described on the Mplus website.  MLMV, WLSMV,
    and ULSMV difference testing is done using the DIFFTEST option.

RMSEA (Root Mean Square Error Of Approximation)

          Estimate                           0.000

CFI/TLI

          CFI                                1.000
          TLI                                1.000

Chi-Square Test of Model Fit for the Baseline Model

          Value                             14.022
          Degrees of Freedom                     3
          P-Value                           0.0029

SRMR (Standardized Root Mean Square Residual)

          Value for Within                   0.000
          Value for Between Level 2          0.000
          Value for Between Level 3          0.000



MODEL RESULTS

                                                    Two-Tailed
                    Estimate       S.E.  Est./S.E.    P-Value

Within Level

 FUINITIATE ON
    FUEPRO             0.180      0.098      1.840      0.066
    SEXINT            -0.534      0.193     -2.768      0.006

 Residual Variances
    FUINITIATE         1.152      0.245      4.704      0.000

Between MATCHID_CLEAN Level

 Variances
    FUINITIATE         0.739      0.543      1.359      0.174

Between PART_NUM Level

 FUINITIATE ON
    SEX_M1_F2          1.795      1.419      1.265      0.206

 Intercepts
    FUINITIATE         2.526      0.723      3.496      0.000

 Residual Variances
    FUINITIATE         1.507      0.701      2.152      0.031


STANDARDIZED MODEL RESULTS


STDYX Standardization

                                                    Two-Tailed
                    Estimate       S.E.  Est./S.E.    P-Value

Within Level

 FUINITIATE ON
    FUEPRO             0.152      0.108      1.408      0.159
    SEXINT            -0.873      0.091     -9.609      0.000

 Residual Variances
    FUINITIATE         0.251      0.149      1.683      0.092

Between MATCHID_CLEAN Level

 Variances
    FUINITIATE         1.000      0.000    999.000    999.000

Between PART_NUM Level

 FUINITIATE ON
    SEX_M1_F2          0.590      0.296      1.992      0.046

 Means
    FUINITIATE         1.661      0.550      3.020      0.003

 Variances
    FUINITIATE         0.652      0.349      1.866      0.062


R-SQUARE

Within Level

    Observed                                        Two-Tailed
    Variable        Estimate       S.E.  Est./S.E.    P-Value

    FUINITIA           0.749      0.149      5.018      0.000

Between MATCHID_CLEAN Level

Between PART_NUM Level

    Observed                                        Two-Tailed
    Variable        Estimate       S.E.  Est./S.E.    P-Value

    FUINITIA           0.348      0.349      0.996      0.319


QUALITY OF NUMERICAL RESULTS

     Condition Number for the Information Matrix              0.662E-03
       (ratio of smallest to largest eigenvalue)


     Beginning Time:  14:53:20
        Ending Time:  14:53:21
       Elapsed Time:  00:00:01



MUTHEN & MUTHEN
3463 Stoner Ave.
Los Angeles, CA  90066

Tel: (310) 391-9971
Fax: (310) 391-8971
Web: www.StatModel.com
Support: Support@StatModel.com

Copyright (c) 1998-2013 Muthen & Muthen
