Mplus VERSION 7.11
MUTHEN & MUTHEN
07/25/2014   2:53 PM

INPUT INSTRUCTIONS

   TITLE: Earning Prospects predicting FU Eager to get to know w. Interaction

    DATA:
    FILE IS
  speed.dating.mplus.10.dat;

    VARIABLE: NAMES ARE Part_num MatchID_clean Follow_clean
    IRLikedPartner IRSayYes IRSexAttract
      IRThinkCareer IRThinkAmbitious IRThinkPhys
      IRThinkHot IRThinkFun IRThinkResponsive
      IRThinkDependable IRThinkFriendly IRCommon
      IRPersonality IRConnection yessing mutmatch PMexcited
      PMSelfinit PMMatchinit FUEager FUInitiate FUEnjoy
      FUSexDesire FUSoulMate FURomInterest FUOnlyWith
      FUMind FUOneNight FUCasual FUSerious FUCommitted
      FUExtentPhys FUExtentCareer FUExtentAmbitious
      FUExtentHot FUExtentFun FUExtentRespons
      FUExtentFriendly DemAge DemEthn FUPhysContact
      FUInitiatePhys FUEnjoyContact FUContactBad
      IRpatt IRepro IRpers IRrdes IRchem FUpasn FUpatt FUepro
      FUpers FUStatus sex_M1_F2;

      CLUSTER =Part_num MatchID_clean;
      WITHIN = FUepro sexint;
      BETWEEN = (Part_num) sex_M1_F2;

  USEVARIABLES ARE Part_num MatchID_clean FUepro FUEager sex_M1_F2 sexint;

  CATEGORICAL IS FUEager;

  !When FUStatus = 0, all FU variables = 0. Removed to avoid bias. Presumed data-entry error
  USEOBS FUStatus NE 0;

  MISSING ARE ALL (-999);

  DEFINE:

  sexint = sex_M1_F2 * FUepro;

   ANALYSIS:
  TYPE=THREELEVEL;
  ESTIMATOR = MLR;

  MODEL:
  %WITHIN%
  FUEager ON FUepro sexint;

  %BETWEEN Part_num%
  FUEager ON sex_M1_F2;


  OUTPUT: SAMPSTAT STDYX;





*** WARNING
  Input line exceeded 90 characters. Some input may be truncated.
  !When FUStatus = 0, all FU variables = 0. Removed to avoid bias. Presumed data-entry error.
*** WARNING in ANALYSIS command
  Estimator MLR is not available for TYPE=THREEEVEL with categorical variables.
  This analysis is available only with ESTIMATOR=BAYES.
  Default estimator will be used.
*** WARNING in VARIABLE command
  Note that only the first 8 characters of variable names are used in the output.
  Shorten variable names to avoid any confusion.
*** WARNING
  Clusters for MATCHID_CLEAN with the same IDs have been found in different clusters
  for PART_NUM.  These clusters are assumed to be different because clusters for
  MATCHID_CLEAN are not allowed to appear in more than one cluster for PART_NUM.
*** WARNING in OUTPUT command
  SAMPSTAT option is not available for ESTIMATOR=BAYES.  Use TYPE=BASIC.
  Request for SAMPSTAT is ignored.
*** WARNING
  Data set contains cases with missing on x-variables.
  These cases were not included in the analysis.
  Number of cases with missing on x-variables:  27027
*** WARNING
  Data set contains cases with missing on all variables except
  x-variables.  These cases were not included in the analysis.
  Number of cases with missing on all variables except x-variables:  5
   7 WARNING(S) FOUND IN THE INPUT INSTRUCTIONS



Earning Prospects predicting FU Eager to get to know w. Interaction

SUMMARY OF ANALYSIS

Number of groups                                                 1
Number of observations                                        1128

Number of dependent variables                                    1
Number of independent variables                                  3
Number of continuous latent variables                            0

Observed dependent variables

  Binary and ordered categorical (ordinal)
   FUEAGER

Observed independent variables
   FUEPRO      SEX_M1_F    SEXINT

Variables with special functions

  Cluster variables     PART_NUM  MATCHID_

  Within variables
   FUEPRO      SEXINT

  Level 3 between variables
   SEX_M1_F


Estimator                                                    BAYES
Specifications for Bayesian Estimation
  Point estimate                                            MEDIAN
  Number of Markov chain Monte Carlo (MCMC) chains               2
  Random seed for the first chain                                0
  Starting value information                           UNPERTURBED
  Treatment of categorical mediator                         LATENT
  Algorithm used for Markov chain Monte Carlo           GIBBS(PX1)
  Convergence criterion                                  0.500D-01
  Maximum number of iterations                               50000
  K-th iteration used for thinning                               1

Input data file(s)
  speed.dating.mplus.10.dat
Input data format  FREE


SUMMARY OF DATA

     Number of MATCHID_CLEAN clusters     242
     Number of PART_NUM clusters          141


COVARIANCE COVERAGE OF DATA

Minimum covariance coverage value   0.100

     Number of missing data patterns             1


     PROPORTION OF DATA PRESENT


           Covariance Coverage
              FUEAGER       FUEPRO        SEX_M1_F      SEXINT
              ________      ________      ________      ________
 FUEAGER        1.000
 FUEPRO         1.000         1.000
 SEX_M1_F       1.000         1.000         1.000
 SEXINT         1.000         1.000         1.000         1.000


UNIVARIATE PROPORTIONS AND COUNTS FOR CATEGORICAL VARIABLES

    FUEAGER
      Category 1    0.573      646.000
      Category 2    0.427      482.000



THE MODEL ESTIMATION TERMINATED NORMALLY

     USE THE FBITERATIONS OPTION TO INCREASE THE NUMBER OF ITERATIONS BY A FACTOR
     OF AT LEAST TWO TO CHECK CONVERGENCE AND THAT THE PSR VALUE DOES NOT INCREASE.



Number of Free Parameters                               6



MODEL RESULTS

                                Posterior  One-Tailed         95% C.I.
                    Estimate       S.D.      P-Value   Lower 2.5%  Upper 2.5%  Significance

Within Level

 FUEAGER    ON
    FUEPRO             0.351       0.036      0.000       0.304       0.445      *
    SEXINT            -0.157       0.055      0.000      -0.242      -0.054      *

Between MATCHID_CLEAN Level

 Variances
    FUEAGER            1.074       0.385      0.000       0.607       2.057      *

Between PART_NUM Level

 FUEAGER    ON
    SEX_M1_F2          0.506       0.439      0.144      -0.339       1.333

 Thresholds
    FUEAGER$1          2.504       0.260      0.000       2.134       3.130      *

 Residual Variances
    FUEAGER            2.115       0.552      0.000       1.174       3.316      *


STANDARDIZED MODEL RESULTS


STDYX Standardization

                                Posterior  One-Tailed         95% C.I.
                    Estimate       S.D.      P-Value   Lower 2.5%  Upper 2.5%  Significance
Within Level

 FUEAGER    ON
    FUEPRO             0.463       0.049      0.000       0.401       0.580      *
    SEXINT            -0.398       0.124      0.000      -0.561      -0.148      *

Between MATCHID_CLEAN Level

 Variances
    FUEAGER            1.000       0.000      0.000       1.000       1.000

Between PART_NUM Level

 FUEAGER    ON
    SEX_M1_F2          0.000       0.000      0.144       0.000       0.000

 Variances
    FUEAGER            1.000       0.000      0.000       1.000       1.000


R-SQUARE

Within Level

                                Posterior  One-Tailed         95% C.I.
    Variable        Estimate       S.D.      P-Value   Lower 2.5%  Upper 2.5%

    FUEAGER            0.375       0.060      0.000       0.244       0.463

Between MATCHID_CLEAN Level

Between PART_NUM Level

                                Posterior  One-Tailed         95% C.I.
    Variable        Estimate       S.D.      P-Value   Lower 2.5%  Upper 2.5%

    FUEAGER            0.000       0.000      0.224       0.000       0.000


     Beginning Time:  14:53:22
        Ending Time:  14:53:29
       Elapsed Time:  00:00:07



MUTHEN & MUTHEN
3463 Stoner Ave.
Los Angeles, CA  90066

Tel: (310) 391-9971
Fax: (310) 391-8971
Web: www.StatModel.com
Support: Support@StatModel.com

Copyright (c) 1998-2013 Muthen & Muthen
