Mplus VERSION 7.11
MUTHEN & MUTHEN
07/25/2014   2:53 PM

INPUT INSTRUCTIONS

   TITLE: Earning Prospects predicting FU Passion w. Interaction

    DATA:
    FILE IS
  speed.dating.mplus.10.dat;

    VARIABLE: NAMES ARE Part_num MatchID_clean Follow_clean
    IRLikedPartner IRSayYes IRSexAttract
      IRThinkCareer IRThinkAmbitious IRThinkPhys
      IRThinkHot IRThinkFun IRThinkResponsive
      IRThinkDependable IRThinkFriendly IRCommon
      IRPersonality IRConnection yessing mutmatch PMexcited
      PMSelfinit PMMatchinit FUEager FUInitiate FUEnjoy
      FUSexDesire FUSoulMate FURomInterest FUOnlyWith
      FUMind FUOneNight FUCasual FUSerious FUCommitted
      FUExtentPhys FUExtentCareer FUExtentAmbitious
      FUExtentHot FUExtentFun FUExtentRespons
      FUExtentFriendly DemAge DemEthn FUPhysContact
      FUInitiatePhys FUEnjoyContact FUContactBad
      IRpatt IRepro IRpers IRrdes IRchem FUpasn FUpatt FUepro
      FUpers FUStatus sex_M1_F2;

      CLUSTER =Part_num MatchID_clean;
      WITHIN = FUepro sexint;
      BETWEEN = (Part_num) sex_M1_F2;

  USEVARIABLES ARE Part_num MatchID_clean FUepro FUpasn sex_M1_F2 sexint;

  !When FUStatus = 0, all FU variables = 0. Removed to avoid bias. Presumed data-entry error
  USEOBS FUStatus NE 0;

  MISSING ARE ALL (-999);

  DEFINE:

  sexint = sex_M1_F2 * FUepro;

   ANALYSIS:
  TYPE=THREELEVEL;
  ESTIMATOR = MLR;

  MODEL:
  %WITHIN%
  FUpasn ON FUepro sexint;

  %BETWEEN Part_num%
  FUpasn ON sex_M1_F2;


  OUTPUT: SAMPSTAT STDYX;





*** WARNING in VARIABLE command
  Note that only the first 8 characters of variable names are used in the output.
  Shorten variable names to avoid any confusion.
*** WARNING
  Clusters for MATCHID_CLEAN with the same IDs have been found in different clusters
  for PART_NUM.  These clusters are assumed to be different because clusters for
  MATCHID_CLEAN are not allowed to appear in more than one cluster for PART_NUM.
*** WARNING
  Data set contains cases with missing on x-variables.
  These cases were not included in the analysis.
  Number of cases with missing on x-variables:  27027
*** WARNING
  Data set contains cases with missing on all variables except
  x-variables.  These cases were not included in the analysis.
  Number of cases with missing on all variables except x-variables:  968
   4 WARNING(S) FOUND IN THE INPUT INSTRUCTIONS



Earning Prospects predicting FU Passion w. Interaction

SUMMARY OF ANALYSIS

Number of groups                                                 1
Number of observations                                         165

Number of dependent variables                                    1
Number of independent variables                                  3
Number of continuous latent variables                            0

Observed dependent variables

  Continuous
   FUPASN

Observed independent variables
   FUEPRO      SEX_M1_F    SEXINT

Variables with special functions

  Cluster variables     PART_NUM  MATCHID_

  Within variables
   FUEPRO      SEXINT

  Level 3 between variables
   SEX_M1_F


Estimator                                                      MLR
Information matrix                                        OBSERVED
Maximum number of iterations                                   100
Convergence criterion                                    0.100D-05
Maximum number of EM iterations                                500
Convergence criteria for the EM algorithm
  Loglikelihood change                                   0.100D-02
  Relative loglikelihood change                          0.100D-05
  Derivative                                             0.100D-03
Minimum variance                                         0.100D-03
Maximum number of steepest descent iterations                   20
Maximum number of iterations for H1                           2000
Convergence criterion for H1                             0.100D-02
Optimization algorithm                                         EMA

Input data file(s)
  speed.dating.mplus.10.dat
Input data format  FREE


SUMMARY OF DATA

     Number of missing data patterns             1
     Number of MATCHID_CLEAN clusters      47
     Number of PART_NUM clusters           40

     Average cluster size for MATCHID_CLEAN level        3.511

     Estimated Intraclass Correlations for the Y Variables for MATCHID_CLEAN level

                Intraclass
     Variable  Correlation

     FUPASN       0.005

     Average cluster size for PART_NUM level        4.125

     Estimated Intraclass Correlations for the Y Variables for PART_NUM level

                Intraclass
     Variable  Correlation

     FUPASN       0.452


COVARIANCE COVERAGE OF DATA

Minimum covariance coverage value   0.100


     PROPORTION OF DATA PRESENT


           Covariance Coverage
              FUPASN        FUEPRO        SEX_M1_F      SEXINT
              ________      ________      ________      ________
 FUPASN         1.000
 FUEPRO         1.000         1.000
 SEX_M1_F       1.000         1.000         1.000
 SEXINT         1.000         1.000         1.000         1.000


SAMPLE STATISTICS

NOTE:  The sample statistics for within and between refer to the
       maximum-likelihood estimated within and between covariance
       matrices, respectively.


     ESTIMATED SAMPLE STATISTICS FOR WITHIN


           Means
              FUPASN        FUEPRO        SEX_M1_F      SEXINT
              ________      ________      ________      ________
 1              0.000         7.036         0.000        -0.088


           Covariances
              FUPASN        FUEPRO        SEX_M1_F      SEXINT
              ________      ________      ________      ________
 FUPASN         1.393
 FUEPRO         0.287         2.738
 SEX_M1_F       0.000         0.000         0.000
 SEXINT         3.210         0.749         0.000        13.054


           Correlations
              FUPASN        FUEPRO        SEX_M1_F      SEXINT
              ________      ________      ________      ________
 FUPASN         1.000
 FUEPRO         0.147         1.000
 SEX_M1_F       0.000         0.000         0.000
 SEXINT         0.753         0.125         0.000         1.000


     ESTIMATED SAMPLE STATISTICS FOR BETWEEN MATCHID_CLEAN


           Means
              FUPASN        FUEPRO        SEX_M1_F      SEXINT
              ________      ________      ________      ________
 1              0.000         0.000         0.000         0.000


           Covariances
              FUPASN        FUEPRO        SEX_M1_F      SEXINT
              ________      ________      ________      ________
 FUPASN         0.014
 FUEPRO         0.000         0.000
 SEX_M1_F       0.000         0.000         0.000
 SEXINT         0.000         0.000         0.000         0.000


           Correlations
              FUPASN        FUEPRO        SEX_M1_F      SEXINT
              ________      ________      ________      ________
 FUPASN         1.000
 FUEPRO         0.000         0.000
 SEX_M1_F       0.000         0.000         0.000
 SEXINT         0.000         0.000         0.000         0.000


     ESTIMATED SAMPLE STATISTICS FOR BETWEEN PART_NUM


           Means
              FUPASN        FUEPRO        SEX_M1_F      SEXINT
              ________      ________      ________      ________
 1              3.976         0.000         0.075         0.000


           Covariances
              FUPASN        FUEPRO        SEX_M1_F      SEXINT
              ________      ________      ________      ________
 FUPASN         1.162
 FUEPRO         0.000         0.000
 SEX_M1_F      -0.284         0.000         0.244
 SEXINT         0.000         0.000         0.000         0.000


           Correlations
              FUPASN        FUEPRO        SEX_M1_F      SEXINT
              ________      ________      ________      ________
 FUPASN         1.000
 FUEPRO         0.000         0.000
 SEX_M1_F      -0.534         0.000         1.000
 SEXINT         0.000         0.000         0.000         0.000


     MAXIMUM LOG-LIKELIHOOD VALUE FOR THE UNRESTRICTED (H1) MODEL IS -226.782

     WARNING: THE MODEL ESTIMATION HAS REACHED A SADDLE POINT OR A POINT WHERE THE
     OBSERVED AND THE EXPECTED INFORMATION MATRICES DO NOT MATCH.
     AN ADJUSTMENT TO THE ESTIMATION OF THE INFORMATION MATRIX HAS BEEN MADE.
     THE CONDITION NUMBER IS      -0.598D-04.
     THE PROBLEM MAY ALSO BE RESOLVED BY DECREASING THE VALUE OF THE
     MCONVERGENCE OR LOGCRITERION OPTIONS OR BY CHANGING THE STARTING VALUES
     OR BY USING THE MLF ESTIMATOR.


THE MODEL ESTIMATION TERMINATED NORMALLY



MODEL FIT INFORMATION

Number of Free Parameters                        7

Loglikelihood

          H0 Value                        -226.698
          H0 Scaling Correction Factor      1.0665
            for MLR
          H1 Value                        -226.782
          H1 Scaling Correction Factor      1.0665
            for MLR

Information Criteria

          Akaike (AIC)                     467.395
          Bayesian (BIC)                   489.137
          Sample-Size Adjusted BIC         466.975
            (n* = (n + 2) / 24)

Chi-Square Test of Model Fit

          Value                              0.000*
          Degrees of Freedom                     0
          P-Value                           1.0000
          Scaling Correction Factor         1.0000
            for MLR

*   The chi-square value for MLM, MLMV, MLR, ULSMV, WLSM and WLSMV cannot be used
    for chi-square difference testing in the regular way.  MLM, MLR and WLSM
    chi-square difference testing is described on the Mplus website.  MLMV, WLSMV,
    and ULSMV difference testing is done using the DIFFTEST option.

RMSEA (Root Mean Square Error Of Approximation)

          Estimate                           0.000

CFI/TLI

          CFI                                1.000
          TLI                                1.000

Chi-Square Test of Model Fit for the Baseline Model

          Value                              7.483
          Degrees of Freedom                     3
          P-Value                           0.0580

SRMR (Standardized Root Mean Square Residual)

          Value for Within                   0.000
          Value for Between Level 2          0.000
          Value for Between Level 3          0.000



MODEL RESULTS

                                                    Two-Tailed
                    Estimate       S.E.  Est./S.E.    P-Value

Within Level

 FUPASN     ON
    FUEPRO             0.039      0.082      0.481      0.630
    SEXINT             0.244      0.159      1.533      0.125

 Residual Variances
    FUPASN             0.599      0.111      5.392      0.000

Between MATCHID_CLEAN Level

 Variances
    FUPASN             0.006      0.058      0.110      0.913

Between PART_NUM Level

 FUPASN     ON
    SEX_M1_F2         -1.164      1.069     -1.088      0.276

 Intercepts
    FUPASN             3.808      0.547      6.965      0.000

 Residual Variances
    FUPASN             0.837      0.205      4.088      0.000


STANDARDIZED MODEL RESULTS


STDYX Standardization

                                                    Two-Tailed
                    Estimate       S.E.  Est./S.E.    P-Value

Within Level

 FUPASN     ON
    FUEPRO             0.055      0.124      0.443      0.658
    SEXINT             0.746      0.225      3.315      0.001

 Residual Variances
    FUPASN             0.430      0.316      1.360      0.174

Between MATCHID_CLEAN Level

 Variances
    FUPASN             1.000      0.000    999.000    999.000

Between PART_NUM Level

 FUPASN     ON
    SEX_M1_F2         -0.532      0.358     -1.489      0.136

 Means
    FUPASN             3.523      0.939      3.751      0.000

 Variances
    FUPASN             0.717      0.381      1.882      0.060


R-SQUARE

Within Level

    Observed                                        Two-Tailed
    Variable        Estimate       S.E.  Est./S.E.    P-Value

    FUPASN             0.570      0.316      1.801      0.072

Between MATCHID_CLEAN Level

Between PART_NUM Level

    Observed                                        Two-Tailed
    Variable        Estimate       S.E.  Est./S.E.    P-Value

    FUPASN             0.283      0.381      0.745      0.457


QUALITY OF NUMERICAL RESULTS

     Condition Number for the Information Matrix             -0.598E-04
       (ratio of smallest to largest eigenvalue)


     Beginning Time:  14:53:41
        Ending Time:  14:53:46
       Elapsed Time:  00:00:05



MUTHEN & MUTHEN
3463 Stoner Ave.
Los Angeles, CA  90066

Tel: (310) 391-9971
Fax: (310) 391-8971
Web: www.StatModel.com
Support: Support@StatModel.com

Copyright (c) 1998-2013 Muthen & Muthen
