Mplus VERSION 7.11
MUTHEN & MUTHEN
07/25/2014   2:53 PM

INPUT INSTRUCTIONS

   TITLE: Earning Prospects predicting FU Desire for One Night Stand w. Interaction

    DATA:
    FILE IS
  speed.dating.mplus.10.dat;

    VARIABLE: NAMES ARE Part_num MatchID_clean Follow_clean
    IRLikedPartner IRSayYes IRSexAttract
      IRThinkCareer IRThinkAmbitious IRThinkPhys
      IRThinkHot IRThinkFun IRThinkResponsive
      IRThinkDependable IRThinkFriendly IRCommon
      IRPersonality IRConnection yessing mutmatch PMexcited
      PMSelfinit PMMatchinit FUEager FUInitiate FUEnjoy
      FUSexDesire FUSoulMate FURomInterest FUOnlyWith
      FUMind FUOneNight FUCasual FUSerious FUCommitted
      FUExtentPhys FUExtentCareer FUExtentAmbitious
      FUExtentHot FUExtentFun FUExtentRespons
      FUExtentFriendly DemAge DemEthn FUPhysContact
      FUInitiatePhys FUEnjoyContact FUContactBad
      IRpatt IRepro IRpers IRrdes IRchem FUpasn FUpatt FUepro
      FUpers FUStatus sex_M1_F2;

      CLUSTER =Part_num MatchID_clean;
      WITHIN = FUepro sexint;
      BETWEEN = (Part_num) sex_M1_F2;

  USEVARIABLES ARE Part_num MatchID_clean FUepro FUOneNight sex_M1_F2 sexint;

  !When FUStatus = 0, all FU variables = 0. Removed to avoid bias. Presumed data-entry error
  USEOBS FUStatus NE 0;

  MISSING ARE ALL (-999);

  DEFINE:

  sexint = sex_M1_F2 * FUepro;

   ANALYSIS:
  TYPE=THREELEVEL;
  ESTIMATOR = MLR;

  MODEL:
  %WITHIN%
  FUOneNight ON FUepro sexint;

  %BETWEEN Part_num%
  FUOneNight ON sex_M1_F2;


  OUTPUT: SAMPSTAT STDYX SVALUES;





*** WARNING in VARIABLE command
  Note that only the first 8 characters of variable names are used in the output.
  Shorten variable names to avoid any confusion.
*** WARNING
  Clusters for MATCHID_CLEAN with the same IDs have been found in different clusters
  for PART_NUM.  These clusters are assumed to be different because clusters for
  MATCHID_CLEAN are not allowed to appear in more than one cluster for PART_NUM.
*** WARNING
  Data set contains cases with missing on x-variables.
  These cases were not included in the analysis.
  Number of cases with missing on x-variables:  27027
*** WARNING
  Data set contains cases with missing on all variables except
  x-variables.  These cases were not included in the analysis.
  Number of cases with missing on all variables except x-variables:  968
   4 WARNING(S) FOUND IN THE INPUT INSTRUCTIONS



Earning Prospects predicting FU Desire for One Night Stand w. Interaction

SUMMARY OF ANALYSIS

Number of groups                                                 1
Number of observations                                         165

Number of dependent variables                                    1
Number of independent variables                                  3
Number of continuous latent variables                            0

Observed dependent variables

  Continuous
   FUONENIGHT

Observed independent variables
   FUEPRO      SEX_M1_F    SEXINT

Variables with special functions

  Cluster variables     PART_NUM  MATCHID_

  Within variables
   FUEPRO      SEXINT

  Level 3 between variables
   SEX_M1_F


Estimator                                                      MLR
Information matrix                                        OBSERVED
Maximum number of iterations                                   100
Convergence criterion                                    0.100D-05
Maximum number of EM iterations                                500
Convergence criteria for the EM algorithm
  Loglikelihood change                                   0.100D-02
  Relative loglikelihood change                          0.100D-05
  Derivative                                             0.100D-03
Minimum variance                                         0.100D-03
Maximum number of steepest descent iterations                   20
Maximum number of iterations for H1                           2000
Convergence criterion for H1                             0.100D-02
Optimization algorithm                                         EMA

Input data file(s)
  speed.dating.mplus.10.dat
Input data format  FREE


SUMMARY OF DATA

     Number of missing data patterns             1
     Number of MATCHID_CLEAN clusters      47
     Number of PART_NUM clusters           40

     Average cluster size for MATCHID_CLEAN level        3.511

     Estimated Intraclass Correlations for the Y Variables for MATCHID_CLEAN level

                Intraclass
     Variable  Correlation

     FUONENIG     0.010

     Average cluster size for PART_NUM level        4.125

     Estimated Intraclass Correlations for the Y Variables for PART_NUM level

                Intraclass
     Variable  Correlation

     FUONENIG     0.411


COVARIANCE COVERAGE OF DATA

Minimum covariance coverage value   0.100


     PROPORTION OF DATA PRESENT


           Covariance Coverage
              FUONENIG      FUEPRO        SEX_M1_F      SEXINT
              ________      ________      ________      ________
 FUONENIG       1.000
 FUEPRO         1.000         1.000
 SEX_M1_F       1.000         1.000         1.000
 SEXINT         1.000         1.000         1.000         1.000


SAMPLE STATISTICS

NOTE:  The sample statistics for within and between refer to the
       maximum-likelihood estimated within and between covariance
       matrices, respectively.


     ESTIMATED SAMPLE STATISTICS FOR WITHIN


           Means
              FUONENIG      FUEPRO        SEX_M1_F      SEXINT
              ________      ________      ________      ________
 1              0.000         7.036         0.000        -0.088


           Covariances
              FUONENIG      FUEPRO        SEX_M1_F      SEXINT
              ________      ________      ________      ________
 FUONENIG       4.066
 FUEPRO         0.146         2.738
 SEX_M1_F       0.000         0.000         0.000
 SEXINT        -4.379         0.749         0.000        13.054


           Correlations
              FUONENIG      FUEPRO        SEX_M1_F      SEXINT
              ________      ________      ________      ________
 FUONENIG       1.000
 FUEPRO         0.044         1.000
 SEX_M1_F       0.000         0.000         0.000
 SEXINT        -0.601         0.125         0.000         1.000


     ESTIMATED SAMPLE STATISTICS FOR BETWEEN MATCHID_CLEAN


           Means
              FUONENIG      FUEPRO        SEX_M1_F      SEXINT
              ________      ________      ________      ________
 1              0.000         0.000         0.000         0.000


           Covariances
              FUONENIG      FUEPRO        SEX_M1_F      SEXINT
              ________      ________      ________      ________
 FUONENIG       0.068
 FUEPRO         0.000         0.000
 SEX_M1_F       0.000         0.000         0.000
 SEXINT         0.000         0.000         0.000         0.000


           Correlations
              FUONENIG      FUEPRO        SEX_M1_F      SEXINT
              ________      ________      ________      ________
 FUONENIG       1.000
 FUEPRO         0.000         0.000
 SEX_M1_F       0.000         0.000         0.000
 SEXINT         0.000         0.000         0.000         0.000


     ESTIMATED SAMPLE STATISTICS FOR BETWEEN PART_NUM


           Means
              FUONENIG      FUEPRO        SEX_M1_F      SEXINT
              ________      ________      ________      ________
 1              4.450         0.000         0.075         0.000


           Covariances
              FUONENIG      FUEPRO        SEX_M1_F      SEXINT
              ________      ________      ________      ________
 FUONENIG       2.883
 FUEPRO         0.000         0.000
 SEX_M1_F       0.551         0.000         0.244
 SEXINT         0.000         0.000         0.000         0.000


           Correlations
              FUONENIG      FUEPRO        SEX_M1_F      SEXINT
              ________      ________      ________      ________
 FUONENIG       1.000
 FUEPRO         0.000         0.000
 SEX_M1_F       0.657         0.000         1.000
 SEXINT         0.000         0.000         0.000         0.000


     MAXIMUM LOG-LIKELIHOOD VALUE FOR THE UNRESTRICTED (H1) MODEL IS -335.094

     WARNING: THE MODEL ESTIMATION HAS REACHED A SADDLE POINT OR A POINT WHERE THE
     OBSERVED AND THE EXPECTED INFORMATION MATRICES DO NOT MATCH.
     AN ADJUSTMENT TO THE ESTIMATION OF THE INFORMATION MATRIX HAS BEEN MADE.
     THE CONDITION NUMBER IS      -0.946D-03.
     THE PROBLEM MAY ALSO BE RESOLVED BY DECREASING THE VALUE OF THE
     MCONVERGENCE OR LOGCRITERION OPTIONS OR BY CHANGING THE STARTING VALUES
     OR BY USING THE MLF ESTIMATOR.


THE MODEL ESTIMATION TERMINATED NORMALLY



MODEL FIT INFORMATION

Number of Free Parameters                        7

Loglikelihood

          H0 Value                        -335.023
          H0 Scaling Correction Factor      1.2123
            for MLR
          H1 Value                        -335.094
          H1 Scaling Correction Factor      1.2123
            for MLR

Information Criteria

          Akaike (AIC)                     684.047
          Bayesian (BIC)                   705.789
          Sample-Size Adjusted BIC         683.626
            (n* = (n + 2) / 24)

Chi-Square Test of Model Fit

          Value                              0.000*
          Degrees of Freedom                     0
          P-Value                           1.0000
          Scaling Correction Factor         1.0000
            for MLR

*   The chi-square value for MLM, MLMV, MLR, ULSMV, WLSM and WLSMV cannot be used
    for chi-square difference testing in the regular way.  MLM, MLR and WLSM
    chi-square difference testing is described on the Mplus website.  MLMV, WLSMV,
    and ULSMV difference testing is done using the DIFFTEST option.

RMSEA (Root Mean Square Error Of Approximation)

          Estimate                           0.000

CFI/TLI

          CFI                                1.000
          TLI                                1.000

Chi-Square Test of Model Fit for the Baseline Model

          Value                              3.161
          Degrees of Freedom                     3
          P-Value                           0.3675

SRMR (Standardized Root Mean Square Residual)

          Value for Within                   0.006
          Value for Between Level 2          0.000
          Value for Between Level 3          0.007



MODEL RESULTS

                                                    Two-Tailed
                    Estimate       S.E.  Est./S.E.    P-Value

Within Level

 FUONENIGHT ON
    FUEPRO             0.142      0.114      1.244      0.214
    SEXINT            -0.328      0.229     -1.429      0.153

 Residual Variances
    FUONENIGHT         2.538      0.622      4.084      0.000

Between MATCHID_CLEAN Level

 Variances
    FUONENIGHT         0.036      0.402      0.090      0.928

Between PART_NUM Level

 FUONENIGHT ON
    SEX_M1_F2          2.138      1.550      1.380      0.168

 Intercepts
    FUONENIGHT         3.253      0.752      4.326      0.000

 Residual Variances
    FUONENIGHT         1.668      0.443      3.762      0.000


STANDARDIZED MODEL RESULTS


STDYX Standardization

                                                    Two-Tailed
                    Estimate       S.E.  Est./S.E.    P-Value

Within Level

 FUONENIGHT ON
    FUEPRO             0.118      0.085      1.384      0.166
    SEXINT            -0.598      0.274     -2.183      0.029

 Residual Variances
    FUONENIGHT         0.647      0.320      2.018      0.044

Between MATCHID_CLEAN Level

 Variances
    FUONENIGHT         1.000      0.000    999.000    999.000

Between PART_NUM Level

 FUONENIGHT ON
    SEX_M1_F2          0.633      0.274      2.312      0.021

 Means
    FUONENIGHT         1.949      0.905      2.155      0.031

 Variances
    FUONENIGHT         0.599      0.347      1.726      0.084


R-SQUARE

Within Level

    Observed                                        Two-Tailed
    Variable        Estimate       S.E.  Est./S.E.    P-Value

    FUONENIG           0.353      0.320      1.103      0.270

Between MATCHID_CLEAN Level

Between PART_NUM Level

    Observed                                        Two-Tailed
    Variable        Estimate       S.E.  Est./S.E.    P-Value

    FUONENIG           0.401      0.347      1.156      0.248


QUALITY OF NUMERICAL RESULTS

     Condition Number for the Information Matrix             -0.946E-03
       (ratio of smallest to largest eigenvalue)


MODEL COMMAND WITH FINAL ESTIMATES USED AS STARTING VALUES

     %WITHIN%

     fuonenight ON fuepro*0.14164;
     fuonenight ON sexint*-0.32772;

     fuonenight*2.53825;

     %BETWEEN MATCHID_CLEAN%

     fuonenight*0.03615;

     %BETWEEN PART_NUM%

     fuonenight ON sex_m1_f2*2.13846;

     [ fuonenight*3.25298 ];

     fuonenight*1.66795;



     Beginning Time:  14:53:35
        Ending Time:  14:53:41
       Elapsed Time:  00:00:06



MUTHEN & MUTHEN
3463 Stoner Ave.
Los Angeles, CA  90066

Tel: (310) 391-9971
Fax: (310) 391-8971
Web: www.StatModel.com
Support: Support@StatModel.com

Copyright (c) 1998-2013 Muthen & Muthen
