Mplus VERSION 7.11
MUTHEN & MUTHEN
07/25/2014   2:53 PM

INPUT INSTRUCTIONS

   TITLE: Earning Prospects predicting romantic desire w. Interaction

    DATA:
    FILE IS
  speed.dating.mplus.10.dat;

    VARIABLE: NAMES ARE Part_num MatchID_clean Follow_clean
    IRLikedPartner IRSayYes IRSexAttract
      IRThinkCareer IRThinkAmbitious IRThinkPhys
      IRThinkHot IRThinkFun IRThinkResponsive
      IRThinkDependable IRThinkFriendly IRCommon
      IRPersonality IRConnection yessing mutmatch PMexcited
      PMSelfinit PMMatchinit FUEager FUInitiate FUEnjoy
      FUSexDesire FUSoulMate FURomInterest FUOnlyWith
      FUMind FUOneNight FUCasual FUSerious FUCommitted
      FUExtentPhys FUExtentCareer FUExtentAmbitious
      FUExtentHot FUExtentFun FUExtentRespons
      FUExtentFriendly DemAge DemEthn FUPhysContact
      FUInitiatePhys FUEnjoyContact FUContactBad
      IRpatt IRepro IRpers IRrdes IRchem FUpasn FUpatt FUepro
      FUpers FUStatus sex_M1_F2;

      CLUSTER =Part_num;
      WITHIN = IRepro sexint;
      BETWEEN = sex_M1_F2;

  USEVARIABLES ARE Part_num IRepro IRrdes sex_M1_F2 sexint;

   USEOBS Follow_clean EQ 1;

  CLUSTER = Part_num;
  MISSING ARE ALL (-999);

  DEFINE:

  sexint = sex_M1_F2 * IRepro;

   ANALYSIS:
  TYPE=TWOLEVEL;
  ESTIMATOR = MLR;

  MODEL:
  %WITHIN%
  IRrdes ON IRepro sexint;

  %BETWEEN%
  IRrdes ON sex_M1_F2;


  OUTPUT: SAMPSTAT STDYX;





*** WARNING in VARIABLE command
  Note that only the first 8 characters of variable names are used in the output.
  Shorten variable names to avoid any confusion.
*** WARNING
  Data set contains cases with missing on x-variables.
  These cases were not included in the analysis.
  Number of cases with missing on x-variables:  134
*** WARNING
  Data set contains cases with missing on all variables except
  x-variables.  These cases were not included in the analysis.
  Number of cases with missing on all variables except x-variables:  4
   3 WARNING(S) FOUND IN THE INPUT INSTRUCTIONS



Earning Prospects predicting romantic desire w. Interaction

SUMMARY OF ANALYSIS

Number of groups                                                 1
Number of observations                                        2678

Number of dependent variables                                    1
Number of independent variables                                  3
Number of continuous latent variables                            0

Observed dependent variables

  Continuous
   IRRDES

Observed independent variables
   IREPRO      SEX_M1_F    SEXINT

Variables with special functions

  Cluster variable      PART_NUM

  Within variables
   IREPRO      SEXINT

  Between variables
   SEX_M1_F


Estimator                                                      MLR
Information matrix                                        OBSERVED
Maximum number of iterations                                   100
Convergence criterion                                    0.100D-05
Maximum number of EM iterations                                500
Convergence criteria for the EM algorithm
  Loglikelihood change                                   0.100D-02
  Relative loglikelihood change                          0.100D-05
  Derivative                                             0.100D-03
Minimum variance                                         0.100D-03
Maximum number of steepest descent iterations                   20
Maximum number of iterations for H1                           2000
Convergence criterion for H1                             0.100D-03
Optimization algorithm                                         EMA

Input data file(s)
  speed.dating.mplus.10.dat
Input data format  FREE


SUMMARY OF DATA

     Number of missing data patterns             1
     Number of clusters                        305

     Average cluster size        8.780

     Estimated Intraclass Correlations for the Y Variables

                Intraclass
     Variable  Correlation

     IRRDES       0.264



COVARIANCE COVERAGE OF DATA

Minimum covariance coverage value   0.100


     PROPORTION OF DATA PRESENT


           Covariance Coverage
              IRRDES        IREPRO        SEXINT        SEX_M1_F
              ________      ________      ________      ________
 IRRDES         1.000
 IREPRO         1.000         1.000
 SEXINT         1.000         1.000         1.000
 SEX_M1_F       1.000         1.000         1.000         1.000


SAMPLE STATISTICS

NOTE:  The sample statistics for within and between refer to the
       maximum-likelihood estimated within and between covariance
       matrices, respectively.


     ESTIMATED SAMPLE STATISTICS FOR WITHIN


           Means
              IRRDES        IREPRO        SEXINT        SEX_M1_F
              ________      ________      ________      ________
 1              0.000         6.499        -0.018         0.000


           Covariances
              IRRDES        IREPRO        SEXINT        SEX_M1_F
              ________      ________      ________      ________
 IRRDES         2.624
 IREPRO         1.008         3.280
 SEXINT         0.249         0.164        11.377
 SEX_M1_F       0.000         0.000         0.000         0.000


           Correlations
              IRRDES        IREPRO        SEXINT        SEX_M1_F
              ________      ________      ________      ________
 IRRDES         1.000
 IREPRO         0.344         1.000
 SEXINT         0.046         0.027         1.000
 SEX_M1_F       0.000         0.000         0.000         0.000


     ESTIMATED SAMPLE STATISTICS FOR BETWEEN


           Means
              IRRDES        IREPRO        SEXINT        SEX_M1_F
              ________      ________      ________      ________
 1              5.090         0.000         0.000        -0.002


           Covariances
              IRRDES        IREPRO        SEXINT        SEX_M1_F
              ________      ________      ________      ________
 IRRDES         0.940
 IREPRO         0.000         0.000
 SEXINT         0.000         0.000         0.000
 SEX_M1_F      -0.278         0.000         0.000         0.250


           Correlations
              IRRDES        IREPRO        SEXINT        SEX_M1_F
              ________      ________      ________      ________
 IRRDES         1.000
 IREPRO         0.000         0.000
 SEXINT         0.000         0.000         0.000
 SEX_M1_F      -0.574         0.000         0.000         1.000


     MAXIMUM LOG-LIKELIHOOD VALUE FOR THE UNRESTRICTED (H1) MODEL IS -5104.995


THE MODEL ESTIMATION TERMINATED NORMALLY



MODEL FIT INFORMATION

Number of Free Parameters                        6

Loglikelihood

          H0 Value                       -5104.994
          H0 Scaling Correction Factor      1.3646
            for MLR
          H1 Value                       -5104.995
          H1 Scaling Correction Factor      1.3646
            for MLR

Information Criteria

          Akaike (AIC)                   10221.989
          Bayesian (BIC)                 10257.346
          Sample-Size Adjusted BIC       10238.282
            (n* = (n + 2) / 24)

Chi-Square Test of Model Fit

          Value                              0.000*
          Degrees of Freedom                     0
          P-Value                           1.0000
          Scaling Correction Factor         1.0000
            for MLR

*   The chi-square value for MLM, MLMV, MLR, ULSMV, WLSM and WLSMV cannot be used
    for chi-square difference testing in the regular way.  MLM, MLR and WLSM
    chi-square difference testing is described on the Mplus website.  MLMV, WLSMV,
    and ULSMV difference testing is done using the DIFFTEST option.

RMSEA (Root Mean Square Error Of Approximation)

          Estimate                           0.000

CFI/TLI

          CFI                                1.000
          TLI                                1.000

Chi-Square Test of Model Fit for the Baseline Model

          Value                            226.626
          Degrees of Freedom                     3
          P-Value                           0.0000

SRMR (Standardized Root Mean Square Residual)

          Value for Within                   0.002
          Value for Between                  0.003



MODEL RESULTS

                                                    Two-Tailed
                    Estimate       S.E.  Est./S.E.    P-Value

Within Level

 IRRDES     ON
    IREPRO             0.306      0.024     12.565      0.000
    SEXINT             0.019      0.048      0.400      0.689

 Residual Variances
    IRRDES             2.311      0.102     22.588      0.000

Between Level

 IRRDES     ON
    SEX_M1_F2         -1.126      0.330     -3.410      0.001

 Intercepts
    IRRDES             3.098      0.167     18.564      0.000

 Residual Variances
    IRRDES             0.630      0.065      9.632      0.000


STANDARDIZED MODEL RESULTS


STDYX Standardization

                                                    Two-Tailed
                    Estimate       S.E.  Est./S.E.    P-Value

Within Level

 IRRDES     ON
    IREPRO             0.342      0.026     13.028      0.000
    SEXINT             0.040      0.100      0.400      0.689

 Residual Variances
    IRRDES             0.880      0.018     50.172      0.000

Between Level

 IRRDES     ON
    SEX_M1_F2         -0.579      0.116     -4.979      0.000

 Intercepts
    IRRDES             3.184      0.301     10.580      0.000

 Residual Variances
    IRRDES             0.665      0.135      4.944      0.000


R-SQUARE

Within Level

    Observed                                        Two-Tailed
    Variable        Estimate       S.E.  Est./S.E.    P-Value

    IRRDES             0.120      0.018      6.810      0.000

Between Level

    Observed                                        Two-Tailed
    Variable        Estimate       S.E.  Est./S.E.    P-Value

    IRRDES             0.335      0.135      2.490      0.013


QUALITY OF NUMERICAL RESULTS

     Condition Number for the Information Matrix              0.746E-03
       (ratio of smallest to largest eigenvalue)


     Beginning Time:  14:53:52
        Ending Time:  14:53:53
       Elapsed Time:  00:00:01



MUTHEN & MUTHEN
3463 Stoner Ave.
Los Angeles, CA  90066

Tel: (310) 391-9971
Fax: (310) 391-8971
Web: www.StatModel.com
Support: Support@StatModel.com

Copyright (c) 1998-2013 Muthen & Muthen
