Mplus VERSION 7.11
MUTHEN & MUTHEN
07/25/2014   2:53 PM

INPUT INSTRUCTIONS

   TITLE: Earning Prospects predicting postmatch initiation hopes w. Interaction

    DATA:
    FILE IS
  speed.dating.mplus.10.dat;

    VARIABLE: NAMES ARE Part_num MatchID_clean Follow_clean
    IRLikedPartner IRSayYes IRSexAttract
      IRThinkCareer IRThinkAmbitious IRThinkPhys
      IRThinkHot IRThinkFun IRThinkResponsive
      IRThinkDependable IRThinkFriendly IRCommon
      IRPersonality IRConnection yessing mutmatch PMexcited
      PMSelfinit PMMatchinit FUEager FUInitiate FUEnjoy
      FUSexDesire FUSoulMate FURomInterest FUOnlyWith
      FUMind FUOneNight FUCasual FUSerious FUCommitted
      FUExtentPhys FUExtentCareer FUExtentAmbitious
      FUExtentHot FUExtentFun FUExtentRespons
      FUExtentFriendly DemAge DemEthn FUPhysContact
      FUInitiatePhys FUEnjoyContact FUContactBad
      IRpatt IRepro IRpers IRrdes IRchem FUpasn FUpatt FUepro
      FUpers FUStatus sex_M1_F2;

      CLUSTER =Part_num;
      WITHIN = IRepro sexint;
      BETWEEN = sex_M1_F2;

  USEVARIABLES ARE Part_num IRepro PMMatchinit sex_M1_F2 sexint;

   USEOBS Follow_clean EQ 1;

  CLUSTER = Part_num;
  MISSING ARE ALL (-999);

  DEFINE:

  sexint = sex_M1_F2 * IRepro;

   ANALYSIS:
  TYPE=TWOLEVEL;
  ESTIMATOR = MLR;

  MODEL:
  %WITHIN%
  PMMatchinit ON IRepro sexint;

  %BETWEEN%
  PMMatchinit ON sex_M1_F2;


  OUTPUT: SAMPSTAT STDYX;





*** WARNING in VARIABLE command
  Note that only the first 8 characters of variable names are used in the output.
  Shorten variable names to avoid any confusion.
*** WARNING
  Data set contains cases with missing on x-variables.
  These cases were not included in the analysis.
  Number of cases with missing on x-variables:  134
*** WARNING
  Data set contains cases with missing on all variables except
  x-variables.  These cases were not included in the analysis.
  Number of cases with missing on all variables except x-variables:  2451
   3 WARNING(S) FOUND IN THE INPUT INSTRUCTIONS



Earning Prospects predicting postmatch initiation hopes w. Interaction

SUMMARY OF ANALYSIS

Number of groups                                                 1
Number of observations                                         231

Number of dependent variables                                    1
Number of independent variables                                  3
Number of continuous latent variables                            0

Observed dependent variables

  Continuous
   PMMATCHINI

Observed independent variables
   IREPRO      SEX_M1_F    SEXINT

Variables with special functions

  Cluster variable      PART_NUM

  Within variables
   IREPRO      SEXINT

  Between variables
   SEX_M1_F


Estimator                                                      MLR
Information matrix                                        OBSERVED
Maximum number of iterations                                   100
Convergence criterion                                    0.100D-05
Maximum number of EM iterations                                500
Convergence criteria for the EM algorithm
  Loglikelihood change                                   0.100D-02
  Relative loglikelihood change                          0.100D-05
  Derivative                                             0.100D-03
Minimum variance                                         0.100D-03
Maximum number of steepest descent iterations                   20
Maximum number of iterations for H1                           2000
Convergence criterion for H1                             0.100D-03
Optimization algorithm                                         EMA

Input data file(s)
  speed.dating.mplus.10.dat
Input data format  FREE


SUMMARY OF DATA

     Number of missing data patterns             1
     Number of clusters                        127

     Average cluster size        1.819

     Estimated Intraclass Correlations for the Y Variables

                Intraclass
     Variable  Correlation

     PMMATCHI     0.557



COVARIANCE COVERAGE OF DATA

Minimum covariance coverage value   0.100


     PROPORTION OF DATA PRESENT


           Covariance Coverage
              PMMATCHI      IREPRO        SEXINT        SEX_M1_F
              ________      ________      ________      ________
 PMMATCHI       1.000
 IREPRO         1.000         1.000
 SEXINT         1.000         1.000         1.000
 SEX_M1_F       1.000         1.000         1.000         1.000


SAMPLE STATISTICS

NOTE:  The sample statistics for within and between refer to the
       maximum-likelihood estimated within and between covariance
       matrices, respectively.


     ESTIMATED SAMPLE STATISTICS FOR WITHIN


           Means
              PMMATCHI      IREPRO        SEXINT        SEX_M1_F
              ________      ________      ________      ________
 1              0.000         6.853        -0.037         0.000


           Covariances
              PMMATCHI      IREPRO        SEXINT        SEX_M1_F
              ________      ________      ________      ________
 PMMATCHI       1.395
 IREPRO         0.389         3.104
 SEXINT         1.808        -0.412        12.515
 SEX_M1_F       0.000         0.000         0.000         0.000


           Correlations
              PMMATCHI      IREPRO        SEXINT        SEX_M1_F
              ________      ________      ________      ________
 PMMATCHI       1.000
 IREPRO         0.187         1.000
 SEXINT         0.433        -0.066         1.000
 SEX_M1_F       0.000         0.000         0.000         0.000


     ESTIMATED SAMPLE STATISTICS FOR BETWEEN


           Means
              PMMATCHI      IREPRO        SEXINT        SEX_M1_F
              ________      ________      ________      ________
 1              4.799         0.000         0.000        -0.028


           Covariances
              PMMATCHI      IREPRO        SEXINT        SEX_M1_F
              ________      ________      ________      ________
 PMMATCHI       1.755
 IREPRO         0.000         0.000
 SEXINT         0.000         0.000         0.000
 SEX_M1_F      -0.344         0.000         0.000         0.249


           Correlations
              PMMATCHI      IREPRO        SEXINT        SEX_M1_F
              ________      ________      ________      ________
 PMMATCHI       1.000
 IREPRO         0.000         0.000
 SEXINT         0.000         0.000         0.000
 SEX_M1_F      -0.521         0.000         0.000         1.000


     MAXIMUM LOG-LIKELIHOOD VALUE FOR THE UNRESTRICTED (H1) MODEL IS -404.708


THE MODEL ESTIMATION TERMINATED NORMALLY



MODEL FIT INFORMATION

Number of Free Parameters                        6

Loglikelihood

          H0 Value                        -404.706
          H0 Scaling Correction Factor      1.3431
            for MLR
          H1 Value                        -404.708
          H1 Scaling Correction Factor      1.3431
            for MLR

Information Criteria

          Akaike (AIC)                     821.411
          Bayesian (BIC)                   842.066
          Sample-Size Adjusted BIC         823.049
            (n* = (n + 2) / 24)

Chi-Square Test of Model Fit

          Value                              0.000*
          Degrees of Freedom                     0
          P-Value                           1.0000
          Scaling Correction Factor         1.0000
            for MLR

*   The chi-square value for MLM, MLMV, MLR, ULSMV, WLSM and WLSMV cannot be used
    for chi-square difference testing in the regular way.  MLM, MLR and WLSM
    chi-square difference testing is described on the Mplus website.  MLMV, WLSMV,
    and ULSMV difference testing is done using the DIFFTEST option.

RMSEA (Root Mean Square Error Of Approximation)

          Estimate                           0.000

CFI/TLI

          CFI                                1.000
          TLI                                1.000

Chi-Square Test of Model Fit for the Baseline Model

          Value                             13.890
          Degrees of Freedom                     3
          P-Value                           0.0031

SRMR (Standardized Root Mean Square Residual)

          Value for Within                   0.007
          Value for Between                  0.008



MODEL RESULTS

                                                    Two-Tailed
                    Estimate       S.E.  Est./S.E.    P-Value

Within Level

 PMMATCHINI ON
    IREPRO             0.145      0.056      2.587      0.010
    SEXINT             0.156      0.111      1.413      0.158

 Residual Variances
    PMMATCHINI         1.069      0.247      4.321      0.000

Between Level

 PMMATCHINI ON
    SEX_M1_F2         -1.432      0.801     -1.788      0.074

 Intercepts
    PMMATCHINI         3.776      0.399      9.457      0.000

 Residual Variances
    PMMATCHINI         1.279      0.317      4.037      0.000


STANDARDIZED MODEL RESULTS


STDYX Standardization

                                                    Two-Tailed
                    Estimate       S.E.  Est./S.E.    P-Value

Within Level

 PMMATCHINI ON
    IREPRO             0.214      0.094      2.273      0.023
    SEXINT             0.464      0.260      1.784      0.074

 Residual Variances
    PMMATCHINI         0.752      0.213      3.524      0.000

Between Level

 PMMATCHINI ON
    SEX_M1_F2         -0.534      0.229     -2.333      0.020

 Intercepts
    PMMATCHINI         2.823      0.451      6.256      0.000

 Residual Variances
    PMMATCHINI         0.715      0.245      2.920      0.004


R-SQUARE

Within Level

    Observed                                        Two-Tailed
    Variable        Estimate       S.E.  Est./S.E.    P-Value

    PMMATCHI           0.248      0.213      1.161      0.246

Between Level

    Observed                                        Two-Tailed
    Variable        Estimate       S.E.  Est./S.E.    P-Value

    PMMATCHI           0.285      0.245      1.167      0.243


QUALITY OF NUMERICAL RESULTS

     Condition Number for the Information Matrix              0.426E-03
       (ratio of smallest to largest eigenvalue)


     Beginning Time:  14:53:54
        Ending Time:  14:53:54
       Elapsed Time:  00:00:00



MUTHEN & MUTHEN
3463 Stoner Ave.
Los Angeles, CA  90066

Tel: (310) 391-9971
Fax: (310) 391-8971
Web: www.StatModel.com
Support: Support@StatModel.com

Copyright (c) 1998-2013 Muthen & Muthen
