Mplus VERSION 7.11
MUTHEN & MUTHEN
07/23/2014   3:10 PM

INPUT INSTRUCTIONS

    TITLE: Level 2 Descriptives

     DATA:
    FILE IS
  speed.dating.mplus.10.dat;

    VARIABLE: NAMES ARE Part_num MatchID_clean Follow_clean
    IRLikedPartner IRSayYes IRSexAttract
      IRThinkCareer IRThinkAmbitious IRThinkPhys
      IRThinkHot IRThinkFun IRThinkResponsive
      IRThinkDependable IRThinkFriendly IRCommon
      IRPersonality IRConnection yessing mutmatch PMexcited
      PMSelfinit PMMatchinit FUEager FUInitiate FUEnjoy
      FUSexDesire FUSoulMate FURomInterest FUOnlyWith
      FUMind FUOneNight FUCasual FUSerious FUCommitted
      FUExtentPhys FUExtentCareer FUExtentAmbitious
      FUExtentHot FUExtentFun FUExtentRespons
      FUExtentFriendly DemAge DemEthn FUPhysContact
      FUInitiatePhys FUEnjoyContact FUContactBad
      IRpatt IRepro IRpers IRrdes IRchem FUpasn FUpatt FUepro
      FUpers FUStatus sex_M1_F2;

  USEVARIABLES ARE Part_num MatchID_clean
  FUInitiate FUEnjoy;

  CLUSTER = Part_num MatchID_clean;

  MISSING ARE ALL (-999);

   ANALYSIS:
  TYPE=THREELEVEL BASIC;
  ITERATIONS = 100000;

  OUTPUT: SAMPSTAT STDYX;



*** WARNING in VARIABLE command
  Note that only the first 8 characters of variable names are used in the output.
  Shorten variable names to avoid any confusion.
*** WARNING
  Clusters for MATCHID_CLEAN with the same IDs have been found in different clusters
  for PART_NUM.  These clusters are assumed to be different because clusters for
  MATCHID_CLEAN are not allowed to appear in more than one cluster for PART_NUM.
*** WARNING
  Data set contains cases with missing on all variables.
  These cases were not included in the analysis.
  Number of cases with missing on all variables:  27917
   3 WARNING(S) FOUND IN THE INPUT INSTRUCTIONS



Level 2 Descriptives

SUMMARY OF ANALYSIS

Number of groups                                                 1
Number of observations                                         243

Number of dependent variables                                    2
Number of independent variables                                  0
Number of continuous latent variables                            0

Observed dependent variables

  Continuous
   FUINITIATE  FUENJOY

Variables with special functions

  Cluster variables     PART_NUM  MATCHID_

Estimator                                                      MLR
Information matrix                                        OBSERVED
Maximum number of iterations                                100000
Convergence criterion                                    0.100D-05
Maximum number of EM iterations                                500
Convergence criteria for the EM algorithm
  Loglikelihood change                                   0.100D-02
  Relative loglikelihood change                          0.100D-05
  Derivative                                             0.100D-03
Minimum variance                                         0.100D-03
Maximum number of steepest descent iterations                   20
Maximum number of iterations for H1                           2000
Convergence criterion for H1                             0.100D-02
Optimization algorithm                                         EMA

Input data file(s)
  speed.dating.mplus.10.dat
Input data format  FREE


SUMMARY OF DATA

     Number of MATCHID_CLEAN clusters      77
     Number of PART_NUM clusters           58

     PART_NUM Cluster 22

       Number of MATCHID_CLEAN clusters     1

         Size (s)    MATCHID_CLEAN Cluster ID with Size s

            2      223689

     PART_NUM Cluster 116

       Number of MATCHID_CLEAN clusters     1

         Size (s)    MATCHID_CLEAN Cluster ID with Size s

            2      1166124

     PART_NUM Cluster 174

       Number of MATCHID_CLEAN clusters     1

         Size (s)    MATCHID_CLEAN Cluster ID with Size s

            2      1745019

     PART_NUM Cluster 235

       Number of MATCHID_CLEAN clusters     1

         Size (s)    MATCHID_CLEAN Cluster ID with Size s

            8      2352290

     PART_NUM Cluster 339

       Number of MATCHID_CLEAN clusters     1

         Size (s)    MATCHID_CLEAN Cluster ID with Size s

            7      3398071

     PART_NUM Cluster 513

       Number of MATCHID_CLEAN clusters     1

         Size (s)    MATCHID_CLEAN Cluster ID with Size s

            1      5134394

     PART_NUM Cluster 807

       Number of MATCHID_CLEAN clusters     1

         Size (s)    MATCHID_CLEAN Cluster ID with Size s

            2      8074287

     PART_NUM Cluster 894

       Number of MATCHID_CLEAN clusters     2

         Size (s)    MATCHID_CLEAN Cluster ID with Size s

            3      8947695 8948591

     PART_NUM Cluster 1083

       Number of MATCHID_CLEAN clusters     3

         Size (s)    MATCHID_CLEAN Cluster ID with Size s

            3      10833932
            7      10830482 10832265

     PART_NUM Cluster 1288

       Number of MATCHID_CLEAN clusters     1

         Size (s)    MATCHID_CLEAN Cluster ID with Size s

            6      12886637

     PART_NUM Cluster 1570

       Number of MATCHID_CLEAN clusters     1

         Size (s)    MATCHID_CLEAN Cluster ID with Size s

            1      15700538

     PART_NUM Cluster 2290

       Number of MATCHID_CLEAN clusters     1

         Size (s)    MATCHID_CLEAN Cluster ID with Size s

            5      22900235

     PART_NUM Cluster 2406

       Number of MATCHID_CLEAN clusters     1

         Size (s)    MATCHID_CLEAN Cluster ID with Size s

            3      24064347

     PART_NUM Cluster 2477

       Number of MATCHID_CLEAN clusters     2

         Size (s)    MATCHID_CLEAN Cluster ID with Size s

            5      24774702 24776337

     PART_NUM Cluster 2623

       Number of MATCHID_CLEAN clusters     1

         Size (s)    MATCHID_CLEAN Cluster ID with Size s

            1      26234756

     PART_NUM Cluster 2841

       Number of MATCHID_CLEAN clusters     1

         Size (s)    MATCHID_CLEAN Cluster ID with Size s

            1      28417089

     PART_NUM Cluster 2883

       Number of MATCHID_CLEAN clusters     1

         Size (s)    MATCHID_CLEAN Cluster ID with Size s

            2      28831083

     PART_NUM Cluster 3071

       Number of MATCHID_CLEAN clusters     2

         Size (s)    MATCHID_CLEAN Cluster ID with Size s

            2      30717666
            5      30717725

     PART_NUM Cluster 3088

       Number of MATCHID_CLEAN clusters     3

         Size (s)    MATCHID_CLEAN Cluster ID with Size s

            1      30883885 30886368
            7      30888863

     PART_NUM Cluster 3545

       Number of MATCHID_CLEAN clusters     1

         Size (s)    MATCHID_CLEAN Cluster ID with Size s

            2      35457673

     PART_NUM Cluster 3671

       Number of MATCHID_CLEAN clusters     1

         Size (s)    MATCHID_CLEAN Cluster ID with Size s

            7      36716883

     PART_NUM Cluster 3689

       Number of MATCHID_CLEAN clusters     1

         Size (s)    MATCHID_CLEAN Cluster ID with Size s

            1      36891717

     PART_NUM Cluster 4267

       Number of MATCHID_CLEAN clusters     1

         Size (s)    MATCHID_CLEAN Cluster ID with Size s

            1      42672883

     PART_NUM Cluster 4394

       Number of MATCHID_CLEAN clusters     2

         Size (s)    MATCHID_CLEAN Cluster ID with Size s

            4      43940513 43948591

     PART_NUM Cluster 4437

       Number of MATCHID_CLEAN clusters     1

         Size (s)    MATCHID_CLEAN Cluster ID with Size s

            3      44379719

     PART_NUM Cluster 4462

       Number of MATCHID_CLEAN clusters     1

         Size (s)    MATCHID_CLEAN Cluster ID with Size s

            6      44629798

     PART_NUM Cluster 4702

       Number of MATCHID_CLEAN clusters     1

         Size (s)    MATCHID_CLEAN Cluster ID with Size s

            3      47022477

     PART_NUM Cluster 4783

       Number of MATCHID_CLEAN clusters     2

         Size (s)    MATCHID_CLEAN Cluster ID with Size s

            1      47832841 47839945

     PART_NUM Cluster 5053

       Number of MATCHID_CLEAN clusters     1

         Size (s)    MATCHID_CLEAN Cluster ID with Size s

            3      50539766

     PART_NUM Cluster 5512

       Number of MATCHID_CLEAN clusters     1

         Size (s)    MATCHID_CLEAN Cluster ID with Size s

            7      55129335

     PART_NUM Cluster 5541

       Number of MATCHID_CLEAN clusters     1

         Size (s)    MATCHID_CLEAN Cluster ID with Size s

            2      55414346

     PART_NUM Cluster 6124

       Number of MATCHID_CLEAN clusters     1

         Size (s)    MATCHID_CLEAN Cluster ID with Size s

            3      61240116

     PART_NUM Cluster 6368

       Number of MATCHID_CLEAN clusters     1

         Size (s)    MATCHID_CLEAN Cluster ID with Size s

            5      63683088

     PART_NUM Cluster 6443

       Number of MATCHID_CLEAN clusters     2

         Size (s)    MATCHID_CLEAN Cluster ID with Size s

            2      64436124
            6      64430001

     PART_NUM Cluster 6469

       Number of MATCHID_CLEAN clusters     1

         Size (s)    MATCHID_CLEAN Cluster ID with Size s

            3      64698671

     PART_NUM Cluster 6493

       Number of MATCHID_CLEAN clusters     2

         Size (s)    MATCHID_CLEAN Cluster ID with Size s

            2      64934422
            3      64937039

     PART_NUM Cluster 6776

       Number of MATCHID_CLEAN clusters     2

         Size (s)    MATCHID_CLEAN Cluster ID with Size s

            1      67763088 67767784

     PART_NUM Cluster 6839

       Number of MATCHID_CLEAN clusters     2

         Size (s)    MATCHID_CLEAN Cluster ID with Size s

            2      68392265
            3      68399766

     PART_NUM Cluster 6865

       Number of MATCHID_CLEAN clusters     1

         Size (s)    MATCHID_CLEAN Cluster ID with Size s

            1      68653483

     PART_NUM Cluster 7089

       Number of MATCHID_CLEAN clusters     1

         Size (s)    MATCHID_CLEAN Cluster ID with Size s

            1      70892841

     PART_NUM Cluster 7142

       Number of MATCHID_CLEAN clusters     1

         Size (s)    MATCHID_CLEAN Cluster ID with Size s

            2      71426443

     PART_NUM Cluster 7494

       Number of MATCHID_CLEAN clusters     1

         Size (s)    MATCHID_CLEAN Cluster ID with Size s

            2      74940682

     PART_NUM Cluster 7623

       Number of MATCHID_CLEAN clusters     2

         Size (s)    MATCHID_CLEAN Cluster ID with Size s

            1      76236703 76238584

     PART_NUM Cluster 7666

       Number of MATCHID_CLEAN clusters     1

         Size (s)    MATCHID_CLEAN Cluster ID with Size s

            3      76663071

     PART_NUM Cluster 7695

       Number of MATCHID_CLEAN clusters     1

         Size (s)    MATCHID_CLEAN Cluster ID with Size s

            5      76950894

     PART_NUM Cluster 7725

       Number of MATCHID_CLEAN clusters     1

         Size (s)    MATCHID_CLEAN Cluster ID with Size s

            7      77253071

     PART_NUM Cluster 8381

       Number of MATCHID_CLEAN clusters     1

         Size (s)    MATCHID_CLEAN Cluster ID with Size s

            4      83816454

     PART_NUM Cluster 8429

       Number of MATCHID_CLEAN clusters     1

         Size (s)    MATCHID_CLEAN Cluster ID with Size s

            4      84291515

     PART_NUM Cluster 8526

       Number of MATCHID_CLEAN clusters     1

         Size (s)    MATCHID_CLEAN Cluster ID with Size s

            3      85266366

     PART_NUM Cluster 8584

       Number of MATCHID_CLEAN clusters     1

         Size (s)    MATCHID_CLEAN Cluster ID with Size s

            1      85847105

     PART_NUM Cluster 8591

       Number of MATCHID_CLEAN clusters     2

         Size (s)    MATCHID_CLEAN Cluster ID with Size s

            1      85910894 85914394

     PART_NUM Cluster 8644

       Number of MATCHID_CLEAN clusters     2

         Size (s)    MATCHID_CLEAN Cluster ID with Size s

            3      86445019
            9      86449557

     PART_NUM Cluster 9067

       Number of MATCHID_CLEAN clusters     1

         Size (s)    MATCHID_CLEAN Cluster ID with Size s

            2      90673428

     PART_NUM Cluster 9335

       Number of MATCHID_CLEAN clusters     1

         Size (s)    MATCHID_CLEAN Cluster ID with Size s

            3      93355512

     PART_NUM Cluster 9557

       Number of MATCHID_CLEAN clusters     2

         Size (s)    MATCHID_CLEAN Cluster ID with Size s

            3      95577803 95578644

     PART_NUM Cluster 9626

       Number of MATCHID_CLEAN clusters     1

         Size (s)    MATCHID_CLEAN Cluster ID with Size s

            5      96265559

     PART_NUM Cluster 9687

       Number of MATCHID_CLEAN clusters     1

         Size (s)    MATCHID_CLEAN Cluster ID with Size s

            1      96871627

     PART_NUM Cluster 9766

       Number of MATCHID_CLEAN clusters     3

         Size (s)    MATCHID_CLEAN Cluster ID with Size s

            3      97662562 97665053 97669386


     Average cluster size for MATCHID_CLEAN level        3.156

     Estimated Intraclass Correlations for the Y Variables for MATCHID_CLEAN level

                Intraclass              Intraclass
     Variable  Correlation   Variable  Correlation

     FUINITIA     0.126      FUENJOY      0.580

     Average cluster size for PART_NUM level        4.190

     Estimated Intraclass Correlations for the Y Variables for PART_NUM level

                Intraclass              Intraclass
     Variable  Correlation   Variable  Correlation

     FUINITIA     0.568      FUENJOY      0.022


SUMMARY OF MISSING DATA PATTERNS


COVARIANCE COVERAGE OF DATA

Minimum covariance coverage value   0.100





RESULTS FOR BASIC ANALYSIS

NOTE:  The sample statistics for within and between refer to the
       maximum-likelihood estimated within and between covariance
       matrices, respectively.


     ESTIMATED SAMPLE STATISTICS FOR WITHIN


           Means
              FUINITIA      FUENJOY
              ________      ________
 1              0.000         0.000


           Covariances
              FUINITIA      FUENJOY
              ________      ________
 FUINITIA       1.375
 FUENJOY        0.553         1.274


           Correlations
              FUINITIA      FUENJOY
              ________      ________
 FUINITIA       1.000
 FUENJOY        0.418         1.000


     ESTIMATED SAMPLE STATISTICS FOR BETWEEN MATCHID_CLEAN


           Means
              FUINITIA      FUENJOY
              ________      ________
 1              0.000         0.000


           Covariances
              FUINITIA      FUENJOY
              ________      ________
 FUINITIA       0.568
 FUENJOY        0.300         1.854


           Correlations
              FUINITIA      FUENJOY
              ________      ________
 FUINITIA       1.000
 FUENJOY        0.292         1.000


     ESTIMATED SAMPLE STATISTICS FOR BETWEEN PART_NUM


           Means
              FUINITIA      FUENJOY
              ________      ________
 1              3.661         4.649


           Covariances
              FUINITIA      FUENJOY
              ________      ________
 FUINITIA       2.551
 FUENJOY        0.229         0.071


           Correlations
              FUINITIA      FUENJOY
              ________      ________
 FUINITIA       1.000
 FUENJOY        0.537         1.000


     MAXIMUM LOG-LIKELIHOOD VALUE FOR THE UNRESTRICTED (H1) MODEL IS -865.044


     Beginning Time:  15:10:50
        Ending Time:  15:10:51
       Elapsed Time:  00:00:01



MUTHEN & MUTHEN
3463 Stoner Ave.
Los Angeles, CA  90066

Tel: (310) 391-9971
Fax: (310) 391-8971
Web: www.StatModel.com
Support: Support@StatModel.com

Copyright (c) 1998-2013 Muthen & Muthen
