Mplus VERSION 7.11
MUTHEN & MUTHEN
07/23/2014   3:10 PM

INPUT INSTRUCTIONS

   TITLE: FU Romantic Descriptives

     DATA:
    FILE IS
  speed.dating.mplus.10.dat;

    VARIABLE: NAMES ARE Part_num MatchID_clean Follow_clean
    IRLikedPartner IRSayYes IRSexAttract
      IRThinkCareer IRThinkAmbitious IRThinkPhys
      IRThinkHot IRThinkFun IRThinkResponsive
      IRThinkDependable IRThinkFriendly IRCommon
      IRPersonality IRConnection yessing mutmatch PMexcited
      PMSelfinit PMMatchinit FUEager FUInitiate FUEnjoy
      FUSexDesire FUSoulMate FURomInterest FUOnlyWith
      FUMind FUOneNight FUCasual FUSerious FUCommitted
      FUExtentPhys FUExtentCareer FUExtentAmbitious
      FUExtentHot FUExtentFun FUExtentRespons
      FUExtentFriendly DemAge DemEthn FUPhysContact
      FUInitiatePhys FUEnjoyContact FUContactBad
      IRpatt IRepro IRpers IRrdes IRchem FUpasn FUpatt FUepro
      FUpers FUStatus sex_M1_F2;

  USEVARIABLES ARE Part_num MatchID_clean
  FUpasn FUOneNight FUCasual FUSerious FUCommitted;

  CLUSTER = Part_num MatchID_clean;

  !Not sure if I should include only mutual matches ...
  USEOBS FUStatus LT 5 AND FUStatus NE 0;

  MISSING ARE ALL (-999);

   ANALYSIS:
  TYPE=THREELEVEL BASIC;
  ITERATIONS = 100000;

  OUTPUT: SAMPSTAT STDYX;





*** WARNING in VARIABLE command
  Note that only the first 8 characters of variable names are used in the output.
  Shorten variable names to avoid any confusion.
*** WARNING
  Clusters for MATCHID_CLEAN with the same IDs have been found in different clusters
  for PART_NUM.  These clusters are assumed to be different because clusters for
  MATCHID_CLEAN are not allowed to appear in more than one cluster for PART_NUM.
*** WARNING
  Data set contains cases with missing on all variables.
  These cases were not included in the analysis.
  Number of cases with missing on all variables:  27027
   3 WARNING(S) FOUND IN THE INPUT INSTRUCTIONS



FU Romantic Descriptives

SUMMARY OF ANALYSIS

Number of groups                                                 1
Number of observations                                         167

Number of dependent variables                                    5
Number of independent variables                                  0
Number of continuous latent variables                            0

Observed dependent variables

  Continuous
   FUPASN      FUONENIGHT  FUCASUAL    FUSERIOUS   FUCOMMITTE

Variables with special functions

  Cluster variables     PART_NUM  MATCHID_

Estimator                                                      MLR
Information matrix                                        OBSERVED
Maximum number of iterations                                100000
Convergence criterion                                    0.100D-05
Maximum number of EM iterations                                500
Convergence criteria for the EM algorithm
  Loglikelihood change                                   0.100D-02
  Relative loglikelihood change                          0.100D-05
  Derivative                                             0.100D-03
Minimum variance                                         0.100D-03
Maximum number of steepest descent iterations                   20
Maximum number of iterations for H1                           2000
Convergence criterion for H1                             0.100D-02
Optimization algorithm                                         EMA

Input data file(s)
  speed.dating.mplus.10.dat
Input data format  FREE


SUMMARY OF DATA

     Number of MATCHID_CLEAN clusters      48
     Number of PART_NUM clusters           41

     PART_NUM Cluster 22

       Number of MATCHID_CLEAN clusters     1

         Size (s)    MATCHID_CLEAN Cluster ID with Size s

            3      223689

     PART_NUM Cluster 116

       Number of MATCHID_CLEAN clusters     1

         Size (s)    MATCHID_CLEAN Cluster ID with Size s

            2      1166124

     PART_NUM Cluster 235

       Number of MATCHID_CLEAN clusters     1

         Size (s)    MATCHID_CLEAN Cluster ID with Size s

            6      2352290

     PART_NUM Cluster 339

       Number of MATCHID_CLEAN clusters     1

         Size (s)    MATCHID_CLEAN Cluster ID with Size s

            9      3398071

     PART_NUM Cluster 538

       Number of MATCHID_CLEAN clusters     2

         Size (s)    MATCHID_CLEAN Cluster ID with Size s

            2      5381570 5385512

     PART_NUM Cluster 807

       Number of MATCHID_CLEAN clusters     1

         Size (s)    MATCHID_CLEAN Cluster ID with Size s

            3      8074287

     PART_NUM Cluster 812

       Number of MATCHID_CLEAN clusters     1

         Size (s)    MATCHID_CLEAN Cluster ID with Size s

            9      8120378

     PART_NUM Cluster 894

       Number of MATCHID_CLEAN clusters     1

         Size (s)    MATCHID_CLEAN Cluster ID with Size s

            3      8948591

     PART_NUM Cluster 1083

       Number of MATCHID_CLEAN clusters     3

         Size (s)    MATCHID_CLEAN Cluster ID with Size s

            2      10833932
            5      10830482 10832265

     PART_NUM Cluster 1288

       Number of MATCHID_CLEAN clusters     2

         Size (s)    MATCHID_CLEAN Cluster ID with Size s

            1      12883350
            4      12886637

     PART_NUM Cluster 2290

       Number of MATCHID_CLEAN clusters     1

         Size (s)    MATCHID_CLEAN Cluster ID with Size s

            5      22900235

     PART_NUM Cluster 2883

       Number of MATCHID_CLEAN clusters     1

         Size (s)    MATCHID_CLEAN Cluster ID with Size s

            2      28831083

     PART_NUM Cluster 2897

       Number of MATCHID_CLEAN clusters     1

         Size (s)    MATCHID_CLEAN Cluster ID with Size s

            1      28975015

     PART_NUM Cluster 3071

       Number of MATCHID_CLEAN clusters     1

         Size (s)    MATCHID_CLEAN Cluster ID with Size s

            3      30717725

     PART_NUM Cluster 3088

       Number of MATCHID_CLEAN clusters     1

         Size (s)    MATCHID_CLEAN Cluster ID with Size s

            4      30888863

     PART_NUM Cluster 3608

       Number of MATCHID_CLEAN clusters     1

         Size (s)    MATCHID_CLEAN Cluster ID with Size s

            8      36086366

     PART_NUM Cluster 3671

       Number of MATCHID_CLEAN clusters     1

         Size (s)    MATCHID_CLEAN Cluster ID with Size s

            3      36716883

     PART_NUM Cluster 3689

       Number of MATCHID_CLEAN clusters     1

         Size (s)    MATCHID_CLEAN Cluster ID with Size s

            1      36891717

     PART_NUM Cluster 4462

       Number of MATCHID_CLEAN clusters     1

         Size (s)    MATCHID_CLEAN Cluster ID with Size s

            4      44629798

     PART_NUM Cluster 4702

       Number of MATCHID_CLEAN clusters     1

         Size (s)    MATCHID_CLEAN Cluster ID with Size s

            1      47022477

     PART_NUM Cluster 5015

       Number of MATCHID_CLEAN clusters     1

         Size (s)    MATCHID_CLEAN Cluster ID with Size s

            3      50152897

     PART_NUM Cluster 5541

       Number of MATCHID_CLEAN clusters     1

         Size (s)    MATCHID_CLEAN Cluster ID with Size s

            2      55414346

     PART_NUM Cluster 6124

       Number of MATCHID_CLEAN clusters     1

         Size (s)    MATCHID_CLEAN Cluster ID with Size s

            1      61240116

     PART_NUM Cluster 6368

       Number of MATCHID_CLEAN clusters     1

         Size (s)    MATCHID_CLEAN Cluster ID with Size s

           10      63683088

     PART_NUM Cluster 6443

       Number of MATCHID_CLEAN clusters     1

         Size (s)    MATCHID_CLEAN Cluster ID with Size s

            1      64430001

     PART_NUM Cluster 6469

       Number of MATCHID_CLEAN clusters     1

         Size (s)    MATCHID_CLEAN Cluster ID with Size s

            3      64698671

     PART_NUM Cluster 6636

       Number of MATCHID_CLEAN clusters     1

         Size (s)    MATCHID_CLEAN Cluster ID with Size s

            1      66368488

     PART_NUM Cluster 6839

       Number of MATCHID_CLEAN clusters     1

         Size (s)    MATCHID_CLEAN Cluster ID with Size s

            3      68399766

     PART_NUM Cluster 7494

       Number of MATCHID_CLEAN clusters     1

         Size (s)    MATCHID_CLEAN Cluster ID with Size s

            2      74940682

     PART_NUM Cluster 7666

       Number of MATCHID_CLEAN clusters     2

         Size (s)    MATCHID_CLEAN Cluster ID with Size s

            1      76662091
            2      76663071

     PART_NUM Cluster 7695

       Number of MATCHID_CLEAN clusters     1

         Size (s)    MATCHID_CLEAN Cluster ID with Size s

            5      76950894

     PART_NUM Cluster 7725

       Number of MATCHID_CLEAN clusters     1

         Size (s)    MATCHID_CLEAN Cluster ID with Size s

            6      77253071

     PART_NUM Cluster 8381

       Number of MATCHID_CLEAN clusters     1

         Size (s)    MATCHID_CLEAN Cluster ID with Size s

            4      83816454

     PART_NUM Cluster 8429

       Number of MATCHID_CLEAN clusters     1

         Size (s)    MATCHID_CLEAN Cluster ID with Size s

            4      84291515

     PART_NUM Cluster 8526

       Number of MATCHID_CLEAN clusters     1

         Size (s)    MATCHID_CLEAN Cluster ID with Size s

            9      85266366

     PART_NUM Cluster 8584

       Number of MATCHID_CLEAN clusters     1

         Size (s)    MATCHID_CLEAN Cluster ID with Size s

            1      85847623

     PART_NUM Cluster 8591

       Number of MATCHID_CLEAN clusters     2

         Size (s)    MATCHID_CLEAN Cluster ID with Size s

            1      85910894 85914394

     PART_NUM Cluster 8644

       Number of MATCHID_CLEAN clusters     2

         Size (s)    MATCHID_CLEAN Cluster ID with Size s

            1      86445019
            8      86449557

     PART_NUM Cluster 9046

       Number of MATCHID_CLEAN clusters     1

         Size (s)    MATCHID_CLEAN Cluster ID with Size s

            1      90469150

     PART_NUM Cluster 9335

       Number of MATCHID_CLEAN clusters     1

         Size (s)    MATCHID_CLEAN Cluster ID with Size s

            5      93355512

     PART_NUM Cluster 9626

       Number of MATCHID_CLEAN clusters     1

         Size (s)    MATCHID_CLEAN Cluster ID with Size s

            4      96265559


     Average cluster size for MATCHID_CLEAN level        3.479

     Estimated Intraclass Correlations for the Y Variables for MATCHID_CLEAN level

                Intraclass              Intraclass              Intraclass
     Variable  Correlation   Variable  Correlation   Variable  Correlation

     FUPASN       0.022      FUONENIG     0.011      FUCASUAL     0.126
     FUSERIOU     0.012      FUCOMMIT     0.075

     Average cluster size for PART_NUM level        4.073

     Estimated Intraclass Correlations for the Y Variables for PART_NUM level

                Intraclass              Intraclass              Intraclass
     Variable  Correlation   Variable  Correlation   Variable  Correlation

     FUPASN       0.570      FUONENIG     0.387      FUCASUAL     0.306
     FUSERIOU     0.539      FUCOMMIT     0.376


SUMMARY OF MISSING DATA PATTERNS


COVARIANCE COVERAGE OF DATA

Minimum covariance coverage value   0.100





RESULTS FOR BASIC ANALYSIS

NOTE:  The sample statistics for within and between refer to the
       maximum-likelihood estimated within and between covariance
       matrices, respectively.


     ESTIMATED SAMPLE STATISTICS FOR WITHIN


           Means
              FUPASN        FUONENIG      FUCASUAL      FUSERIOU      FUCOMMIT
              ________      ________      ________      ________      ________
 1              0.000         0.000         0.000         0.000         0.000


           Covariances
              FUPASN        FUONENIG      FUCASUAL      FUSERIOU      FUCOMMIT
              ________      ________      ________      ________      ________
 FUPASN         0.617
 FUONENIG      -0.032         2.598
 FUCASUAL       0.156         0.119         1.189
 FUSERIOU       0.457         0.223         0.377         1.326
 FUCOMMIT       0.442        -0.368         0.085         0.618         1.547


           Correlations
              FUPASN        FUONENIG      FUCASUAL      FUSERIOU      FUCOMMIT
              ________      ________      ________      ________      ________
 FUPASN         1.000
 FUONENIG      -0.025         1.000
 FUCASUAL       0.182         0.068         1.000
 FUSERIOU       0.505         0.120         0.300         1.000
 FUCOMMIT       0.452        -0.184         0.063         0.432         1.000


     ESTIMATED SAMPLE STATISTICS FOR BETWEEN MATCHID_CLEAN


           Means
              FUPASN        FUONENIG      FUCASUAL      FUSERIOU      FUCOMMIT
              ________      ________      ________      ________      ________
 1              0.000         0.000         0.000         0.000         0.000


           Covariances
              FUPASN        FUONENIG      FUCASUAL      FUSERIOU      FUCOMMIT
              ________      ________      ________      ________      ________
 FUPASN         0.034
 FUONENIG      -0.007         0.046
 FUCASUAL       0.063         0.028         0.265
 FUSERIOU      -0.005        -0.007        -0.064         0.035
 FUCOMMIT       0.076        -0.027         0.183        -0.031         0.212


           Correlations
              FUPASN        FUONENIG      FUCASUAL      FUSERIOU      FUCOMMIT
              ________      ________      ________      ________      ________
 FUPASN         1.000
 FUONENIG      -0.179         1.000
 FUCASUAL       0.667         0.258         1.000
 FUSERIOU      -0.147        -0.179        -0.667         1.000
 FUCOMMIT       0.903        -0.272         0.773        -0.356         1.000


     ESTIMATED SAMPLE STATISTICS FOR BETWEEN PART_NUM


           Means
              FUPASN        FUONENIG      FUCASUAL      FUSERIOU      FUCOMMIT
              ________      ________      ________      ________      ________
 1              4.126         4.218         3.703         4.115         4.121


           Covariances
              FUPASN        FUONENIG      FUCASUAL      FUSERIOU      FUCOMMIT
              ________      ________      ________      ________      ________
 FUPASN         0.864
 FUONENIG      -0.350         1.667
 FUCASUAL      -0.214         0.835         0.640
 FUSERIOU       0.906        -0.415        -0.141         1.595
 FUCOMMIT       0.867        -0.621        -0.281         1.194         1.059


           Correlations
              FUPASN        FUONENIG      FUCASUAL      FUSERIOU      FUCOMMIT
              ________      ________      ________      ________      ________
 FUPASN         1.000
 FUONENIG      -0.291         1.000
 FUCASUAL      -0.288         0.808         1.000
 FUSERIOU       0.772        -0.254        -0.140         1.000
 FUCOMMIT       0.906        -0.468        -0.342         0.919         1.000


     MAXIMUM LOG-LIKELIHOOD VALUE FOR THE UNRESTRICTED (H1) MODEL IS -1316.214


     Beginning Time:  15:10:51
        Ending Time:  15:10:54
       Elapsed Time:  00:00:03



MUTHEN & MUTHEN
3463 Stoner Ave.
Los Angeles, CA  90066

Tel: (310) 391-9971
Fax: (310) 391-8971
Web: www.StatModel.com
Support: Support@StatModel.com

Copyright (c) 1998-2013 Muthen & Muthen
