Mplus VERSION 7.11
MUTHEN & MUTHEN
07/23/2014   3:10 PM

INPUT INSTRUCTIONS

   TITLE: Level 2 Descriptives

     DATA:
    FILE IS
  speed.dating.mplus.10.dat;

    VARIABLE: NAMES ARE Part_num MatchID_clean Follow_clean
    IRLikedPartner IRSayYes IRSexAttract
      IRThinkCareer IRThinkAmbitious IRThinkPhys
      IRThinkHot IRThinkFun IRThinkResponsive
      IRThinkDependable IRThinkFriendly IRCommon
      IRPersonality IRConnection yessing mutmatch PMexcited
      PMSelfinit PMMatchinit FUEager FUInitiate FUEnjoy
      FUSexDesire FUSoulMate FURomInterest FUOnlyWith
      FUMind FUOneNight FUCasual FUSerious FUCommitted
      FUExtentPhys FUExtentCareer FUExtentAmbitious
      FUExtentHot FUExtentFun FUExtentRespons
      FUExtentFriendly DemAge DemEthn FUPhysContact
      FUInitiatePhys FUEnjoyContact FUContactBad
      IRpatt IRepro IRpers IRrdes IRchem FUpasn FUpatt FUepro
      FUpers FUStatus sex_M1_F2;

  USEVARIABLES ARE Part_num MatchID_clean FUInitiatePhys
      FUEnjoyContact FUContactBad;

  CLUSTER = Part_num MatchID_clean;

  USEOBS FUStatus LT 5 AND FUStatus NE 0 AND FUPhysContact EQ 1;

  MISSING ARE ALL (-999);

   ANALYSIS:
  TYPE=THREELEVEL BASIC;

  OUTPUT: SAMPSTAT STDYX;





*** WARNING in VARIABLE command
  Note that only the first 8 characters of variable names are used in the output.
  Shorten variable names to avoid any confusion.
*** WARNING
  Data set contains cases with missing on all variables.
  These cases were not included in the analysis.
  Number of cases with missing on all variables:  1
   2 WARNING(S) FOUND IN THE INPUT INSTRUCTIONS



Level 2 Descriptives

SUMMARY OF ANALYSIS

Number of groups                                                 1
Number of observations                                          37

Number of dependent variables                                    3
Number of independent variables                                  0
Number of continuous latent variables                            0

Observed dependent variables

  Continuous
   FUINITIATE  FUENJOYCON  FUCONTACTB

Variables with special functions

  Cluster variables     PART_NUM  MATCHID_

Estimator                                                      MLR
Information matrix                                        OBSERVED
Maximum number of iterations                                   100
Convergence criterion                                    0.100D-05
Maximum number of EM iterations                                500
Convergence criteria for the EM algorithm
  Loglikelihood change                                   0.100D-02
  Relative loglikelihood change                          0.100D-05
  Derivative                                             0.100D-03
Minimum variance                                         0.100D-03
Maximum number of steepest descent iterations                   20
Maximum number of iterations for H1                           2000
Convergence criterion for H1                             0.100D-02
Optimization algorithm                                         EMA

Input data file(s)
  speed.dating.mplus.10.dat
Input data format  FREE


SUMMARY OF DATA

     Number of MATCHID_CLEAN clusters      14
     Number of PART_NUM clusters           13

     PART_NUM Cluster 339

       Number of MATCHID_CLEAN clusters     1

         Size (s)    MATCHID_CLEAN Cluster ID with Size s

            5      8071

     PART_NUM Cluster 1083

       Number of MATCHID_CLEAN clusters     1

         Size (s)    MATCHID_CLEAN Cluster ID with Size s

            1      3932

     PART_NUM Cluster 2290

       Number of MATCHID_CLEAN clusters     1

         Size (s)    MATCHID_CLEAN Cluster ID with Size s

            1      235

     PART_NUM Cluster 2883

       Number of MATCHID_CLEAN clusters     1

         Size (s)    MATCHID_CLEAN Cluster ID with Size s

            1      1083

     PART_NUM Cluster 3071

       Number of MATCHID_CLEAN clusters     1

         Size (s)    MATCHID_CLEAN Cluster ID with Size s

            2      7725

     PART_NUM Cluster 3088

       Number of MATCHID_CLEAN clusters     1

         Size (s)    MATCHID_CLEAN Cluster ID with Size s

            3      8863

     PART_NUM Cluster 5541

       Number of MATCHID_CLEAN clusters     1

         Size (s)    MATCHID_CLEAN Cluster ID with Size s

            2      4346

     PART_NUM Cluster 6469

       Number of MATCHID_CLEAN clusters     1

         Size (s)    MATCHID_CLEAN Cluster ID with Size s

            2      8671

     PART_NUM Cluster 7494

       Number of MATCHID_CLEAN clusters     1

         Size (s)    MATCHID_CLEAN Cluster ID with Size s

            2      682

     PART_NUM Cluster 7725

       Number of MATCHID_CLEAN clusters     1

         Size (s)    MATCHID_CLEAN Cluster ID with Size s

            3      3071

     PART_NUM Cluster 8381

       Number of MATCHID_CLEAN clusters     1

         Size (s)    MATCHID_CLEAN Cluster ID with Size s

            3      6454

     PART_NUM Cluster 8429

       Number of MATCHID_CLEAN clusters     1

         Size (s)    MATCHID_CLEAN Cluster ID with Size s

            4      1515

     PART_NUM Cluster 8644

       Number of MATCHID_CLEAN clusters     2

         Size (s)    MATCHID_CLEAN Cluster ID with Size s

            1      5019
            7      9557


     Average cluster size for MATCHID_CLEAN level        2.643

     Estimated Intraclass Correlations for the Y Variables for MATCHID_CLEAN level

                Intraclass              Intraclass              Intraclass
     Variable  Correlation   Variable  Correlation   Variable  Correlation

     FUINITIA     0.085      FUENJOYC     0.024      FUCONTAC     0.015

     Average cluster size for PART_NUM level        2.846

     Estimated Intraclass Correlations for the Y Variables for PART_NUM level

                Intraclass              Intraclass              Intraclass
     Variable  Correlation   Variable  Correlation   Variable  Correlation

     FUINITIA     0.582      FUENJOYC     0.765      FUCONTAC     0.616


SUMMARY OF MISSING DATA PATTERNS


COVARIANCE COVERAGE OF DATA

Minimum covariance coverage value   0.100





RESULTS FOR BASIC ANALYSIS

NOTE:  The sample statistics for within and between refer to the
       maximum-likelihood estimated within and between covariance
       matrices, respectively.


     ESTIMATED SAMPLE STATISTICS FOR WITHIN


           Means
              FUINITIA      FUENJOYC      FUCONTAC
              ________      ________      ________
 1              0.000         0.000         0.000


           Covariances
              FUINITIA      FUENJOYC      FUCONTAC
              ________      ________      ________
 FUINITIA       1.003
 FUENJOYC       0.011         0.436
 FUCONTAC       0.172        -0.256         1.468


           Correlations
              FUINITIA      FUENJOYC      FUCONTAC
              ________      ________      ________
 FUINITIA       1.000
 FUENJOYC       0.017         1.000
 FUCONTAC       0.142        -0.320         1.000


     ESTIMATED SAMPLE STATISTICS FOR BETWEEN MATCHID_CLEAN


           Means
              FUINITIA      FUENJOYC      FUCONTAC
              ________      ________      ________
 1              0.000         0.000         0.000


           Covariances
              FUINITIA      FUENJOYC      FUCONTAC
              ________      ________      ________
 FUINITIA       0.254
 FUENJOYC      -0.064         0.049
 FUCONTAC      -0.051        -0.011         0.061


           Correlations
              FUINITIA      FUENJOYC      FUCONTAC
              ________      ________      ________
 FUINITIA       1.000
 FUENJOYC      -0.576         1.000
 FUCONTAC      -0.410        -0.203         1.000


     ESTIMATED SAMPLE STATISTICS FOR BETWEEN PART_NUM


           Means
              FUINITIA      FUENJOYC      FUCONTAC
              ________      ________      ________
 1              3.857         5.643         3.076


           Covariances
              FUINITIA      FUENJOYC      FUCONTAC
              ________      ________      ________
 FUINITIA       1.748
 FUENJOYC      -0.231         1.582
 FUCONTAC       0.102        -1.954         2.448


           Correlations
              FUINITIA      FUENJOYC      FUCONTAC
              ________      ________      ________
 FUINITIA       1.000
 FUENJOYC      -0.139         1.000
 FUCONTAC       0.049        -0.993         1.000


     MAXIMUM LOG-LIKELIHOOD VALUE FOR THE UNRESTRICTED (H1) MODEL IS -175.433


     Beginning Time:  15:10:54
        Ending Time:  15:10:54
       Elapsed Time:  00:00:00



MUTHEN & MUTHEN
3463 Stoner Ave.
Los Angeles, CA  90066

Tel: (310) 391-9971
Fax: (310) 391-8971
Web: www.StatModel.com
Support: Support@StatModel.com

Copyright (c) 1998-2013 Muthen & Muthen
