Mplus VERSION 7.11
MUTHEN & MUTHEN
07/23/2014   3:10 PM

INPUT INSTRUCTIONS

   TITLE: Level 2 Physical Attraction Alpha Reliability

     DATA:
    FILE IS
  speed.dating.mplus.10.dat;

    VARIABLE: NAMES ARE Part_num MatchID_clean Follow_clean
    IRLikedPartner IRSayYes IRSexAttract
      IRThinkCareer IRThinkAmbitious IRThinkPhys
      IRThinkHot IRThinkFun IRThinkResponsive
      IRThinkDependable IRThinkFriendly IRCommon
      IRPersonality IRConnection yessing mutmatch PMexcited
      PMSelfinit PMMatchinit FUEager FUInitiate FUEnjoy
      FUSexDesire FUSoulMate FURomInterest FUOnlyWith
      FUMind FUOneNight FUCasual FUSerious FUCommitted
      FUExtentPhys FUExtentCareer FUExtentAmbitious
      FUExtentHot FUExtentFun FUExtentRespons
      FUExtentFriendly DemAge DemEthn FUPhysContact
      FUInitiatePhys FUEnjoyContact FUContactBad
      IRpatt IRepro IRpers IRrdes IRchem FUpasn FUpatt FUepro
      FUpers FUStatus sex_M1_F2;

      CLUSTER =Part_num;

  USEVARIABLES ARE Part_num IRThinkPhys IRThinkHot ;

   USEOBS Follow_clean EQ 1;

  CLUSTER = Part_num;
  MISSING ARE ALL (-999);

   ANALYSIS:
  TYPE=TWOLEVEL;

  MODEL:

  %WITHIN%
  IRThinkPhys WITH IRThinkHot;

  %BETWEEN%
  IRThinkPhys WITH IRThinkHot;

  OUTPUT: SAMPSTAT STDYX;





*** WARNING in VARIABLE command
  Note that only the first 8 characters of variable names are used in the output.
  Shorten variable names to avoid any confusion.
*** WARNING
  Data set contains cases with missing on all variables.
  These cases were not included in the analysis.
  Number of cases with missing on all variables:  114
   2 WARNING(S) FOUND IN THE INPUT INSTRUCTIONS



Level 2 Physical Attraction Alpha Reliability

SUMMARY OF ANALYSIS

Number of groups                                                 1
Number of observations                                        2702

Number of dependent variables                                    2
Number of independent variables                                  0
Number of continuous latent variables                            0

Observed dependent variables

  Continuous
   IRTHINKPHY  IRTHINKHOT

Variables with special functions

  Cluster variable      PART_NUM

Estimator                                                      MLR
Information matrix                                        OBSERVED
Maximum number of iterations                                   100
Convergence criterion                                    0.100D-05
Maximum number of EM iterations                                500
Convergence criteria for the EM algorithm
  Loglikelihood change                                   0.100D-02
  Relative loglikelihood change                          0.100D-05
  Derivative                                             0.100D-03
Minimum variance                                         0.100D-03
Maximum number of steepest descent iterations                   20
Maximum number of iterations for H1                           2000
Convergence criterion for H1                             0.100D-03
Optimization algorithm                                         EMA

Input data file(s)
  speed.dating.mplus.10.dat
Input data format  FREE


SUMMARY OF DATA

     Number of missing data patterns             2
     Number of clusters                        304

     Average cluster size        8.888

     Estimated Intraclass Correlations for the Y Variables

                Intraclass              Intraclass
     Variable  Correlation   Variable  Correlation

     IRTHINKP     0.364      IRTHINKH     0.391



COVARIANCE COVERAGE OF DATA

Minimum covariance coverage value   0.100


     PROPORTION OF DATA PRESENT


           Covariance Coverage
              IRTHINKP      IRTHINKH
              ________      ________
 IRTHINKP       1.000
 IRTHINKH       0.994         0.994


SAMPLE STATISTICS

NOTE:  The sample statistics for within and between refer to the
       maximum-likelihood estimated within and between covariance
       matrices, respectively.


     ESTIMATED SAMPLE STATISTICS FOR WITHIN


           Means
              IRTHINKP      IRTHINKH
              ________      ________
 1              0.000         0.000


           Covariances
              IRTHINKP      IRTHINKH
              ________      ________
 IRTHINKP       3.392
 IRTHINKH       2.940         3.246


           Correlations
              IRTHINKP      IRTHINKH
              ________      ________
 IRTHINKP       1.000
 IRTHINKH       0.886         1.000


     ESTIMATED SAMPLE STATISTICS FOR BETWEEN


           Means
              IRTHINKP      IRTHINKH
              ________      ________
 1              4.870         4.344


           Covariances
              IRTHINKP      IRTHINKH
              ________      ________
 IRTHINKP       1.945
 IRTHINKH       1.851         2.084


           Correlations
              IRTHINKP      IRTHINKH
              ________      ________
 IRTHINKP       1.000
 IRTHINKH       0.919         1.000


     MAXIMUM LOG-LIKELIHOOD VALUE FOR THE UNRESTRICTED (H1) MODEL IS -9324.801


THE MODEL ESTIMATION TERMINATED NORMALLY



MODEL FIT INFORMATION

Number of Free Parameters                        8

Loglikelihood

          H0 Value                       -9324.801
          H0 Scaling Correction Factor      2.3047
            for MLR
          H1 Value                       -9324.801
          H1 Scaling Correction Factor      2.3047
            for MLR

Information Criteria

          Akaike (AIC)                   18665.602
          Bayesian (BIC)                 18712.816
          Sample-Size Adjusted BIC       18687.398
            (n* = (n + 2) / 24)

Chi-Square Test of Model Fit

          Value                              0.000*
          Degrees of Freedom                     0
          P-Value                           1.0000
          Scaling Correction Factor         1.0000
            for MLR

*   The chi-square value for MLM, MLMV, MLR, ULSMV, WLSM and WLSMV cannot be used
    for chi-square difference testing in the regular way.  MLM, MLR and WLSM
    chi-square difference testing is described on the Mplus website.  MLMV, WLSMV,
    and ULSMV difference testing is done using the DIFFTEST option.

RMSEA (Root Mean Square Error Of Approximation)

          Estimate                           0.000

CFI/TLI

          CFI                                1.000
          TLI                                1.000

Chi-Square Test of Model Fit for the Baseline Model

          Value                            810.256
          Degrees of Freedom                     2
          P-Value                           0.0000

SRMR (Standardized Root Mean Square Residual)

          Value for Within                   0.000
          Value for Between                  0.000



MODEL RESULTS

                                                    Two-Tailed
                    Estimate       S.E.  Est./S.E.    P-Value

Within Level

 IRTHINKP WITH
    IRTHINKHOT         2.940      0.136     21.623      0.000

 Variances
    IRTHINKPHY         3.392      0.146     23.260      0.000
    IRTHINKHOT         3.246      0.146     22.195      0.000

Between Level

 IRTHINKP WITH
    IRTHINKHOT         1.851      0.161     11.503      0.000

 Means
    IRTHINKPHY         4.870      0.088     55.353      0.000
    IRTHINKHOT         4.344      0.090     48.131      0.000

 Variances
    IRTHINKPHY         1.945      0.169     11.481      0.000
    IRTHINKHOT         2.084      0.171     12.207      0.000


STANDARDIZED MODEL RESULTS


STDYX Standardization

                                                    Two-Tailed
                    Estimate       S.E.  Est./S.E.    P-Value

Within Level

 IRTHINKP WITH
    IRTHINKHOT         0.886      0.009    100.807      0.000

 Variances
    IRTHINKPHY         1.000      0.000    999.000    999.000
    IRTHINKHOT         1.000      0.000    999.000    999.000

Between Level

 IRTHINKP WITH
    IRTHINKHOT         0.919      0.018     52.393      0.000

 Means
    IRTHINKPHY         3.492      0.172     20.316      0.000
    IRTHINKHOT         3.009      0.138     21.794      0.000

 Variances
    IRTHINKPHY         1.000      0.000    999.000    999.000
    IRTHINKHOT         1.000      0.000    999.000    999.000


R-SQUARE

Within Level

Between Level


QUALITY OF NUMERICAL RESULTS

     Condition Number for the Information Matrix              0.253E-04
       (ratio of smallest to largest eigenvalue)


     Beginning Time:  15:10:56
        Ending Time:  15:10:57
       Elapsed Time:  00:00:01



MUTHEN & MUTHEN
3463 Stoner Ave.
Los Angeles, CA  90066

Tel: (310) 391-9971
Fax: (310) 391-8971
Web: www.StatModel.com
Support: Support@StatModel.com

Copyright (c) 1998-2013 Muthen & Muthen
