Mplus VERSION 7.11
MUTHEN & MUTHEN
07/23/2014   3:10 PM

INPUT INSTRUCTIONS

   TITLE: Level 2 Chemistry Alpha Reliability

     DATA:
    FILE IS
  speed.dating.mplus.10.dat;

    VARIABLE: NAMES ARE Part_num MatchID_clean Follow_clean
    IRLikedPartner IRSayYes IRSexAttract
      IRThinkCareer IRThinkAmbitious IRThinkPhys
      IRThinkHot IRThinkFun IRThinkResponsive
      IRThinkDependable IRThinkFriendly IRCommon
      IRPersonality IRConnection yessing mutmatch PMexcited
      PMSelfinit PMMatchinit FUEager FUInitiate FUEnjoy
      FUSexDesire FUSoulMate FURomInterest FUOnlyWith
      FUMind FUOneNight FUCasual FUSerious FUCommitted
      FUExtentPhys FUExtentCareer FUExtentAmbitious
      FUExtentHot FUExtentFun FUExtentRespons
      FUExtentFriendly DemAge DemEthn FUPhysContact
      FUInitiatePhys FUEnjoyContact FUContactBad
      IRpatt IRepro IRpers IRrdes IRchem FUpasn FUpatt FUepro
      FUpers FUStatus sex_M1_F2;

      CLUSTER =Part_num;

  USEVARIABLES ARE Part_num IRCommon IRPersonality
      IRConnection ;

   USEOBS Follow_clean EQ 1;

  CLUSTER = Part_num;
  MISSING ARE ALL (-999);

   ANALYSIS:
  TYPE=TWOLEVEL;

  MODEL:
  %WITHIN%

  IRCommon WITH
  IRPersonality (WC1)
  IRConnection (WC2);

  IRPersonality WITH
  IRConnection (WC3);

  IRCommon (WV1);
  IRPersonality (WV2);
  IRConnection (WV3);



  %BETWEEN%
  IRCommon WITH
  IRPersonality (BC1)
  IRConnection (BC2);

  IRPersonality WITH
  IRConnection (BC3);

  IRCommon (BV1);
  IRPersonality (BV2);
  IRConnection (BV3);



  OUTPUT: SAMPSTAT STDYX;

  MODEL CONSTRAINT: NEW(COMP_V_W ALPHAW COMP_V_B ALPHAB);

  COMP_V_W = WV1+WV2+WV3+2*(WC1+WC2+WC3);

  ALPHAW = (((WC1+WC2+WC3)/3)*9)/COMP_V_W;

  COMP_V_B = BV1+BV2+BV3+2*(BC1+BC2+BC3);

  ALPHAB = (((BC1+BC2+BC3)/3)*9)/COMP_V_B;






*** WARNING in VARIABLE command
  Note that only the first 8 characters of variable names are used in the output.
  Shorten variable names to avoid any confusion.
*** WARNING
  Data set contains cases with missing on all variables.
  These cases were not included in the analysis.
  Number of cases with missing on all variables:  55
   2 WARNING(S) FOUND IN THE INPUT INSTRUCTIONS



Level 2 Chemistry Alpha Reliability

SUMMARY OF ANALYSIS

Number of groups                                                 1
Number of observations                                        2761

Number of dependent variables                                    3
Number of independent variables                                  0
Number of continuous latent variables                            0

Observed dependent variables

  Continuous
   IRCOMMON    IRPERSONAL  IRCONNECTI

Variables with special functions

  Cluster variable      PART_NUM

Estimator                                                      MLR
Information matrix                                        OBSERVED
Maximum number of iterations                                   100
Convergence criterion                                    0.100D-05
Maximum number of EM iterations                                500
Convergence criteria for the EM algorithm
  Loglikelihood change                                   0.100D-02
  Relative loglikelihood change                          0.100D-05
  Derivative                                             0.100D-03
Minimum variance                                         0.100D-03
Maximum number of steepest descent iterations                   20
Maximum number of iterations for H1                           2000
Convergence criterion for H1                             0.100D-03
Optimization algorithm                                         EMA

Input data file(s)
  speed.dating.mplus.10.dat
Input data format  FREE


SUMMARY OF DATA

     Number of missing data patterns             5
     Number of clusters                        305

     Average cluster size        9.052

     Estimated Intraclass Correlations for the Y Variables

                Intraclass              Intraclass              Intraclass
     Variable  Correlation   Variable  Correlation   Variable  Correlation

     IRCOMMON     0.202      IRPERSON     0.235      IRCONNEC     0.324



COVARIANCE COVERAGE OF DATA

Minimum covariance coverage value   0.100


     PROPORTION OF DATA PRESENT


           Covariance Coverage
              IRCOMMON      IRPERSON      IRCONNEC
              ________      ________      ________
 IRCOMMON       1.000
 IRPERSON       0.999         0.999
 IRCONNEC       0.999         0.998         0.999


SAMPLE STATISTICS

NOTE:  The sample statistics for within and between refer to the
       maximum-likelihood estimated within and between covariance
       matrices, respectively.


     ESTIMATED SAMPLE STATISTICS FOR WITHIN


           Means
              IRCOMMON      IRPERSON      IRCONNEC
              ________      ________      ________
 1              0.000         0.000         0.000


           Covariances
              IRCOMMON      IRPERSON      IRCONNEC
              ________      ________      ________
 IRCOMMON       2.991
 IRPERSON       2.277         2.869
 IRCONNEC       1.957         2.091         2.630


           Correlations
              IRCOMMON      IRPERSON      IRCONNEC
              ________      ________      ________
 IRCOMMON       1.000
 IRPERSON       0.777         1.000
 IRCONNEC       0.698         0.761         1.000


     ESTIMATED SAMPLE STATISTICS FOR BETWEEN


           Means
              IRCOMMON      IRPERSON      IRCONNEC
              ________      ________      ________
 1              5.072         5.032         4.635


           Covariances
              IRCOMMON      IRPERSON      IRCONNEC
              ________      ________      ________
 IRCOMMON       0.759
 IRPERSON       0.798         0.881
 IRCONNEC       0.828         0.865         1.263


           Correlations
              IRCOMMON      IRPERSON      IRCONNEC
              ________      ________      ________
 IRCOMMON       1.000
 IRPERSON       0.975         1.000
 IRCONNEC       0.846         0.820         1.000


     MAXIMUM LOG-LIKELIHOOD VALUE FOR THE UNRESTRICTED (H1) MODEL IS -13938.165


THE MODEL ESTIMATION TERMINATED NORMALLY



MODEL FIT INFORMATION

Number of Free Parameters                       15

Loglikelihood

          H0 Value                      -13938.164
          H0 Scaling Correction Factor      1.8516
            for MLR
          H1 Value                      -13938.165
          H1 Scaling Correction Factor      1.8516
            for MLR

Information Criteria

          Akaike (AIC)                   27906.328
          Bayesian (BIC)                 27995.178
          Sample-Size Adjusted BIC       27947.518
            (n* = (n + 2) / 24)

Chi-Square Test of Model Fit

          Value                              0.000*
          Degrees of Freedom                     0
          P-Value                           1.0000
          Scaling Correction Factor         1.0000
            for MLR

*   The chi-square value for MLM, MLMV, MLR, ULSMV, WLSM and WLSMV cannot be used
    for chi-square difference testing in the regular way.  MLM, MLR and WLSM
    chi-square difference testing is described on the Mplus website.  MLMV, WLSMV,
    and ULSMV difference testing is done using the DIFFTEST option.

RMSEA (Root Mean Square Error Of Approximation)

          Estimate                           0.000

CFI/TLI

          CFI                                1.000
          TLI                                1.000

Chi-Square Test of Model Fit for the Baseline Model

          Value                           2092.915
          Degrees of Freedom                     6
          P-Value                           0.0000

SRMR (Standardized Root Mean Square Residual)

          Value for Within                   0.000
          Value for Between                  0.000



MODEL RESULTS

                                                    Two-Tailed
                    Estimate       S.E.  Est./S.E.    P-Value

Within Level

 IRCOMMON WITH
    IRPERSONAL         2.277      0.103     22.142      0.000
    IRCONNECTI         1.957      0.093     21.052      0.000

 IRPERSON WITH
    IRCONNECTI         2.091      0.102     20.512      0.000

 Variances
    IRCOMMON           2.991      0.120     24.981      0.000
    IRPERSONAL         2.869      0.119     24.097      0.000
    IRCONNECTI         2.630      0.108     24.283      0.000

Between Level

 IRCOMMON WITH
    IRPERSONAL         0.798      0.091      8.746      0.000
    IRCONNECTI         0.828      0.094      8.820      0.000

 IRPERSON WITH
    IRCONNECTI         0.865      0.100      8.615      0.000

 Means
    IRCOMMON           5.072      0.060     84.565      0.000
    IRPERSONAL         5.032      0.063     79.970      0.000
    IRCONNECTI         4.635      0.072     64.616      0.000

 Variances
    IRCOMMON           0.759      0.089      8.548      0.000
    IRPERSONAL         0.880      0.101      8.678      0.000
    IRCONNECTI         1.263      0.117     10.778      0.000

 New/Additional Parameters
    COMP_V_W          21.141      0.876     24.135      0.000
    ALPHAW             0.898      0.006    140.973      0.000
    COMP_V_B           7.883      0.825      9.553      0.000
    ALPHAB             0.948      0.009    103.693      0.000


STANDARDIZED MODEL RESULTS


STDYX Standardization

                                                    Two-Tailed
                    Estimate       S.E.  Est./S.E.    P-Value

Within Level

 IRCOMMON WITH
    IRPERSONAL         0.777      0.015     51.745      0.000
    IRCONNECTI         0.698      0.015     45.263      0.000

 IRPERSON WITH
    IRCONNECTI         0.761      0.015     51.696      0.000

 Variances
    IRCOMMON           1.000      0.000    999.000    999.000
    IRPERSONAL         1.000      0.000    999.000    999.000
    IRCONNECTI         1.000      0.000    999.000    999.000

Between Level

 IRCOMMON WITH
    IRPERSONAL         0.976      0.012     80.986      0.000
    IRCONNECTI         0.846      0.030     28.426      0.000

 IRPERSON WITH
    IRCONNECTI         0.820      0.030     26.924      0.000

 Means
    IRCOMMON           5.822      0.354     16.431      0.000
    IRPERSONAL         5.363      0.320     16.750      0.000
    IRCONNECTI         4.124      0.210     19.684      0.000

 Variances
    IRCOMMON           1.000      0.000    999.000    999.000
    IRPERSONAL         1.000      0.000    999.000    999.000
    IRCONNECTI         1.000      0.000    999.000    999.000


R-SQUARE

Within Level

Between Level


QUALITY OF NUMERICAL RESULTS

     Condition Number for the Information Matrix              0.122E-04
       (ratio of smallest to largest eigenvalue)


     Beginning Time:  15:10:55
        Ending Time:  15:10:56
       Elapsed Time:  00:00:01



MUTHEN & MUTHEN
3463 Stoner Ave.
Los Angeles, CA  90066

Tel: (310) 391-9971
Fax: (310) 391-8971
Web: www.StatModel.com
Support: Support@StatModel.com

Copyright (c) 1998-2013 Muthen & Muthen
