Mplus VERSION 7.11
MUTHEN & MUTHEN
07/23/2014   3:10 PM

INPUT INSTRUCTIONS

   TITLE: Level 2 Descriptives

     DATA:
    FILE IS
  speed.dating.mplus.10.dat;

    VARIABLE: NAMES ARE Part_num MatchID_clean Follow_clean
    IRLikedPartner IRSayYes IRSexAttract
      IRThinkCareer IRThinkAmbitious IRThinkPhys
      IRThinkHot IRThinkFun IRThinkResponsive
      IRThinkDependable IRThinkFriendly IRCommon
      IRPersonality IRConnection yessing mutmatch PMexcited
      PMSelfinit PMMatchinit FUEager FUInitiate FUEnjoy
      FUSexDesire FUSoulMate FURomInterest FUOnlyWith
      FUMind FUOneNight FUCasual FUSerious FUCommitted
      FUExtentPhys FUExtentCareer FUExtentAmbitious
      FUExtentHot FUExtentFun FUExtentRespons
      FUExtentFriendly DemAge DemEthn FUPhysContact
      FUInitiatePhys FUEnjoyContact FUContactBad
      IRpatt IRepro IRpers IRrdes IRchem FUpasn FUpatt FUepro
      FUpers FUStatus sex_M1_F2;

  USEVARIABLES ARE Part_num PMexcited PMSelfinit PMMatchinit;

   USEOBS Follow_clean EQ 1;

  CLUSTER = Part_num;

  MISSING ARE ALL (-999);

   ANALYSIS:
  TYPE=TWOLEVEL BASIC;

  OUTPUT: SAMPSTAT STDYX;





*** WARNING in VARIABLE command
  Note that only the first 8 characters of variable names are used in the output.
  Shorten variable names to avoid any confusion.
*** WARNING
  Data set contains cases with missing on all variables.
  These cases were not included in the analysis.
  Number of cases with missing on all variables:  2573
   2 WARNING(S) FOUND IN THE INPUT INSTRUCTIONS



Level 2 Descriptives

SUMMARY OF ANALYSIS

Number of groups                                                 1
Number of observations                                         243

Number of dependent variables                                    3
Number of independent variables                                  0
Number of continuous latent variables                            0

Observed dependent variables

  Continuous
   PMEXCITED   PMSELFINIT  PMMATCHINI

Variables with special functions

  Cluster variable      PART_NUM

Estimator                                                      MLR
Information matrix                                        OBSERVED
Maximum number of iterations                                   100
Convergence criterion                                    0.100D-05
Maximum number of EM iterations                                500
Convergence criteria for the EM algorithm
  Loglikelihood change                                   0.100D-02
  Relative loglikelihood change                          0.100D-05
  Derivative                                             0.100D-03
Minimum variance                                         0.100D-03
Maximum number of steepest descent iterations                   20
Maximum number of iterations for H1                           2000
Convergence criterion for H1                             0.100D-03
Optimization algorithm                                         EMA

Input data file(s)
  speed.dating.mplus.10.dat
Input data format  FREE


SUMMARY OF DATA

     Number of missing data patterns             2
     Number of clusters                        132

       Size (s)    Cluster ID with Size s

          1        22 116 235 332 378 387 682 789 1013 1014 1083 1105 1188
                   2290 2382 2446 2467 2623 2883 2897 3350 3483 3608 3671
                   3689 3719 4287 4296 4332 4347 4437 4462 4541 4562 4702
                   4951 5015 5017 5053 5393 5805 5871 6231 6368 6611 6770
                   6775 6839 7105 7142 7666 7695 7725 7886 8071 8494 8526
                   8863 9067 9426 9595 9798 9868
          2        5655 5685 3859 3932 5964 6083 6124 745 457 6443 6493
                   2477 6703 4346 807 4394 4422 2841 7623 1288 1515 3071
                   7803 1601 7915 7970 4783 8212 1636 1731 8591 8644 8765
                   538 2294 9106 9150 9179 9335 9413 5267 5366 42 5559
                   9999
          3        1570 5512 4823 3412 8429 6733 5325 8549 9519 7784 9672
                   8621 6337 4523
          4        5019 7673 1789 2265 6636 8584
          5        3088 8488
          6        6460
          8        7454

     Average cluster size        1.841

     Estimated Intraclass Correlations for the Y Variables

                Intraclass              Intraclass              Intraclass
     Variable  Correlation   Variable  Correlation   Variable  Correlation

     PMEXCITE     0.494      PMSELFIN     0.564      PMMATCHI     0.592



SUMMARY OF MISSING DATA PATTERNS


     MISSING DATA PATTERNS (x = not missing)

           1  2
 PMEXCITE  x
 PMSELFIN  x  x
 PMMATCHI  x  x


     MISSING DATA PATTERN FREQUENCIES

    Pattern   Frequency     Pattern   Frequency
          1         242           2           1


COVARIANCE COVERAGE OF DATA

Minimum covariance coverage value   0.100


     PROPORTION OF DATA PRESENT


           Covariance Coverage
              PMEXCITE      PMSELFIN      PMMATCHI
              ________      ________      ________
 PMEXCITE       0.996
 PMSELFIN       0.996         1.000
 PMMATCHI       0.996         1.000         1.000





RESULTS FOR BASIC ANALYSIS

NOTE:  The sample statistics for within and between refer to the
       maximum-likelihood estimated within and between covariance
       matrices, respectively.


     ESTIMATED SAMPLE STATISTICS FOR WITHIN


           Means
              PMEXCITE      PMSELFIN      PMMATCHI
              ________      ________      ________
 1              0.000         0.000         0.000


           Covariances
              PMEXCITE      PMSELFIN      PMMATCHI
              ________      ________      ________
 PMEXCITE       0.894
 PMSELFIN       0.642         1.052
 PMMATCHI       0.706         0.735         1.050


           Correlations
              PMEXCITE      PMSELFIN      PMMATCHI
              ________      ________      ________
 PMEXCITE       1.000
 PMSELFIN       0.662         1.000
 PMMATCHI       0.729         0.699         1.000


     ESTIMATED SAMPLE STATISTICS FOR BETWEEN


           Means
              PMEXCITE      PMSELFIN      PMMATCHI
              ________      ________      ________
 1              4.905         4.175         4.805


           Covariances
              PMEXCITE      PMSELFIN      PMMATCHI
              ________      ________      ________
 PMEXCITE       0.875
 PMSELFIN       0.769         1.361
 PMMATCHI       1.053         1.222         1.522


           Correlations
              PMEXCITE      PMSELFIN      PMMATCHI
              ________      ________      ________
 PMEXCITE       1.000
 PMSELFIN       0.704         1.000
 PMMATCHI       0.912         0.849         1.000


     MAXIMUM LOG-LIKELIHOOD VALUE FOR THE UNRESTRICTED (H1) MODEL IS -1016.638


     Beginning Time:  15:10:58
        Ending Time:  15:10:59
       Elapsed Time:  00:00:01



MUTHEN & MUTHEN
3463 Stoner Ave.
Los Angeles, CA  90066

Tel: (310) 391-9971
Fax: (310) 391-8971
Web: www.StatModel.com
Support: Support@StatModel.com

Copyright (c) 1998-2013 Muthen & Muthen
