Mplus VERSION 7.11
MUTHEN & MUTHEN
07/25/2014   2:54 PM

INPUT INSTRUCTIONS

   TITLE: Earning Prospects predicting FU Date Initiation w. Interaction

    DATA:
    FILE IS
  speed.dating.mplus.10.dat;

    VARIABLE: NAMES ARE Part_num MatchID_clean Follow_clean
    IRLikedPartner IRSayYes IRSexAttract
      IRThinkCareer IRThinkAmbitious IRThinkPhys
      IRThinkHot IRThinkFun IRThinkResponsive
      IRThinkDependable IRThinkFriendly IRCommon
      IRPersonality IRConnection yessing mutmatch PMexcited
      PMSelfinit PMMatchinit FUEager FUInitiate FUEnjoy
      FUSexDesire FUSoulMate FURomInterest FUOnlyWith
      FUMind FUOneNight FUCasual FUSerious FUCommitted
      FUExtentPhys FUExtentCareer FUExtentAmbitious
      FUExtentHot FUExtentFun FUExtentRespons
      FUExtentFriendly DemAge DemEthn FUPhysContact
      FUInitiatePhys FUEnjoyContact FUContactBad
      IRpatt IRepro IRpers IRrdes IRchem FUpasn FUpatt FUepro
      FUpers FUStatus sex_M1_F2;

      CLUSTER =Part_num MatchID_clean;
      WITHIN = IRpatt sexint;
      BETWEEN = (Part_num) sex_M1_F2;

  USEVARIABLES ARE Part_num MatchID_clean IRpatt FUInitiate sex_M1_F2 sexint;

  !When FUStatus = 0, all FU variables = 0. Removed to avoid bias. Presumed data-entry error
  USEOBS FUStatus NE 0;

  MISSING ARE ALL (-999);

  DEFINE:

  sexint = sex_M1_F2 * IRpatt;

   ANALYSIS:
  TYPE=THREELEVEL;
  ESTIMATOR = MLR;

  MODEL:
  %WITHIN%
  FUInitiate ON IRpatt sexint;

  %BETWEEN Part_num%
  FUInitiate ON sex_M1_F2;


  OUTPUT: SAMPSTAT STDYX;





*** WARNING in VARIABLE command
  Note that only the first 8 characters of variable names are used in the output.
  Shorten variable names to avoid any confusion.
*** WARNING
  Clusters for MATCHID_CLEAN with the same IDs have been found in different clusters
  for PART_NUM.  These clusters are assumed to be different because clusters for
  MATCHID_CLEAN are not allowed to appear in more than one cluster for PART_NUM.
*** WARNING
  Data set contains cases with missing on x-variables.
  These cases were not included in the analysis.
  Number of cases with missing on x-variables:  1117
*** WARNING
  Data set contains cases with missing on all variables except
  x-variables.  These cases were not included in the analysis.
  Number of cases with missing on all variables except x-variables:  26817
   4 WARNING(S) FOUND IN THE INPUT INSTRUCTIONS



Earning Prospects predicting FU Date Initiation w. Interaction

SUMMARY OF ANALYSIS

Number of groups                                                 1
Number of observations                                         226

Number of dependent variables                                    1
Number of independent variables                                  3
Number of continuous latent variables                            0

Observed dependent variables

  Continuous
   FUINITIATE

Observed independent variables
   IRPATT      SEX_M1_F    SEXINT

Variables with special functions

  Cluster variables     PART_NUM  MATCHID_

  Within variables
   IRPATT      SEXINT

  Level 3 between variables
   SEX_M1_F


Estimator                                                      MLR
Information matrix                                        OBSERVED
Maximum number of iterations                                   100
Convergence criterion                                    0.100D-05
Maximum number of EM iterations                                500
Convergence criteria for the EM algorithm
  Loglikelihood change                                   0.100D-02
  Relative loglikelihood change                          0.100D-05
  Derivative                                             0.100D-03
Minimum variance                                         0.100D-03
Maximum number of steepest descent iterations                   20
Maximum number of iterations for H1                           2000
Convergence criterion for H1                             0.100D-02
Optimization algorithm                                         EMA

Input data file(s)
  speed.dating.mplus.10.dat
Input data format  FREE


SUMMARY OF DATA

     Number of missing data patterns             1
     Number of MATCHID_CLEAN clusters      71
     Number of PART_NUM clusters           55

     Average cluster size for MATCHID_CLEAN level        3.183

     Estimated Intraclass Correlations for the Y Variables for MATCHID_CLEAN level

                Intraclass
     Variable  Correlation

     FUINITIA     0.195

     Average cluster size for PART_NUM level        4.109

     Estimated Intraclass Correlations for the Y Variables for PART_NUM level

                Intraclass
     Variable  Correlation

     FUINITIA     0.438


COVARIANCE COVERAGE OF DATA

Minimum covariance coverage value   0.100


     PROPORTION OF DATA PRESENT


           Covariance Coverage
              FUINITIA      IRPATT        SEX_M1_F      SEXINT
              ________      ________      ________      ________
 FUINITIA       1.000
 IRPATT         1.000         1.000
 SEX_M1_F       1.000         1.000         1.000
 SEXINT         1.000         1.000         1.000         1.000


SAMPLE STATISTICS

NOTE:  The sample statistics for within and between refer to the
       maximum-likelihood estimated within and between covariance
       matrices, respectively.


     ESTIMATED SAMPLE STATISTICS FOR WITHIN


           Means
              FUINITIA      IRPATT        SEX_M1_F      SEXINT
              ________      ________      ________      ________
 1              0.000         5.876         0.000        -0.159


           Covariances
              FUINITIA      IRPATT        SEX_M1_F      SEXINT
              ________      ________      ________      ________
 FUINITIA       1.477
 IRPATT         0.698         4.701
 SEX_M1_F       0.000         0.000         0.000
 SEXINT        -0.585        -1.219         0.000         9.782


           Correlations
              FUINITIA      IRPATT        SEX_M1_F      SEXINT
              ________      ________      ________      ________
 FUINITIA       1.000
 IRPATT         0.265         1.000
 SEX_M1_F       0.000         0.000         0.000
 SEXINT        -0.154        -0.180         0.000         1.000


     ESTIMATED SAMPLE STATISTICS FOR BETWEEN MATCHID_CLEAN


           Means
              FUINITIA      IRPATT        SEX_M1_F      SEXINT
              ________      ________      ________      ________
 1              0.000         0.000         0.000         0.000


           Covariances
              FUINITIA      IRPATT        SEX_M1_F      SEXINT
              ________      ________      ________      ________
 FUINITIA       0.783
 IRPATT         0.000         0.000
 SEX_M1_F       0.000         0.000         0.000
 SEXINT         0.000         0.000         0.000         0.000


           Correlations
              FUINITIA      IRPATT        SEX_M1_F      SEXINT
              ________      ________      ________      ________
 FUINITIA       1.000
 IRPATT         0.000         0.000
 SEX_M1_F       0.000         0.000         0.000
 SEXINT         0.000         0.000         0.000         0.000


     ESTIMATED SAMPLE STATISTICS FOR BETWEEN PART_NUM


           Means
              FUINITIA      IRPATT        SEX_M1_F      SEXINT
              ________      ________      ________      ________
 1              3.575         0.000         0.027         0.000


           Covariances
              FUINITIA      IRPATT        SEX_M1_F      SEXINT
              ________      ________      ________      ________
 FUINITIA       1.764
 IRPATT         0.000         0.000
 SEX_M1_F      -0.265         0.000         0.249
 SEXINT         0.000         0.000         0.000         0.000


           Correlations
              FUINITIA      IRPATT        SEX_M1_F      SEXINT
              ________      ________      ________      ________
 FUINITIA       1.000
 IRPATT         0.000         0.000
 SEX_M1_F      -0.399         0.000         1.000
 SEXINT         0.000         0.000         0.000         0.000


     MAXIMUM LOG-LIKELIHOOD VALUE FOR THE UNRESTRICTED (H1) MODEL IS -412.890


THE MODEL ESTIMATION TERMINATED NORMALLY



MODEL FIT INFORMATION

Number of Free Parameters                        7

Loglikelihood

          H0 Value                        -412.890
          H0 Scaling Correction Factor      1.1376
            for MLR
          H1 Value                        -412.890
          H1 Scaling Correction Factor      1.1376
            for MLR

Information Criteria

          Akaike (AIC)                     839.780
          Bayesian (BIC)                   863.724
          Sample-Size Adjusted BIC         841.539
            (n* = (n + 2) / 24)

Chi-Square Test of Model Fit

          Value                              0.000*
          Degrees of Freedom                     0
          P-Value                           1.0000
          Scaling Correction Factor         1.0000
            for MLR

*   The chi-square value for MLM, MLMV, MLR, ULSMV, WLSM and WLSMV cannot be used
    for chi-square difference testing in the regular way.  MLM, MLR and WLSM
    chi-square difference testing is described on the Mplus website.  MLMV, WLSMV,
    and ULSMV difference testing is done using the DIFFTEST option.

RMSEA (Root Mean Square Error Of Approximation)

          Estimate                           0.000

CFI/TLI

          CFI                                1.000
          TLI                                1.000

Chi-Square Test of Model Fit for the Baseline Model

          Value                             12.977
          Degrees of Freedom                     3
          P-Value                           0.0047

SRMR (Standardized Root Mean Square Residual)

          Value for Within                   0.000
          Value for Between Level 2          0.000
          Value for Between Level 3          0.000



MODEL RESULTS

                                                    Two-Tailed
                    Estimate       S.E.  Est./S.E.    P-Value

Within Level

 FUINITIATE ON
    IRPATT             0.137      0.127      1.085      0.278
    SEXINT            -0.043      0.253     -0.169      0.866

 Residual Variances
    FUINITIATE         1.356      0.260      5.223      0.000

Between MATCHID_CLEAN Level

 Variances
    FUINITIATE         0.783      0.354      2.212      0.027

Between PART_NUM Level

 FUINITIATE ON
    SEX_M1_F2         -1.063      1.794     -0.593      0.553

 Intercepts
    FUINITIATE         2.790      0.899      3.105      0.002

 Residual Variances
    FUINITIATE         1.483      0.562      2.637      0.008


STANDARDIZED MODEL RESULTS


STDYX Standardization

                                                    Two-Tailed
                    Estimate       S.E.  Est./S.E.    P-Value

Within Level

 FUINITIATE ON
    IRPATT             0.245      0.196      1.248      0.212
    SEXINT            -0.110      0.635     -0.173      0.862

 Residual Variances
    FUINITIATE         0.918      0.278      3.297      0.001

Between MATCHID_CLEAN Level

 Variances
    FUINITIATE         1.000      0.000    999.000    999.000

Between PART_NUM Level

 FUINITIATE ON
    SEX_M1_F2         -0.399      0.577     -0.692      0.489

 Means
    FUINITIATE         2.101      0.467      4.502      0.000

 Variances
    FUINITIATE         0.840      0.461      1.822      0.068


R-SQUARE

Within Level

    Observed                                        Two-Tailed
    Variable        Estimate       S.E.  Est./S.E.    P-Value

    FUINITIA           0.082      0.278      0.294      0.769

Between MATCHID_CLEAN Level

Between PART_NUM Level

    Observed                                        Two-Tailed
    Variable        Estimate       S.E.  Est./S.E.    P-Value

    FUINITIA           0.160      0.461      0.346      0.729


QUALITY OF NUMERICAL RESULTS

     Condition Number for the Information Matrix              0.370E-03
       (ratio of smallest to largest eigenvalue)


     Beginning Time:  14:54:56
        Ending Time:  14:54:57
       Elapsed Time:  00:00:01



MUTHEN & MUTHEN
3463 Stoner Ave.
Los Angeles, CA  90066

Tel: (310) 391-9971
Fax: (310) 391-8971
Web: www.StatModel.com
Support: Support@StatModel.com

Copyright (c) 1998-2013 Muthen & Muthen
