Mplus VERSION 7.11
MUTHEN & MUTHEN
07/25/2014   2:55 PM

INPUT INSTRUCTIONS

   TITLE: Physical Attractiveness  predicting FU Desire for Casual Relationship w. Interacti

    DATA:
    FILE IS
  speed.dating.mplus.10.dat;

    VARIABLE: NAMES ARE Part_num MatchID_clean Follow_clean
    IRLikedPartner IRSayYes IRSexAttract
      IRThinkCareer IRThinkAmbitious IRThinkPhys
      IRThinkHot IRThinkFun IRThinkResponsive
      IRThinkDependable IRThinkFriendly IRCommon
      IRPersonality IRConnection yessing mutmatch PMexcited
      PMSelfinit PMMatchinit FUEager FUInitiate FUEnjoy
      FUSexDesire FUSoulMate FURomInterest FUOnlyWith
      FUMind FUOneNight FUCasual FUSerious FUCommitted
      FUExtentPhys FUExtentCareer FUExtentAmbitious
      FUExtentHot FUExtentFun FUExtentRespons
      FUExtentFriendly DemAge DemEthn FUPhysContact
      FUInitiatePhys FUEnjoyContact FUContactBad
      IRpatt IRepro IRpers IRrdes IRchem FUpasn FUpatt FUepro
      FUpers FUStatus sex_M1_F2;

      CLUSTER =Part_num MatchID_clean;
      WITHIN = FUpatt sexint;
      BETWEEN = (Part_num) sex_M1_F2;

  USEVARIABLES ARE Part_num MatchID_clean FUpatt FUCasual sex_M1_F2 sexint;

  !When FUStatus = 0, all FU variables = 0. Removed to avoid bias. Presumed data-entry error
  USEOBS FUStatus NE 0;

  MISSING ARE ALL (-999);

  DEFINE:

  sexint = sex_M1_F2 * FUpatt;

   ANALYSIS:
  TYPE=THREELEVEL;
  ESTIMATOR = MLR;

  MODEL:
  %WITHIN%
  FUCasual ON FUpatt sexint;

  %BETWEEN Part_num%
  FUCasual ON sex_M1_F2;


  OUTPUT: SAMPSTAT STDYX;





*** WARNING
  Input line exceeded 90 characters. Some input may be truncated.
   TITLE: Physical Attractiveness  predicting FU Desire for Casual Relationship w. Interactio
*** WARNING in VARIABLE command
  Note that only the first 8 characters of variable names are used in the output.
  Shorten variable names to avoid any confusion.
*** WARNING
  Clusters for MATCHID_CLEAN with the same IDs have been found in different clusters
  for PART_NUM.  These clusters are assumed to be different because clusters for
  MATCHID_CLEAN are not allowed to appear in more than one cluster for PART_NUM.
*** WARNING
  Data set contains cases with missing on x-variables.
  These cases were not included in the analysis.
  Number of cases with missing on x-variables:  27027
*** WARNING
  Data set contains cases with missing on all variables except
  x-variables.  These cases were not included in the analysis.
  Number of cases with missing on all variables except x-variables:  969
   5 WARNING(S) FOUND IN THE INPUT INSTRUCTIONS



Physical Attractiveness  predicting FU Desire for Casual Relationship w. Interactio

SUMMARY OF ANALYSIS

Number of groups                                                 1
Number of observations                                         164

Number of dependent variables                                    1
Number of independent variables                                  3
Number of continuous latent variables                            0

Observed dependent variables

  Continuous
   FUCASUAL

Observed independent variables
   FUPATT      SEX_M1_F    SEXINT

Variables with special functions

  Cluster variables     PART_NUM  MATCHID_

  Within variables
   FUPATT      SEXINT

  Level 3 between variables
   SEX_M1_F


Estimator                                                      MLR
Information matrix                                        OBSERVED
Maximum number of iterations                                   100
Convergence criterion                                    0.100D-05
Maximum number of EM iterations                                500
Convergence criteria for the EM algorithm
  Loglikelihood change                                   0.100D-02
  Relative loglikelihood change                          0.100D-05
  Derivative                                             0.100D-03
Minimum variance                                         0.100D-03
Maximum number of steepest descent iterations                   20
Maximum number of iterations for H1                           2000
Convergence criterion for H1                             0.100D-02
Optimization algorithm                                         EMA

Input data file(s)
  speed.dating.mplus.10.dat
Input data format  FREE


SUMMARY OF DATA

     Number of missing data patterns             1
     Number of MATCHID_CLEAN clusters      47
     Number of PART_NUM clusters           40

     Average cluster size for MATCHID_CLEAN level        3.489

     Estimated Intraclass Correlations for the Y Variables for MATCHID_CLEAN level

                Intraclass
     Variable  Correlation

     FUCASUAL     0.162

     Average cluster size for PART_NUM level        4.100

     Estimated Intraclass Correlations for the Y Variables for PART_NUM level

                Intraclass
     Variable  Correlation

     FUCASUAL     0.249


COVARIANCE COVERAGE OF DATA

Minimum covariance coverage value   0.100


     PROPORTION OF DATA PRESENT


           Covariance Coverage
              FUCASUAL      FUPATT        SEX_M1_F      SEXINT
              ________      ________      ________      ________
 FUCASUAL       1.000
 FUPATT         1.000         1.000
 SEX_M1_F       1.000         1.000         1.000
 SEXINT         1.000         1.000         1.000         1.000


SAMPLE STATISTICS

NOTE:  The sample statistics for within and between refer to the
       maximum-likelihood estimated within and between covariance
       matrices, respectively.


     ESTIMATED SAMPLE STATISTICS FOR WITHIN


           Means
              FUCASUAL      FUPATT        SEX_M1_F      SEXINT
              ________      ________      ________      ________
 1              0.000         7.128         0.000        -0.235


           Covariances
              FUCASUAL      FUPATT        SEX_M1_F      SEXINT
              ________      ________      ________      ________
 FUCASUAL       1.595
 FUPATT        -0.019         2.185
 SEX_M1_F       0.000         0.000         0.000
 SEXINT        -2.367        -0.007         0.000        13.193


           Correlations
              FUCASUAL      FUPATT        SEX_M1_F      SEXINT
              ________      ________      ________      ________
 FUCASUAL       1.000
 FUPATT        -0.010         1.000
 SEX_M1_F       0.000         0.000         0.000
 SEXINT        -0.516        -0.001         0.000         1.000


     ESTIMATED SAMPLE STATISTICS FOR BETWEEN MATCHID_CLEAN


           Means
              FUCASUAL      FUPATT        SEX_M1_F      SEXINT
              ________      ________      ________      ________
 1              0.000         0.000         0.000         0.000


           Covariances
              FUCASUAL      FUPATT        SEX_M1_F      SEXINT
              ________      ________      ________      ________
 FUCASUAL       0.439
 FUPATT         0.000         0.000
 SEX_M1_F       0.000         0.000         0.000
 SEXINT         0.000         0.000         0.000         0.000


           Correlations
              FUCASUAL      FUPATT        SEX_M1_F      SEXINT
              ________      ________      ________      ________
 FUCASUAL       1.000
 FUPATT         0.000         0.000
 SEX_M1_F       0.000         0.000         0.000
 SEXINT         0.000         0.000         0.000         0.000


     ESTIMATED SAMPLE STATISTICS FOR BETWEEN PART_NUM


           Means
              FUCASUAL      FUPATT        SEX_M1_F      SEXINT
              ________      ________      ________      ________
 1              3.831         0.000         0.075         0.000


           Covariances
              FUCASUAL      FUPATT        SEX_M1_F      SEXINT
              ________      ________      ________      ________
 FUCASUAL       0.674
 FUPATT         0.000         0.000
 SEX_M1_F       0.221         0.000         0.244
 SEXINT         0.000         0.000         0.000         0.000


           Correlations
              FUCASUAL      FUPATT        SEX_M1_F      SEXINT
              ________      ________      ________      ________
 FUCASUAL       1.000
 FUPATT         0.000         0.000
 SEX_M1_F       0.543         0.000         1.000
 SEXINT         0.000         0.000         0.000         0.000


     MAXIMUM LOG-LIKELIHOOD VALUE FOR THE UNRESTRICTED (H1) MODEL IS -272.957


THE MODEL ESTIMATION TERMINATED NORMALLY



MODEL FIT INFORMATION

Number of Free Parameters                        7

Loglikelihood

          H0 Value                        -272.949
          H0 Scaling Correction Factor      1.3719
            for MLR
          H1 Value                        -272.957
          H1 Scaling Correction Factor      1.3719
            for MLR

Information Criteria

          Akaike (AIC)                     559.899
          Bayesian (BIC)                   581.598
          Sample-Size Adjusted BIC         559.436
            (n* = (n + 2) / 24)

Chi-Square Test of Model Fit

          Value                              0.000*
          Degrees of Freedom                     0
          P-Value                           1.0000
          Scaling Correction Factor         1.0000
            for MLR

*   The chi-square value for MLM, MLMV, MLR, ULSMV, WLSM and WLSMV cannot be used
    for chi-square difference testing in the regular way.  MLM, MLR and WLSM
    chi-square difference testing is described on the Mplus website.  MLMV, WLSMV,
    and ULSMV difference testing is done using the DIFFTEST option.

RMSEA (Root Mean Square Error Of Approximation)

          Estimate                           0.000

CFI/TLI

          CFI                                1.000
          TLI                                1.000

Chi-Square Test of Model Fit for the Baseline Model

          Value                              1.983
          Degrees of Freedom                     3
          P-Value                           0.5760

SRMR (Standardized Root Mean Square Residual)

          Value for Within                   0.001
          Value for Between Level 2          0.000
          Value for Between Level 3          0.006



MODEL RESULTS

                                                    Two-Tailed
                    Estimate       S.E.  Est./S.E.    P-Value

Within Level

 FUCASUAL   ON
    FUPATT            -0.013      0.112     -0.115      0.909
    SEXINT            -0.180      0.200     -0.902      0.367

 Residual Variances
    FUCASUAL           1.173      0.242      4.856      0.000

Between MATCHID_CLEAN Level

 Variances
    FUCASUAL           0.384      0.445      0.863      0.388

Between PART_NUM Level

 FUCASUAL   ON
    SEX_M1_F2          0.902      1.339      0.674      0.501

 Intercepts
    FUCASUAL           3.811      0.729      5.228      0.000

 Residual Variances
    FUCASUAL           0.521      0.432      1.206      0.228


STANDARDIZED MODEL RESULTS


STDYX Standardization

                                                    Two-Tailed
                    Estimate       S.E.  Est./S.E.    P-Value

Within Level

 FUCASUAL   ON
    FUPATT            -0.015      0.134     -0.112      0.911
    SEXINT            -0.517      0.416     -1.242      0.214

 Residual Variances
    FUCASUAL           0.733      0.427      1.717      0.086

Between MATCHID_CLEAN Level

 Variances
    FUCASUAL           1.000      0.000    999.000    999.000

Between PART_NUM Level

 FUCASUAL   ON
    SEX_M1_F2          0.526      0.614      0.857      0.392

 Means
    FUCASUAL           4.493      2.550      1.762      0.078

 Variances
    FUCASUAL           0.724      0.645      1.122      0.262


R-SQUARE

Within Level

    Observed                                        Two-Tailed
    Variable        Estimate       S.E.  Est./S.E.    P-Value

    FUCASUAL           0.267      0.427      0.626      0.532

Between MATCHID_CLEAN Level

Between PART_NUM Level

    Observed                                        Two-Tailed
    Variable        Estimate       S.E.  Est./S.E.    P-Value

    FUCASUAL           0.276      0.645      0.428      0.668


QUALITY OF NUMERICAL RESULTS

     Condition Number for the Information Matrix              0.183E-03
       (ratio of smallest to largest eigenvalue)


     Beginning Time:  14:55:22
        Ending Time:  14:55:23
       Elapsed Time:  00:00:01



MUTHEN & MUTHEN
3463 Stoner Ave.
Los Angeles, CA  90066

Tel: (310) 391-9971
Fax: (310) 391-8971
Web: www.StatModel.com
Support: Support@StatModel.com

Copyright (c) 1998-2013 Muthen & Muthen
