Mplus VERSION 7.11
MUTHEN & MUTHEN
07/25/2014   2:55 PM

INPUT INSTRUCTIONS

   TITLE: Physical Attractiveness  predicting FU Commitment w. Interaction

    DATA:
    FILE IS
  speed.dating.mplus.10.dat;

    VARIABLE: NAMES ARE Part_num MatchID_clean Follow_clean
    IRLikedPartner IRSayYes IRSexAttract
      IRThinkCareer IRThinkAmbitious IRThinkPhys
      IRThinkHot IRThinkFun IRThinkResponsive
      IRThinkDependable IRThinkFriendly IRCommon
      IRPersonality IRConnection yessing mutmatch PMexcited
      PMSelfinit PMMatchinit FUEager FUInitiate FUEnjoy
      FUSexDesire FUSoulMate FURomInterest FUOnlyWith
      FUMind FUOneNight FUCasual FUSerious FUCommitted
      FUExtentPhys FUExtentCareer FUExtentAmbitious
      FUExtentHot FUExtentFun FUExtentRespons
      FUExtentFriendly DemAge DemEthn FUPhysContact
      FUInitiatePhys FUEnjoyContact FUContactBad
      IRpatt IRepro IRpers IRrdes IRchem FUpasn FUpatt FUepro
      FUpers FUStatus sex_M1_F2;

      CLUSTER =Part_num MatchID_clean;
      WITHIN = FUpatt sexint;
      BETWEEN = (Part_num) sex_M1_F2;

  USEVARIABLES ARE Part_num MatchID_clean FUpatt FUCommitted sex_M1_F2 sexint;

  !When FUStatus = 0, all FU variables = 0. Removed to avoid bias. Presumed data-entry error
  USEOBS FUStatus NE 0;

  MISSING ARE ALL (-999);

  DEFINE:

  sexint = sex_M1_F2 * FUpatt;

   ANALYSIS:
  TYPE=THREELEVEL;
  ESTIMATOR = MLR;

  MODEL:
  %WITHIN%
  FUCommitted ON FUpatt sexint;

  %BETWEEN Part_num%
  FUCommitted ON sex_M1_F2;


  OUTPUT: SAMPSTAT STDYX;





*** WARNING in VARIABLE command
  Note that only the first 8 characters of variable names are used in the output.
  Shorten variable names to avoid any confusion.
*** WARNING
  Clusters for MATCHID_CLEAN with the same IDs have been found in different clusters
  for PART_NUM.  These clusters are assumed to be different because clusters for
  MATCHID_CLEAN are not allowed to appear in more than one cluster for PART_NUM.
*** WARNING
  Data set contains cases with missing on x-variables.
  These cases were not included in the analysis.
  Number of cases with missing on x-variables:  27027
*** WARNING
  Data set contains cases with missing on all variables except
  x-variables.  These cases were not included in the analysis.
  Number of cases with missing on all variables except x-variables:  968
   4 WARNING(S) FOUND IN THE INPUT INSTRUCTIONS



Physical Attractiveness  predicting FU Commitment w. Interaction

SUMMARY OF ANALYSIS

Number of groups                                                 1
Number of observations                                         165

Number of dependent variables                                    1
Number of independent variables                                  3
Number of continuous latent variables                            0

Observed dependent variables

  Continuous
   FUCOMMITTE

Observed independent variables
   FUPATT      SEX_M1_F    SEXINT

Variables with special functions

  Cluster variables     PART_NUM  MATCHID_

  Within variables
   FUPATT      SEXINT

  Level 3 between variables
   SEX_M1_F


Estimator                                                      MLR
Information matrix                                        OBSERVED
Maximum number of iterations                                   100
Convergence criterion                                    0.100D-05
Maximum number of EM iterations                                500
Convergence criteria for the EM algorithm
  Loglikelihood change                                   0.100D-02
  Relative loglikelihood change                          0.100D-05
  Derivative                                             0.100D-03
Minimum variance                                         0.100D-03
Maximum number of steepest descent iterations                   20
Maximum number of iterations for H1                           2000
Convergence criterion for H1                             0.100D-02
Optimization algorithm                                         EMA

Input data file(s)
  speed.dating.mplus.10.dat
Input data format  FREE


SUMMARY OF DATA

     Number of missing data patterns             1
     Number of MATCHID_CLEAN clusters      47
     Number of PART_NUM clusters           40

     Average cluster size for MATCHID_CLEAN level        3.511

     Estimated Intraclass Correlations for the Y Variables for MATCHID_CLEAN level

                Intraclass
     Variable  Correlation

     FUCOMMIT     0.133

     Average cluster size for PART_NUM level        4.125

     Estimated Intraclass Correlations for the Y Variables for PART_NUM level

                Intraclass
     Variable  Correlation

     FUCOMMIT     0.381


COVARIANCE COVERAGE OF DATA

Minimum covariance coverage value   0.100


     PROPORTION OF DATA PRESENT


           Covariance Coverage
              FUCOMMIT      FUPATT        SEX_M1_F      SEXINT
              ________      ________      ________      ________
 FUCOMMIT       1.000
 FUPATT         1.000         1.000
 SEX_M1_F       1.000         1.000         1.000
 SEXINT         1.000         1.000         1.000         1.000


SAMPLE STATISTICS

NOTE:  The sample statistics for within and between refer to the
       maximum-likelihood estimated within and between covariance
       matrices, respectively.


     ESTIMATED SAMPLE STATISTICS FOR WITHIN


           Means
              FUCOMMIT      FUPATT        SEX_M1_F      SEXINT
              ________      ________      ________      ________
 1              0.000         7.127         0.000        -0.212


           Covariances
              FUCOMMIT      FUPATT        SEX_M1_F      SEXINT
              ________      ________      ________      ________
 FUCOMMIT       1.740
 FUPATT        -0.078         2.172
 SEX_M1_F       0.000         0.000         0.000
 SEXINT        -1.822        -0.009         0.000        13.197


           Correlations
              FUCOMMIT      FUPATT        SEX_M1_F      SEXINT
              ________      ________      ________      ________
 FUCOMMIT       1.000
 FUPATT        -0.040         1.000
 SEX_M1_F       0.000         0.000         0.000
 SEXINT        -0.380        -0.002         0.000         1.000


     ESTIMATED SAMPLE STATISTICS FOR BETWEEN MATCHID_CLEAN


           Means
              FUCOMMIT      FUPATT        SEX_M1_F      SEXINT
              ________      ________      ________      ________
 1              0.000         0.000         0.000         0.000


           Covariances
              FUCOMMIT      FUPATT        SEX_M1_F      SEXINT
              ________      ________      ________      ________
 FUCOMMIT       0.476
 FUPATT         0.000         0.000
 SEX_M1_F       0.000         0.000         0.000
 SEXINT         0.000         0.000         0.000         0.000


           Correlations
              FUCOMMIT      FUPATT        SEX_M1_F      SEXINT
              ________      ________      ________      ________
 FUCOMMIT       1.000
 FUPATT         0.000         0.000
 SEX_M1_F       0.000         0.000         0.000
 SEXINT         0.000         0.000         0.000         0.000


     ESTIMATED SAMPLE STATISTICS FOR BETWEEN PART_NUM


           Means
              FUCOMMIT      FUPATT        SEX_M1_F      SEXINT
              ________      ________      ________      ________
 1              4.167         0.000         0.075         0.000


           Covariances
              FUCOMMIT      FUPATT        SEX_M1_F      SEXINT
              ________      ________      ________      ________
 FUCOMMIT       1.364
 FUPATT         0.000         0.000
 SEX_M1_F       0.350         0.000         0.244
 SEXINT         0.000         0.000         0.000         0.000


           Correlations
              FUCOMMIT      FUPATT        SEX_M1_F      SEXINT
              ________      ________      ________      ________
 FUCOMMIT       1.000
 FUPATT         0.000         0.000
 SEX_M1_F       0.607         0.000         1.000
 SEXINT         0.000         0.000         0.000         0.000


     MAXIMUM LOG-LIKELIHOOD VALUE FOR THE UNRESTRICTED (H1) MODEL IS -296.183


THE MODEL ESTIMATION TERMINATED NORMALLY



MODEL FIT INFORMATION

Number of Free Parameters                        7

Loglikelihood

          H0 Value                        -296.175
          H0 Scaling Correction Factor      1.6562
            for MLR
          H1 Value                        -296.183
          H1 Scaling Correction Factor      1.6562
            for MLR

Information Criteria

          Akaike (AIC)                     606.350
          Bayesian (BIC)                   628.091
          Sample-Size Adjusted BIC         605.929
            (n* = (n + 2) / 24)

Chi-Square Test of Model Fit

          Value                              0.000*
          Degrees of Freedom                     0
          P-Value                           1.0000
          Scaling Correction Factor         1.0000
            for MLR

*   The chi-square value for MLM, MLMV, MLR, ULSMV, WLSM and WLSMV cannot be used
    for chi-square difference testing in the regular way.  MLM, MLR and WLSM
    chi-square difference testing is described on the Mplus website.  MLMV, WLSMV,
    and ULSMV difference testing is done using the DIFFTEST option.

RMSEA (Root Mean Square Error Of Approximation)

          Estimate                           0.000

CFI/TLI

          CFI                                1.000
          TLI                                1.000

Chi-Square Test of Model Fit for the Baseline Model

          Value                              1.585
          Degrees of Freedom                     3
          P-Value                           0.6628

SRMR (Standardized Root Mean Square Residual)

          Value for Within                   0.001
          Value for Between Level 2          0.000
          Value for Between Level 3          0.004



MODEL RESULTS

                                                    Two-Tailed
                    Estimate       S.E.  Est./S.E.    P-Value

Within Level

 FUCOMMITTE ON
    FUPATT            -0.035      0.105     -0.337      0.736
    SEXINT            -0.138      0.231     -0.598      0.550

 Residual Variances
    FUCOMMITTE         1.494      0.413      3.621      0.000

Between MATCHID_CLEAN Level

 Variances
    FUCOMMITTE         0.383      1.220      0.314      0.754

Between PART_NUM Level

 FUCOMMITTE ON
    SEX_M1_F2          1.431      1.543      0.928      0.354

 Intercepts
    FUCOMMITTE         4.283      0.718      5.966      0.000

 Residual Variances
    FUCOMMITTE         0.923      1.082      0.853      0.394


STANDARDIZED MODEL RESULTS


STDYX Standardization

                                                    Two-Tailed
                    Estimate       S.E.  Est./S.E.    P-Value

Within Level

 FUCOMMITTE ON
    FUPATT            -0.039      0.119     -0.331      0.740
    SEXINT            -0.379      0.547     -0.693      0.488

 Residual Variances
    FUCOMMITTE         0.855      0.412      2.073      0.038

Between MATCHID_CLEAN Level

 Variances
    FUCOMMITTE         1.000      0.000    999.000    999.000

Between PART_NUM Level

 FUCOMMITTE ON
    SEX_M1_F2          0.593      0.368      1.613      0.107

 Means
    FUCOMMITTE         3.589      2.558      1.403      0.161

 Variances
    FUCOMMITTE         0.648      0.436      1.487      0.137


R-SQUARE

Within Level

    Observed                                        Two-Tailed
    Variable        Estimate       S.E.  Est./S.E.    P-Value

    FUCOMMIT           0.145      0.412      0.353      0.724

Between MATCHID_CLEAN Level

Between PART_NUM Level

    Observed                                        Two-Tailed
    Variable        Estimate       S.E.  Est./S.E.    P-Value

    FUCOMMIT           0.352      0.436      0.806      0.420


QUALITY OF NUMERICAL RESULTS

     Condition Number for the Information Matrix              0.179E-03
       (ratio of smallest to largest eigenvalue)


     Beginning Time:  14:55:23
        Ending Time:  14:55:25
       Elapsed Time:  00:00:02



MUTHEN & MUTHEN
3463 Stoner Ave.
Los Angeles, CA  90066

Tel: (310) 391-9971
Fax: (310) 391-8971
Web: www.StatModel.com
Support: Support@StatModel.com

Copyright (c) 1998-2013 Muthen & Muthen
