Mplus VERSION 7.11
MUTHEN & MUTHEN
07/25/2014   2:55 PM

INPUT INSTRUCTIONS

   TITLE: Physical Attractiveness  predicting FU Desire for Serious Relationship w. Interact

    DATA:
    FILE IS
  speed.dating.mplus.10.dat;

    VARIABLE: NAMES ARE Part_num MatchID_clean Follow_clean
    IRLikedPartner IRSayYes IRSexAttract
      IRThinkCareer IRThinkAmbitious IRThinkPhys
      IRThinkHot IRThinkFun IRThinkResponsive
      IRThinkDependable IRThinkFriendly IRCommon
      IRPersonality IRConnection yessing mutmatch PMexcited
      PMSelfinit PMMatchinit FUEager FUInitiate FUEnjoy
      FUSexDesire FUSoulMate FURomInterest FUOnlyWith
      FUMind FUOneNight FUCasual FUSerious FUCommitted
      FUExtentPhys FUExtentCareer FUExtentAmbitious
      FUExtentHot FUExtentFun FUExtentRespons
      FUExtentFriendly DemAge DemEthn FUPhysContact
      FUInitiatePhys FUEnjoyContact FUContactBad
      IRpatt IRepro IRpers IRrdes IRchem FUpasn FUpatt FUepro
      FUpers FUStatus sex_M1_F2;

      CLUSTER =Part_num MatchID_clean;
      WITHIN = FUpatt sexint;
      BETWEEN = (Part_num) sex_M1_F2;

  USEVARIABLES ARE Part_num MatchID_clean FUpatt FUSerious sex_M1_F2 sexint;

  !When FUStatus = 0, all FU variables = 0. Removed to avoid bias. Presumed data-entry error
  USEOBS FUStatus NE 0;

  MISSING ARE ALL (-999);

  DEFINE:

  sexint = sex_M1_F2 * FUpatt;

   ANALYSIS:
  TYPE=THREELEVEL;
  ESTIMATOR = MLR;

  MODEL:
  %WITHIN%
  FUSerious ON FUpatt sexint;

  %BETWEEN Part_num%
  FUSerious ON sex_M1_F2;


  OUTPUT: SAMPSTAT STDYX;





*** WARNING
  Input line exceeded 90 characters. Some input may be truncated.
   TITLE: Physical Attractiveness  predicting FU Desire for Serious Relationship w. Interacti
*** WARNING in VARIABLE command
  Note that only the first 8 characters of variable names are used in the output.
  Shorten variable names to avoid any confusion.
*** WARNING
  Clusters for MATCHID_CLEAN with the same IDs have been found in different clusters
  for PART_NUM.  These clusters are assumed to be different because clusters for
  MATCHID_CLEAN are not allowed to appear in more than one cluster for PART_NUM.
*** WARNING
  Data set contains cases with missing on x-variables.
  These cases were not included in the analysis.
  Number of cases with missing on x-variables:  27027
*** WARNING
  Data set contains cases with missing on all variables except
  x-variables.  These cases were not included in the analysis.
  Number of cases with missing on all variables except x-variables:  968
   5 WARNING(S) FOUND IN THE INPUT INSTRUCTIONS



Physical Attractiveness  predicting FU Desire for Serious Relationship w. Interacti

SUMMARY OF ANALYSIS

Number of groups                                                 1
Number of observations                                         165

Number of dependent variables                                    1
Number of independent variables                                  3
Number of continuous latent variables                            0

Observed dependent variables

  Continuous
   FUSERIOUS

Observed independent variables
   FUPATT      SEX_M1_F    SEXINT

Variables with special functions

  Cluster variables     PART_NUM  MATCHID_

  Within variables
   FUPATT      SEXINT

  Level 3 between variables
   SEX_M1_F


Estimator                                                      MLR
Information matrix                                        OBSERVED
Maximum number of iterations                                   100
Convergence criterion                                    0.100D-05
Maximum number of EM iterations                                500
Convergence criteria for the EM algorithm
  Loglikelihood change                                   0.100D-02
  Relative loglikelihood change                          0.100D-05
  Derivative                                             0.100D-03
Minimum variance                                         0.100D-03
Maximum number of steepest descent iterations                   20
Maximum number of iterations for H1                           2000
Convergence criterion for H1                             0.100D-02
Optimization algorithm                                         EMA

Input data file(s)
  speed.dating.mplus.10.dat
Input data format  FREE


SUMMARY OF DATA

     Number of missing data patterns             1
     Number of MATCHID_CLEAN clusters      47
     Number of PART_NUM clusters           40

     Average cluster size for MATCHID_CLEAN level        3.511

     Estimated Intraclass Correlations for the Y Variables for MATCHID_CLEAN level

                Intraclass
     Variable  Correlation

     FUSERIOU     0.009

     Average cluster size for PART_NUM level        4.125

     Estimated Intraclass Correlations for the Y Variables for PART_NUM level

                Intraclass
     Variable  Correlation

     FUSERIOU     0.473


COVARIANCE COVERAGE OF DATA

Minimum covariance coverage value   0.100


     PROPORTION OF DATA PRESENT


           Covariance Coverage
              FUSERIOU      FUPATT        SEX_M1_F      SEXINT
              ________      ________      ________      ________
 FUSERIOU       1.000
 FUPATT         1.000         1.000
 SEX_M1_F       1.000         1.000         1.000
 SEXINT         1.000         1.000         1.000         1.000


SAMPLE STATISTICS

NOTE:  The sample statistics for within and between refer to the
       maximum-likelihood estimated within and between covariance
       matrices, respectively.


     ESTIMATED SAMPLE STATISTICS FOR WITHIN


           Means
              FUSERIOU      FUPATT        SEX_M1_F      SEXINT
              ________      ________      ________      ________
 1              0.000         7.127         0.000        -0.212


           Covariances
              FUSERIOU      FUPATT        SEX_M1_F      SEXINT
              ________      ________      ________      ________
 FUSERIOU       1.475
 FUPATT         0.000         2.172
 SEX_M1_F       0.000         0.000         0.000
 SEXINT         1.521        -0.009         0.000        13.197


           Correlations
              FUSERIOU      FUPATT        SEX_M1_F      SEXINT
              ________      ________      ________      ________
 FUSERIOU       1.000
 FUPATT         0.000         1.000
 SEX_M1_F       0.000         0.000         0.000
 SEXINT         0.345        -0.002         0.000         1.000


     ESTIMATED SAMPLE STATISTICS FOR BETWEEN MATCHID_CLEAN


           Means
              FUSERIOU      FUPATT        SEX_M1_F      SEXINT
              ________      ________      ________      ________
 1              0.000         0.000         0.000         0.000


           Covariances
              FUSERIOU      FUPATT        SEX_M1_F      SEXINT
              ________      ________      ________      ________
 FUSERIOU       0.026
 FUPATT         0.000         0.000
 SEX_M1_F       0.000         0.000         0.000
 SEXINT         0.000         0.000         0.000         0.000


           Correlations
              FUSERIOU      FUPATT        SEX_M1_F      SEXINT
              ________      ________      ________      ________
 FUSERIOU       1.000
 FUPATT         0.000         0.000
 SEX_M1_F       0.000         0.000         0.000
 SEXINT         0.000         0.000         0.000         0.000


     ESTIMATED SAMPLE STATISTICS FOR BETWEEN PART_NUM


           Means
              FUSERIOU      FUPATT        SEX_M1_F      SEXINT
              ________      ________      ________      ________
 1              4.081         0.000         0.075         0.000


           Covariances
              FUSERIOU      FUPATT        SEX_M1_F      SEXINT
              ________      ________      ________      ________
 FUSERIOU       1.345
 FUPATT         0.000         0.000
 SEX_M1_F       0.026         0.000         0.244
 SEXINT         0.000         0.000         0.000         0.000


           Correlations
              FUSERIOU      FUPATT        SEX_M1_F      SEXINT
              ________      ________      ________      ________
 FUSERIOU       1.000
 FUPATT         0.000         0.000
 SEX_M1_F       0.046         0.000         1.000
 SEXINT         0.000         0.000         0.000         0.000


     MAXIMUM LOG-LIKELIHOOD VALUE FOR THE UNRESTRICTED (H1) MODEL IS -286.120

     WARNING: THE MODEL ESTIMATION HAS REACHED A SADDLE POINT OR A POINT WHERE THE
     OBSERVED AND THE EXPECTED INFORMATION MATRICES DO NOT MATCH.
     AN ADJUSTMENT TO THE ESTIMATION OF THE INFORMATION MATRIX HAS BEEN MADE.
     THE CONDITION NUMBER IS      -0.358D-01.
     THE PROBLEM MAY ALSO BE RESOLVED BY DECREASING THE VALUE OF THE
     MCONVERGENCE OR LOGCRITERION OPTIONS OR BY CHANGING THE STARTING VALUES
     OR BY USING THE MLF ESTIMATOR.


THE MODEL ESTIMATION TERMINATED NORMALLY



MODEL FIT INFORMATION

Number of Free Parameters                        7

Loglikelihood

          H0 Value                        -286.046
          H0 Scaling Correction Factor      1.5053
            for MLR
          H1 Value                        -286.120
          H1 Scaling Correction Factor      1.5053
            for MLR

Information Criteria

          Akaike (AIC)                     586.092
          Bayesian (BIC)                   607.834
          Sample-Size Adjusted BIC         585.672
            (n* = (n + 2) / 24)

Chi-Square Test of Model Fit

          Value                              0.000*
          Degrees of Freedom                     0
          P-Value                           1.0000
          Scaling Correction Factor         1.0000
            for MLR

*   The chi-square value for MLM, MLMV, MLR, ULSMV, WLSM and WLSMV cannot be used
    for chi-square difference testing in the regular way.  MLM, MLR and WLSM
    chi-square difference testing is described on the Mplus website.  MLMV, WLSMV,
    and ULSMV difference testing is done using the DIFFTEST option.

RMSEA (Root Mean Square Error Of Approximation)

          Estimate                           0.000

CFI/TLI

          CFI                                1.000
          TLI                                1.000

Chi-Square Test of Model Fit for the Baseline Model

          Value                              2.740
          Degrees of Freedom                     3
          P-Value                           0.4335

SRMR (Standardized Root Mean Square Residual)

          Value for Within                   0.001
          Value for Between Level 2          0.000
          Value for Between Level 3          0.001



MODEL RESULTS

                                                    Two-Tailed
                    Estimate       S.E.  Est./S.E.    P-Value

Within Level

 FUSERIOUS  ON
    FUPATT             0.001      0.140      0.009      0.993
    SEXINT             0.114      0.275      0.414      0.679

 Residual Variances
    FUSERIOUS          1.298      0.295      4.394      0.000

Between MATCHID_CLEAN Level

 Variances
    FUSERIOUS          0.013      0.133      0.101      0.920

Between PART_NUM Level

 FUSERIOUS  ON
    SEX_M1_F2          0.118      1.889      0.062      0.950

 Intercepts
    FUSERIOUS          4.087      0.957      4.273      0.000

 Residual Variances
    FUSERIOUS          1.354      0.393      3.443      0.001


STANDARDIZED MODEL RESULTS


STDYX Standardization

                                                    Two-Tailed
                    Estimate       S.E.  Est./S.E.    P-Value

Within Level

 FUSERIOUS  ON
    FUPATT             0.002      0.170      0.009      0.993
    SEXINT             0.341      0.738      0.462      0.644

 Residual Variances
    FUSERIOUS          0.884      0.504      1.755      0.079

Between MATCHID_CLEAN Level

 Variances
    FUSERIOUS          1.000      0.000    999.000    999.000

Between PART_NUM Level

 FUSERIOUS  ON
    SEX_M1_F2          0.050      0.797      0.063      0.950

 Means
    FUSERIOUS          3.508      1.049      3.344      0.001

 Variances
    FUSERIOUS          0.998      0.080     12.517      0.000


R-SQUARE

Within Level

    Observed                                        Two-Tailed
    Variable        Estimate       S.E.  Est./S.E.    P-Value

    FUSERIOU           0.116      0.504      0.231      0.817

Between MATCHID_CLEAN Level

Between PART_NUM Level

    Observed                                        Two-Tailed
    Variable        Estimate       S.E.  Est./S.E.    P-Value

    FUSERIOU           0.002      0.080      0.031      0.975


QUALITY OF NUMERICAL RESULTS

     Condition Number for the Information Matrix             -0.358E-01
       (ratio of smallest to largest eigenvalue)


     Beginning Time:  14:55:35
        Ending Time:  14:55:40
       Elapsed Time:  00:00:05



MUTHEN & MUTHEN
3463 Stoner Ave.
Los Angeles, CA  90066

Tel: (310) 391-9971
Fax: (310) 391-8971
Web: www.StatModel.com
Support: Support@StatModel.com

Copyright (c) 1998-2013 Muthen & Muthen
