Mplus VERSION 7.11
MUTHEN & MUTHEN
07/25/2014   2:55 PM

INPUT INSTRUCTIONS

   TITLE: Physical Attractiveness  predicting FU Desire for One Night Stand w. Interaction

    DATA:
    FILE IS
  speed.dating.mplus.10.dat;

    VARIABLE: NAMES ARE Part_num MatchID_clean Follow_clean
    IRLikedPartner IRSayYes IRSexAttract
      IRThinkCareer IRThinkAmbitious IRThinkPhys
      IRThinkHot IRThinkFun IRThinkResponsive
      IRThinkDependable IRThinkFriendly IRCommon
      IRPersonality IRConnection yessing mutmatch PMexcited
      PMSelfinit PMMatchinit FUEager FUInitiate FUEnjoy
      FUSexDesire FUSoulMate FURomInterest FUOnlyWith
      FUMind FUOneNight FUCasual FUSerious FUCommitted
      FUExtentPhys FUExtentCareer FUExtentAmbitious
      FUExtentHot FUExtentFun FUExtentRespons
      FUExtentFriendly DemAge DemEthn FUPhysContact
      FUInitiatePhys FUEnjoyContact FUContactBad
      IRpatt IRepro IRpers IRrdes IRchem FUpasn FUpatt FUepro
      FUpers FUStatus sex_M1_F2;

      CLUSTER =Part_num MatchID_clean;
      WITHIN = FUpatt sexint;
      BETWEEN = (Part_num) sex_M1_F2;

  USEVARIABLES ARE Part_num MatchID_clean FUpatt FUOneNight sex_M1_F2 sexint;

  !When FUStatus = 0, all FU variables = 0. Removed to avoid bias. Presumed data-entry error
  USEOBS FUStatus NE 0;

  MISSING ARE ALL (-999);

  DEFINE:

  sexint = sex_M1_F2 * FUpatt;

   ANALYSIS:
  TYPE=THREELEVEL;
  ESTIMATOR = MLR;

  MODEL:
  %WITHIN%
  FUOneNight ON FUpatt sexint;

  %BETWEEN Part_num%
  FUOneNight ON sex_M1_F2;


  OUTPUT: SAMPSTAT STDYX SVALUES;





*** WARNING in VARIABLE command
  Note that only the first 8 characters of variable names are used in the output.
  Shorten variable names to avoid any confusion.
*** WARNING
  Clusters for MATCHID_CLEAN with the same IDs have been found in different clusters
  for PART_NUM.  These clusters are assumed to be different because clusters for
  MATCHID_CLEAN are not allowed to appear in more than one cluster for PART_NUM.
*** WARNING
  Data set contains cases with missing on x-variables.
  These cases were not included in the analysis.
  Number of cases with missing on x-variables:  27027
*** WARNING
  Data set contains cases with missing on all variables except
  x-variables.  These cases were not included in the analysis.
  Number of cases with missing on all variables except x-variables:  968
   4 WARNING(S) FOUND IN THE INPUT INSTRUCTIONS



Physical Attractiveness  predicting FU Desire for One Night Stand w. Interaction

SUMMARY OF ANALYSIS

Number of groups                                                 1
Number of observations                                         165

Number of dependent variables                                    1
Number of independent variables                                  3
Number of continuous latent variables                            0

Observed dependent variables

  Continuous
   FUONENIGHT

Observed independent variables
   FUPATT      SEX_M1_F    SEXINT

Variables with special functions

  Cluster variables     PART_NUM  MATCHID_

  Within variables
   FUPATT      SEXINT

  Level 3 between variables
   SEX_M1_F


Estimator                                                      MLR
Information matrix                                        OBSERVED
Maximum number of iterations                                   100
Convergence criterion                                    0.100D-05
Maximum number of EM iterations                                500
Convergence criteria for the EM algorithm
  Loglikelihood change                                   0.100D-02
  Relative loglikelihood change                          0.100D-05
  Derivative                                             0.100D-03
Minimum variance                                         0.100D-03
Maximum number of steepest descent iterations                   20
Maximum number of iterations for H1                           2000
Convergence criterion for H1                             0.100D-02
Optimization algorithm                                         EMA

Input data file(s)
  speed.dating.mplus.10.dat
Input data format  FREE


SUMMARY OF DATA

     Number of missing data patterns             1
     Number of MATCHID_CLEAN clusters      47
     Number of PART_NUM clusters           40

     Average cluster size for MATCHID_CLEAN level        3.511

     Estimated Intraclass Correlations for the Y Variables for MATCHID_CLEAN level

                Intraclass
     Variable  Correlation

     FUONENIG     0.015

     Average cluster size for PART_NUM level        4.125

     Estimated Intraclass Correlations for the Y Variables for PART_NUM level

                Intraclass
     Variable  Correlation

     FUONENIG     0.378


COVARIANCE COVERAGE OF DATA

Minimum covariance coverage value   0.100


     PROPORTION OF DATA PRESENT


           Covariance Coverage
              FUONENIG      FUPATT        SEX_M1_F      SEXINT
              ________      ________      ________      ________
 FUONENIG       1.000
 FUPATT         1.000         1.000
 SEX_M1_F       1.000         1.000         1.000
 SEXINT         1.000         1.000         1.000         1.000


SAMPLE STATISTICS

NOTE:  The sample statistics for within and between refer to the
       maximum-likelihood estimated within and between covariance
       matrices, respectively.


     ESTIMATED SAMPLE STATISTICS FOR WITHIN


           Means
              FUONENIG      FUPATT        SEX_M1_F      SEXINT
              ________      ________      ________      ________
 1              0.000         7.127         0.000        -0.212


           Covariances
              FUONENIG      FUPATT        SEX_M1_F      SEXINT
              ________      ________      ________      ________
 FUONENIG       2.960
 FUPATT         0.076         2.172
 SEX_M1_F       0.000         0.000         0.000
 SEXINT        -2.190        -0.009         0.000        13.197


           Correlations
              FUONENIG      FUPATT        SEX_M1_F      SEXINT
              ________      ________      ________      ________
 FUONENIG       1.000
 FUPATT         0.030         1.000
 SEX_M1_F       0.000         0.000         0.000
 SEXINT        -0.350        -0.002         0.000         1.000


     ESTIMATED SAMPLE STATISTICS FOR BETWEEN MATCHID_CLEAN


           Means
              FUONENIG      FUPATT        SEX_M1_F      SEXINT
              ________      ________      ________      ________
 1              0.000         0.000         0.000         0.000


           Covariances
              FUONENIG      FUPATT        SEX_M1_F      SEXINT
              ________      ________      ________      ________
 FUONENIG       0.075
 FUPATT         0.000         0.000
 SEX_M1_F       0.000         0.000         0.000
 SEXINT         0.000         0.000         0.000         0.000


           Correlations
              FUONENIG      FUPATT        SEX_M1_F      SEXINT
              ________      ________      ________      ________
 FUONENIG       1.000
 FUPATT         0.000         0.000
 SEX_M1_F       0.000         0.000         0.000
 SEXINT         0.000         0.000         0.000         0.000


     ESTIMATED SAMPLE STATISTICS FOR BETWEEN PART_NUM


           Means
              FUONENIG      FUPATT        SEX_M1_F      SEXINT
              ________      ________      ________      ________
 1              4.331         0.000         0.075         0.000


           Covariances
              FUONENIG      FUPATT        SEX_M1_F      SEXINT
              ________      ________      ________      ________
 FUONENIG       1.843
 FUPATT         0.000         0.000
 SEX_M1_F       0.255         0.000         0.244
 SEXINT         0.000         0.000         0.000         0.000


           Correlations
              FUONENIG      FUPATT        SEX_M1_F      SEXINT
              ________      ________      ________      ________
 FUONENIG       1.000
 FUPATT         0.000         0.000
 SEX_M1_F       0.380         0.000         1.000
 SEXINT         0.000         0.000         0.000         0.000


     MAXIMUM LOG-LIKELIHOOD VALUE FOR THE UNRESTRICTED (H1) MODEL IS -336.130

     WARNING: THE MODEL ESTIMATION HAS REACHED A SADDLE POINT OR A POINT WHERE THE
     OBSERVED AND THE EXPECTED INFORMATION MATRICES DO NOT MATCH.
     AN ADJUSTMENT TO THE ESTIMATION OF THE INFORMATION MATRIX HAS BEEN MADE.
     THE CONDITION NUMBER IS      -0.107D-02.
     THE PROBLEM MAY ALSO BE RESOLVED BY DECREASING THE VALUE OF THE
     MCONVERGENCE OR LOGCRITERION OPTIONS OR BY CHANGING THE STARTING VALUES
     OR BY USING THE MLF ESTIMATOR.


THE MODEL ESTIMATION TERMINATED NORMALLY



MODEL FIT INFORMATION

Number of Free Parameters                        7

Loglikelihood

          H0 Value                        -336.063
          H0 Scaling Correction Factor      1.2123
            for MLR
          H1 Value                        -336.130
          H1 Scaling Correction Factor      1.2123
            for MLR

Information Criteria

          Akaike (AIC)                     686.126
          Bayesian (BIC)                   707.868
          Sample-Size Adjusted BIC         685.706
            (n* = (n + 2) / 24)

Chi-Square Test of Model Fit

          Value                              0.000*
          Degrees of Freedom                     0
          P-Value                           1.0000
          Scaling Correction Factor         1.0000
            for MLR

*   The chi-square value for MLM, MLMV, MLR, ULSMV, WLSM and WLSMV cannot be used
    for chi-square difference testing in the regular way.  MLM, MLR and WLSM
    chi-square difference testing is described on the Mplus website.  MLMV, WLSMV,
    and ULSMV difference testing is done using the DIFFTEST option.

RMSEA (Root Mean Square Error Of Approximation)

          Estimate                           0.000

CFI/TLI

          CFI                                1.000
          TLI                                1.000

Chi-Square Test of Model Fit for the Baseline Model

          Value                              0.631
          Degrees of Freedom                     3
          P-Value                           0.8892

SRMR (Standardized Root Mean Square Residual)

          Value for Within                   0.005
          Value for Between Level 2          0.000
          Value for Between Level 3          0.008



MODEL RESULTS

                                                    Two-Tailed
                    Estimate       S.E.  Est./S.E.    P-Value

Within Level

 FUONENIGHT ON
    FUPATT             0.030      0.096      0.309      0.758
    SEXINT            -0.157      0.252     -0.623      0.533

 Residual Variances
    FUONENIGHT         2.592      0.635      4.079      0.000

Between MATCHID_CLEAN Level

 Variances
    FUONENIGHT         0.042      0.309      0.135      0.893

Between PART_NUM Level

 FUONENIGHT ON
    SEX_M1_F2          0.977      1.871      0.522      0.601

 Intercepts
    FUONENIGHT         4.006      0.721      5.558      0.000

 Residual Variances
    FUONENIGHT         1.610      0.438      3.678      0.000


STANDARDIZED MODEL RESULTS


STDYX Standardization

                                                    Two-Tailed
                    Estimate       S.E.  Est./S.E.    P-Value

Within Level

 FUONENIGHT ON
    FUPATT             0.026      0.083      0.307      0.759
    SEXINT            -0.334      0.471     -0.709      0.478

 Residual Variances
    FUONENIGHT         0.888      0.314      2.828      0.005

Between MATCHID_CLEAN Level

 Variances
    FUONENIGHT         1.000      0.000    999.000    999.000

Between PART_NUM Level

 FUONENIGHT ON
    SEX_M1_F2          0.356      0.607      0.587      0.557

 Means
    FUONENIGHT         2.950      0.927      3.182      0.001

 Variances
    FUONENIGHT         0.873      0.432      2.023      0.043


R-SQUARE

Within Level

    Observed                                        Two-Tailed
    Variable        Estimate       S.E.  Est./S.E.    P-Value

    FUONENIG           0.112      0.314      0.358      0.721

Between MATCHID_CLEAN Level

Between PART_NUM Level

    Observed                                        Two-Tailed
    Variable        Estimate       S.E.  Est./S.E.    P-Value

    FUONENIG           0.127      0.432      0.293      0.769


QUALITY OF NUMERICAL RESULTS

     Condition Number for the Information Matrix             -0.107E-02
       (ratio of smallest to largest eigenvalue)


MODEL COMMAND WITH FINAL ESTIMATES USED AS STARTING VALUES

     %WITHIN%

     fuonenight ON fupatt*0.02962;
     fuonenight ON sexint*-0.15714;

     fuonenight*2.59152;

     %BETWEEN MATCHID_CLEAN%

     fuonenight*0.04173;

     %BETWEEN PART_NUM%

     fuonenight ON sex_m1_f2*0.97734;

     [ fuonenight*4.00568 ];

     fuonenight*1.61050;



     Beginning Time:  14:55:25
        Ending Time:  14:55:29
       Elapsed Time:  00:00:04



MUTHEN & MUTHEN
3463 Stoner Ave.
Los Angeles, CA  90066

Tel: (310) 391-9971
Fax: (310) 391-8971
Web: www.StatModel.com
Support: Support@StatModel.com

Copyright (c) 1998-2013 Muthen & Muthen
