Mplus VERSION 7.11
MUTHEN & MUTHEN
07/25/2014   2:55 PM

INPUT INSTRUCTIONS

   TITLE: Physical Attractivness predicting Chemistry w. Interaction

    DATA:
    FILE IS
  speed.dating.mplus.10.dat;

    VARIABLE: NAMES ARE Part_num MatchID_clean Follow_clean
    IRLikedPartner IRSayYes IRSexAttract
      IRThinkCareer IRThinkAmbitious IRThinkPhys
      IRThinkHot IRThinkFun IRThinkResponsive
      IRThinkDependable IRThinkFriendly IRCommon
      IRPersonality IRConnection yessing mutmatch PMexcited
      PMSelfinit PMMatchinit FUEager FUInitiate FUEnjoy
      FUSexDesire FUSoulMate FURomInterest FUOnlyWith
      FUMind FUOneNight FUCasual FUSerious FUCommitted
      FUExtentPhys FUExtentCareer FUExtentAmbitious
      FUExtentHot FUExtentFun FUExtentRespons
      FUExtentFriendly DemAge DemEthn FUPhysContact
      FUInitiatePhys FUEnjoyContact FUContactBad
      IRpatt IRepro IRpers IRrdes IRchem FUpasn FUpatt FUepro
      FUpers FUStatus sex_M1_F2;

      CLUSTER =Part_num;
      WITHIN = IRpatt sexint;
      BETWEEN = sex_M1_F2;

  USEVARIABLES ARE Part_num IRpatt IRchem sex_M1_F2 sexint;

   USEOBS Follow_clean EQ 1;

  CLUSTER = Part_num;
  MISSING ARE ALL (-999);

  DEFINE:

  sexint = sex_M1_F2 * IRpatt;

   ANALYSIS:
  TYPE=TWOLEVEL;
  ESTIMATOR = MLR;

  MODEL:
  %WITHIN%
  IRchem ON IRpatt sexint;

  %BETWEEN%
  IRchem ON sex_M1_F2;


  OUTPUT: SAMPSTAT STDYX;





*** WARNING in VARIABLE command
  Note that only the first 8 characters of variable names are used in the output.
  Shorten variable names to avoid any confusion.
*** WARNING
  Data set contains cases with missing on x-variables.
  These cases were not included in the analysis.
  Number of cases with missing on x-variables:  114
*** WARNING
  Data set contains cases with missing on all variables except
  x-variables.  These cases were not included in the analysis.
  Number of cases with missing on all variables except x-variables:  4
   3 WARNING(S) FOUND IN THE INPUT INSTRUCTIONS



Physical Attractivness predicting Chemistry w. Interaction

SUMMARY OF ANALYSIS

Number of groups                                                 1
Number of observations                                        2698

Number of dependent variables                                    1
Number of independent variables                                  3
Number of continuous latent variables                            0

Observed dependent variables

  Continuous
   IRCHEM

Observed independent variables
   IRPATT      SEX_M1_F    SEXINT

Variables with special functions

  Cluster variable      PART_NUM

  Within variables
   IRPATT      SEXINT

  Between variables
   SEX_M1_F


Estimator                                                      MLR
Information matrix                                        OBSERVED
Maximum number of iterations                                   100
Convergence criterion                                    0.100D-05
Maximum number of EM iterations                                500
Convergence criteria for the EM algorithm
  Loglikelihood change                                   0.100D-02
  Relative loglikelihood change                          0.100D-05
  Derivative                                             0.100D-03
Minimum variance                                         0.100D-03
Maximum number of steepest descent iterations                   20
Maximum number of iterations for H1                           2000
Convergence criterion for H1                             0.100D-03
Optimization algorithm                                         EMA

Input data file(s)
  speed.dating.mplus.10.dat
Input data format  FREE


SUMMARY OF DATA

     Number of missing data patterns             1
     Number of clusters                        305

     Average cluster size        8.846

     Estimated Intraclass Correlations for the Y Variables

                Intraclass
     Variable  Correlation

     IRCHEM       0.132



COVARIANCE COVERAGE OF DATA

Minimum covariance coverage value   0.100


     PROPORTION OF DATA PRESENT


           Covariance Coverage
              IRCHEM        IRPATT        SEXINT        SEX_M1_F
              ________      ________      ________      ________
 IRCHEM         1.000
 IRPATT         1.000         1.000
 SEXINT         1.000         1.000         1.000
 SEX_M1_F       1.000         1.000         1.000         1.000


SAMPLE STATISTICS

NOTE:  The sample statistics for within and between refer to the
       maximum-likelihood estimated within and between covariance
       matrices, respectively.


     ESTIMATED SAMPLE STATISTICS FOR WITHIN


           Means
              IRCHEM        IRPATT        SEXINT        SEX_M1_F
              ________      ________      ________      ________
 1              0.000         4.769        -0.339         0.000


           Covariances
              IRCHEM        IRPATT        SEXINT        SEX_M1_F
              ________      ________      ________      ________
 IRCHEM         2.893
 IRPATT         2.499         5.229
 SEXINT        -0.424        -1.518         6.878
 SEX_M1_F       0.000         0.000         0.000         0.000


           Correlations
              IRCHEM        IRPATT        SEXINT        SEX_M1_F
              ________      ________      ________      ________
 IRCHEM         1.000
 IRPATT         0.642         1.000
 SEXINT        -0.095        -0.253         1.000
 SEX_M1_F       0.000         0.000         0.000         0.000


     ESTIMATED SAMPLE STATISTICS FOR BETWEEN


           Means
              IRCHEM        IRPATT        SEXINT        SEX_M1_F
              ________      ________      ________      ________
 1              4.893         0.000         0.000        -0.002


           Covariances
              IRCHEM        IRPATT        SEXINT        SEX_M1_F
              ________      ________      ________      ________
 IRCHEM         0.439
 IRPATT         0.000         0.000
 SEXINT         0.000         0.000         0.000
 SEX_M1_F      -0.061         0.000         0.000         0.250


           Correlations
              IRCHEM        IRPATT        SEXINT        SEX_M1_F
              ________      ________      ________      ________
 IRCHEM         1.000
 IRPATT         0.000         0.000
 SEXINT         0.000         0.000         0.000
 SEX_M1_F      -0.184         0.000         0.000         1.000


     MAXIMUM LOG-LIKELIHOOD VALUE FOR THE UNRESTRICTED (H1) MODEL IS -4708.456


THE MODEL ESTIMATION TERMINATED NORMALLY



MODEL FIT INFORMATION

Number of Free Parameters                        6

Loglikelihood

          H0 Value                       -4708.455
          H0 Scaling Correction Factor      1.3797
            for MLR
          H1 Value                       -4708.456
          H1 Scaling Correction Factor      1.3797
            for MLR

Information Criteria

          Akaike (AIC)                    9428.911
          Bayesian (BIC)                  9464.313
          Sample-Size Adjusted BIC        9445.249
            (n* = (n + 2) / 24)

Chi-Square Test of Model Fit

          Value                              0.000*
          Degrees of Freedom                     0
          P-Value                           1.0000
          Scaling Correction Factor         1.0000
            for MLR

*   The chi-square value for MLM, MLMV, MLR, ULSMV, WLSM and WLSMV cannot be used
    for chi-square difference testing in the regular way.  MLM, MLR and WLSM
    chi-square difference testing is described on the Mplus website.  MLMV, WLSMV,
    and ULSMV difference testing is done using the DIFFTEST option.

RMSEA (Root Mean Square Error Of Approximation)

          Estimate                           0.000

CFI/TLI

          CFI                                1.000
          TLI                                1.000

Chi-Square Test of Model Fit for the Baseline Model

          Value                            780.387
          Degrees of Freedom                     3
          P-Value                           0.0000

SRMR (Standardized Root Mean Square Residual)

          Value for Within                   0.000
          Value for Between                  0.002



MODEL RESULTS

                                                    Two-Tailed
                    Estimate       S.E.  Est./S.E.    P-Value

Within Level

 IRCHEM     ON
    IRPATT             0.491      0.017     29.752      0.000
    SEXINT             0.046      0.033      1.395      0.163

 Residual Variances
    IRCHEM             1.685      0.075     22.491      0.000

Between Level

 IRCHEM     ON
    SEX_M1_F2         -0.240      0.188     -1.277      0.202

 Intercepts
    IRCHEM             2.564      0.094     27.255      0.000

 Residual Variances
    IRCHEM             0.424      0.047      9.012      0.000


STANDARDIZED MODEL RESULTS


STDYX Standardization

                                                    Two-Tailed
                    Estimate       S.E.  Est./S.E.    P-Value

Within Level

 IRCHEM     ON
    IRPATT             0.661      0.017     38.290      0.000
    SEXINT             0.071      0.051      1.380      0.168

 Residual Variances
    IRCHEM             0.582      0.023     24.857      0.000

Between Level

 IRCHEM     ON
    SEX_M1_F2         -0.181      0.138     -1.318      0.187

 Intercepts
    IRCHEM             3.871      0.250     15.490      0.000

 Residual Variances
    IRCHEM             0.967      0.050     19.352      0.000


R-SQUARE

Within Level

    Observed                                        Two-Tailed
    Variable        Estimate       S.E.  Est./S.E.    P-Value

    IRCHEM             0.418      0.023     17.830      0.000

Between Level

    Observed                                        Two-Tailed
    Variable        Estimate       S.E.  Est./S.E.    P-Value

    IRCHEM             0.033      0.050      0.659      0.510


QUALITY OF NUMERICAL RESULTS

     Condition Number for the Information Matrix              0.222E-02
       (ratio of smallest to largest eigenvalue)


     Beginning Time:  14:55:40
        Ending Time:  14:55:41
       Elapsed Time:  00:00:01



MUTHEN & MUTHEN
3463 Stoner Ave.
Los Angeles, CA  90066

Tel: (310) 391-9971
Fax: (310) 391-8971
Web: www.StatModel.com
Support: Support@StatModel.com

Copyright (c) 1998-2013 Muthen & Muthen
