Mplus VERSION 7.11
MUTHEN & MUTHEN
07/25/2014   2:55 PM

INPUT INSTRUCTIONS

   TITLE: Physical Attractiveness predicting postmatch initiation plans w. Interaction

    DATA:
    FILE IS
  speed.dating.mplus.10.dat;

    VARIABLE: NAMES ARE Part_num MatchID_clean Follow_clean
    IRLikedPartner IRSayYes IRSexAttract
      IRThinkCareer IRThinkAmbitious IRThinkPhys
      IRThinkHot IRThinkFun IRThinkResponsive
      IRThinkDependable IRThinkFriendly IRCommon
      IRPersonality IRConnection yessing mutmatch PMexcited
      PMSelfinit PMMatchinit FUEager FUInitiate FUEnjoy
      FUSexDesire FUSoulMate FURomInterest FUOnlyWith
      FUMind FUOneNight FUCasual FUSerious FUCommitted
      FUExtentPhys FUExtentCareer FUExtentAmbitious
      FUExtentHot FUExtentFun FUExtentRespons
      FUExtentFriendly DemAge DemEthn FUPhysContact
      FUInitiatePhys FUEnjoyContact FUContactBad
      IRpatt IRepro IRpers IRrdes IRchem FUpasn FUpatt FUepro
      FUpers FUStatus sex_M1_F2;

      CLUSTER =Part_num;
      WITHIN = IRpatt sexint;
      BETWEEN = sex_M1_F2;

  USEVARIABLES ARE Part_num IRpatt PMSelfinit sex_M1_F2 sexint;

   USEOBS Follow_clean EQ 1;

  MISSING ARE ALL (-999);

  DEFINE:

  sexint = sex_M1_F2 * IRpatt;

   ANALYSIS:
  TYPE=TWOLEVEL;
  ESTIMATOR = MLR;

  MODEL:
  %WITHIN%
  PMSelfinit ON IRpatt sexint;

  %BETWEEN%
  PMSelfinit ON sex_M1_F2;


  OUTPUT: SAMPSTAT STDYX;





*** WARNING in VARIABLE command
  Note that only the first 8 characters of variable names are used in the output.
  Shorten variable names to avoid any confusion.
*** WARNING
  Data set contains cases with missing on x-variables.
  These cases were not included in the analysis.
  Number of cases with missing on x-variables:  114
*** WARNING
  Data set contains cases with missing on all variables except
  x-variables.  These cases were not included in the analysis.
  Number of cases with missing on all variables except x-variables:  2471
   3 WARNING(S) FOUND IN THE INPUT INSTRUCTIONS



Physical Attractiveness predicting postmatch initiation plans w. Interaction

SUMMARY OF ANALYSIS

Number of groups                                                 1
Number of observations                                         231

Number of dependent variables                                    1
Number of independent variables                                  3
Number of continuous latent variables                            0

Observed dependent variables

  Continuous
   PMSELFINIT

Observed independent variables
   IRPATT      SEX_M1_F    SEXINT

Variables with special functions

  Cluster variable      PART_NUM

  Within variables
   IRPATT      SEXINT

  Between variables
   SEX_M1_F


Estimator                                                      MLR
Information matrix                                        OBSERVED
Maximum number of iterations                                   100
Convergence criterion                                    0.100D-05
Maximum number of EM iterations                                500
Convergence criteria for the EM algorithm
  Loglikelihood change                                   0.100D-02
  Relative loglikelihood change                          0.100D-05
  Derivative                                             0.100D-03
Minimum variance                                         0.100D-03
Maximum number of steepest descent iterations                   20
Maximum number of iterations for H1                           2000
Convergence criterion for H1                             0.100D-03
Optimization algorithm                                         EMA

Input data file(s)
  speed.dating.mplus.10.dat
Input data format  FREE


SUMMARY OF DATA

     Number of missing data patterns             1
     Number of clusters                        127

     Average cluster size        1.819

     Estimated Intraclass Correlations for the Y Variables

                Intraclass
     Variable  Correlation

     PMSELFIN     0.486



COVARIANCE COVERAGE OF DATA

Minimum covariance coverage value   0.100


     PROPORTION OF DATA PRESENT


           Covariance Coverage
              PMSELFIN      IRPATT        SEXINT        SEX_M1_F
              ________      ________      ________      ________
 PMSELFIN       1.000
 IRPATT         1.000         1.000
 SEXINT         1.000         1.000         1.000
 SEX_M1_F       1.000         1.000         1.000         1.000


SAMPLE STATISTICS

NOTE:  The sample statistics for within and between refer to the
       maximum-likelihood estimated within and between covariance
       matrices, respectively.


     ESTIMATED SAMPLE STATISTICS FOR WITHIN


           Means
              PMSELFIN      IRPATT        SEXINT        SEX_M1_F
              ________      ________      ________      ________
 1              0.000         5.900        -0.188         0.000


           Covariances
              PMSELFIN      IRPATT        SEXINT        SEX_M1_F
              ________      ________      ________      ________
 PMSELFIN       1.230
 IRPATT         0.941         3.942
 SEXINT        -0.914        -0.926         9.654
 SEX_M1_F       0.000         0.000         0.000         0.000


           Correlations
              PMSELFIN      IRPATT        SEXINT        SEX_M1_F
              ________      ________      ________      ________
 PMSELFIN       1.000
 IRPATT         0.427         1.000
 SEXINT        -0.265        -0.150         1.000
 SEX_M1_F       0.000         0.000         0.000         0.000


     ESTIMATED SAMPLE STATISTICS FOR BETWEEN


           Means
              PMSELFIN      IRPATT        SEXINT        SEX_M1_F
              ________      ________      ________      ________
 1              4.131         0.000         0.000        -0.028


           Covariances
              PMSELFIN      IRPATT        SEXINT        SEX_M1_F
              ________      ________      ________      ________
 PMSELFIN       1.162
 IRPATT         0.000         0.000
 SEXINT         0.000         0.000         0.000
 SEX_M1_F      -0.012         0.000         0.000         0.249


           Correlations
              PMSELFIN      IRPATT        SEXINT        SEX_M1_F
              ________      ________      ________      ________
 PMSELFIN       1.000
 IRPATT         0.000         0.000
 SEXINT         0.000         0.000         0.000
 SEX_M1_F      -0.022         0.000         0.000         1.000


     MAXIMUM LOG-LIKELIHOOD VALUE FOR THE UNRESTRICTED (H1) MODEL IS -392.207


THE MODEL ESTIMATION TERMINATED NORMALLY



MODEL FIT INFORMATION

Number of Free Parameters                        6

Loglikelihood

          H0 Value                        -392.205
          H0 Scaling Correction Factor      1.3760
            for MLR
          H1 Value                        -392.207
          H1 Scaling Correction Factor      1.3760
            for MLR

Information Criteria

          Akaike (AIC)                     796.410
          Bayesian (BIC)                   817.065
          Sample-Size Adjusted BIC         798.048
            (n* = (n + 2) / 24)

Chi-Square Test of Model Fit

          Value                              0.000*
          Degrees of Freedom                     0
          P-Value                           1.0000
          Scaling Correction Factor         1.0000
            for MLR

*   The chi-square value for MLM, MLMV, MLR, ULSMV, WLSM and WLSMV cannot be used
    for chi-square difference testing in the regular way.  MLM, MLR and WLSM
    chi-square difference testing is described on the Mplus website.  MLMV, WLSMV,
    and ULSMV difference testing is done using the DIFFTEST option.

RMSEA (Root Mean Square Error Of Approximation)

          Estimate                           0.000

CFI/TLI

          CFI                                1.000
          TLI                                1.000

Chi-Square Test of Model Fit for the Baseline Model

          Value                             19.649
          Degrees of Freedom                     3
          P-Value                           0.0002

SRMR (Standardized Root Mean Square Residual)

          Value for Within                   0.005
          Value for Between                  0.008



MODEL RESULTS

                                                    Two-Tailed
                    Estimate       S.E.  Est./S.E.    P-Value

Within Level

 PMSELFINIT ON
    IRPATT             0.222      0.055      4.010      0.000
    SEXINT            -0.078      0.110     -0.711      0.477

 Residual Variances
    PMSELFINIT         0.954      0.204      4.674      0.000

Between Level

 PMSELFINIT ON
    SEX_M1_F2         -0.017      0.704     -0.024      0.980

 Intercepts
    PMSELFINIT         2.806      0.356      7.883      0.000

 Residual Variances
    PMSELFINIT         1.162      0.233      4.980      0.000


STANDARDIZED MODEL RESULTS


STDYX Standardization

                                                    Two-Tailed
                    Estimate       S.E.  Est./S.E.    P-Value

Within Level

 PMSELFINIT ON
    IRPATT             0.396      0.101      3.922      0.000
    SEXINT            -0.218      0.286     -0.761      0.446

 Residual Variances
    PMSELFINIT         0.770      0.159      4.847      0.000

Between Level

 PMSELFINIT ON
    SEX_M1_F2         -0.008      0.326     -0.024      0.980

 Intercepts
    PMSELFINIT         2.603      0.446      5.842      0.000

 Residual Variances
    PMSELFINIT         1.000      0.005    192.101      0.000


R-SQUARE

Within Level

    Observed                                        Two-Tailed
    Variable        Estimate       S.E.  Est./S.E.    P-Value

    PMSELFIN           0.230      0.159      1.449      0.147

Between Level

    Observed                                        Two-Tailed
    Variable        Estimate       S.E.  Est./S.E.    P-Value

    PMSELFIN           0.000      0.005      0.012      0.990


QUALITY OF NUMERICAL RESULTS

     Condition Number for the Information Matrix              0.840E-03
       (ratio of smallest to largest eigenvalue)


     Beginning Time:  14:55:43
        Ending Time:  14:55:44
       Elapsed Time:  00:00:01



MUTHEN & MUTHEN
3463 Stoner Ave.
Los Angeles, CA  90066

Tel: (310) 391-9971
Fax: (310) 391-8971
Web: www.StatModel.com
Support: Support@StatModel.com

Copyright (c) 1998-2013 Muthen & Muthen
