Mplus VERSION 7.11
MUTHEN & MUTHEN
07/25/2014   2:53 PM

INPUT INSTRUCTIONS

   TITLE: Personable predicting FU Date Enjoyment w. Interaction

    DATA:
    FILE IS
  speed.dating.mplus.10.dat;

    VARIABLE: NAMES ARE Part_num MatchID_clean Follow_clean
    IRLikedPartner IRSayYes IRSexAttract
      IRThinkCareer IRThinkAmbitious IRThinkPhys
      IRThinkHot IRThinkFun IRThinkResponsive
      IRThinkDependable IRThinkFriendly IRCommon
      IRPersonality IRConnection yessing mutmatch PMexcited
      PMSelfinit PMMatchinit FUEager FUInitiate FUEnjoy
      FUSexDesire FUSoulMate FURomInterest FUOnlyWith
      FUMind FUOneNight FUCasual FUSerious FUCommitted
      FUExtentPhys FUExtentCareer FUExtentAmbitious
      FUExtentHot FUExtentFun FUExtentRespons
      FUExtentFriendly DemAge DemEthn FUPhysContact
      FUInitiatePhys FUEnjoyContact FUContactBad
      IRpatt IRepro IRpers IRrdes IRchem FUpasn FUpatt FUepro
      FUpers FUStatus sex_M1_F2;

      CLUSTER =Part_num MatchID_clean;
      WITHIN = FUpers sexint;
      BETWEEN = (Part_num) sex_M1_F2;

  USEVARIABLES ARE Part_num MatchID_clean FUpers FUEnjoy sex_M1_F2 sexint;

  !When FUStatus = 0, all FU variables = 0. Removed to avoid bias. Presumed data-entry error
  USEOBS FUStatus NE 0;

  MISSING ARE ALL (-999);

  DEFINE:

  sexint = sex_M1_F2 * FUpers;

   ANALYSIS:
  TYPE=THREELEVEL;
  ESTIMATOR = MLR;

  MODEL:
  %WITHIN%
  FUEnjoy ON FUpers sexint;

  %BETWEEN Part_num%
  FUEnjoy ON sex_M1_F2;


  OUTPUT: SAMPSTAT STDYX;





*** WARNING in VARIABLE command
  Note that only the first 8 characters of variable names are used in the output.
  Shorten variable names to avoid any confusion.
*** WARNING
  Clusters for MATCHID_CLEAN with the same IDs have been found in different clusters
  for PART_NUM.  These clusters are assumed to be different because clusters for
  MATCHID_CLEAN are not allowed to appear in more than one cluster for PART_NUM.
*** WARNING
  Data set contains cases with missing on x-variables.
  These cases were not included in the analysis.
  Number of cases with missing on x-variables:  27025
*** WARNING
  Data set contains cases with missing on all variables except
  x-variables.  These cases were not included in the analysis.
  Number of cases with missing on all variables except x-variables:  900
   4 WARNING(S) FOUND IN THE INPUT INSTRUCTIONS



Personable predicting FU Date Enjoyment w. Interaction

SUMMARY OF ANALYSIS

Number of groups                                                 1
Number of observations                                         235

Number of dependent variables                                    1
Number of independent variables                                  3
Number of continuous latent variables                            0

Observed dependent variables

  Continuous
   FUENJOY

Observed independent variables
   FUPERS      SEX_M1_F    SEXINT

Variables with special functions

  Cluster variables     PART_NUM  MATCHID_

  Within variables
   FUPERS      SEXINT

  Level 3 between variables
   SEX_M1_F


Estimator                                                      MLR
Information matrix                                        OBSERVED
Maximum number of iterations                                   100
Convergence criterion                                    0.100D-05
Maximum number of EM iterations                                500
Convergence criteria for the EM algorithm
  Loglikelihood change                                   0.100D-02
  Relative loglikelihood change                          0.100D-05
  Derivative                                             0.100D-03
Minimum variance                                         0.100D-03
Maximum number of steepest descent iterations                   20
Maximum number of iterations for H1                           2000
Convergence criterion for H1                             0.100D-02
Optimization algorithm                                         EMA

Input data file(s)
  speed.dating.mplus.10.dat
Input data format  FREE


SUMMARY OF DATA

     Number of missing data patterns             1
     Number of MATCHID_CLEAN clusters      75
     Number of PART_NUM clusters           57

     Average cluster size for MATCHID_CLEAN level        3.133

     Estimated Intraclass Correlations for the Y Variables for MATCHID_CLEAN level

                Intraclass
     Variable  Correlation

     FUENJOY      0.229

     Average cluster size for PART_NUM level        4.123

     Estimated Intraclass Correlations for the Y Variables for PART_NUM level

                Intraclass
     Variable  Correlation

     FUENJOY      0.188


COVARIANCE COVERAGE OF DATA

Minimum covariance coverage value   0.100


     PROPORTION OF DATA PRESENT


           Covariance Coverage
              FUENJOY       FUPERS        SEX_M1_F      SEXINT
              ________      ________      ________      ________
 FUENJOY        1.000
 FUPERS         1.000         1.000
 SEX_M1_F       1.000         1.000         1.000
 SEXINT         1.000         1.000         1.000         1.000


SAMPLE STATISTICS

NOTE:  The sample statistics for within and between refer to the
       maximum-likelihood estimated within and between covariance
       matrices, respectively.


     ESTIMATED SAMPLE STATISTICS FOR WITHIN


           Means
              FUENJOY       FUPERS        SEX_M1_F      SEXINT
              ________      ________      ________      ________
 1              0.000         7.174         0.000         0.438


           Covariances
              FUENJOY       FUPERS        SEX_M1_F      SEXINT
              ________      ________      ________      ________
 FUENJOY        2.440
 FUPERS         1.759         2.570
 SEX_M1_F       0.000         0.000         0.000
 SEXINT         2.699         1.136         0.000        13.319


           Correlations
              FUENJOY       FUPERS        SEX_M1_F      SEXINT
              ________      ________      ________      ________
 FUENJOY        1.000
 FUPERS         0.702         1.000
 SEX_M1_F       0.000         0.000         0.000
 SEXINT         0.473         0.194         0.000         1.000


     ESTIMATED SAMPLE STATISTICS FOR BETWEEN MATCHID_CLEAN


           Means
              FUENJOY       FUPERS        SEX_M1_F      SEXINT
              ________      ________      ________      ________
 1              0.000         0.000         0.000         0.000


           Covariances
              FUENJOY       FUPERS        SEX_M1_F      SEXINT
              ________      ________      ________      ________
 FUENJOY        0.960
 FUPERS         0.000         0.000
 SEX_M1_F       0.000         0.000         0.000
 SEXINT         0.000         0.000         0.000         0.000


           Correlations
              FUENJOY       FUPERS        SEX_M1_F      SEXINT
              ________      ________      ________      ________
 FUENJOY        1.000
 FUPERS         0.000         0.000
 SEX_M1_F       0.000         0.000         0.000
 SEXINT         0.000         0.000         0.000         0.000


     ESTIMATED SAMPLE STATISTICS FOR BETWEEN PART_NUM


           Means
              FUENJOY       FUPERS        SEX_M1_F      SEXINT
              ________      ________      ________      ________
 1              4.693         0.000         0.026         0.000


           Covariances
              FUENJOY       FUPERS        SEX_M1_F      SEXINT
              ________      ________      ________      ________
 FUENJOY        0.786
 FUPERS         0.000         0.000
 SEX_M1_F      -0.374         0.000         0.249
 SEXINT         0.000         0.000         0.000         0.000


           Correlations
              FUENJOY       FUPERS        SEX_M1_F      SEXINT
              ________      ________      ________      ________
 FUENJOY        1.000
 FUPERS         0.000         0.000
 SEX_M1_F      -0.844         0.000         1.000
 SEXINT         0.000         0.000         0.000         0.000


     MAXIMUM LOG-LIKELIHOOD VALUE FOR THE UNRESTRICTED (H1) MODEL IS -382.119


THE MODEL ESTIMATION TERMINATED NORMALLY



MODEL FIT INFORMATION

Number of Free Parameters                        7

Loglikelihood

          H0 Value                        -382.119
          H0 Scaling Correction Factor      1.8968
            for MLR
          H1 Value                        -382.119
          H1 Scaling Correction Factor      1.8968
            for MLR

Information Criteria

          Akaike (AIC)                     778.238
          Bayesian (BIC)                   802.455
          Sample-Size Adjusted BIC         780.268
            (n* = (n + 2) / 24)

Chi-Square Test of Model Fit

          Value                              0.000*
          Degrees of Freedom                     0
          P-Value                           0.0000
          Scaling Correction Factor         1.0000
            for MLR

*   The chi-square value for MLM, MLMV, MLR, ULSMV, WLSM and WLSMV cannot be used
    for chi-square difference testing in the regular way.  MLM, MLR and WLSM
    chi-square difference testing is described on the Mplus website.  MLMV, WLSMV,
    and ULSMV difference testing is done using the DIFFTEST option.

RMSEA (Root Mean Square Error Of Approximation)

          Estimate                           0.000

CFI/TLI

          CFI                                1.000
          TLI                                1.000

Chi-Square Test of Model Fit for the Baseline Model

          Value                             40.256
          Degrees of Freedom                     3
          P-Value                           0.0000

SRMR (Standardized Root Mean Square Residual)

          Value for Within                   0.000
          Value for Between Level 2          0.000
          Value for Between Level 3          0.000



MODEL RESULTS

                                                    Two-Tailed
                    Estimate       S.E.  Est./S.E.    P-Value

Within Level

 FUENJOY    ON
    FUPERS             0.618      0.121      5.093      0.000
    SEXINT             0.150      0.235      0.638      0.524

 Residual Variances
    FUENJOY            0.949      0.152      6.240      0.000

Between MATCHID_CLEAN Level

 Variances
    FUENJOY            0.960      0.460      2.087      0.037

Between PART_NUM Level

 FUENJOY    ON
    SEX_M1_F2         -1.499      1.712     -0.875      0.381

 Intercepts
    FUENJOY            0.232      0.874      0.265      0.791

 Residual Variances
    FUENJOY            0.226      0.322      0.702      0.482


STANDARDIZED MODEL RESULTS


STDYX Standardization

                                                    Two-Tailed
                    Estimate       S.E.  Est./S.E.    P-Value

Within Level

 FUENJOY    ON
    FUPERS             0.634      0.148      4.275      0.000
    SEXINT             0.350      0.451      0.776      0.438

 Residual Variances
    FUENJOY            0.389      0.250      1.555      0.120

Between MATCHID_CLEAN Level

 Variances
    FUENJOY            1.000      0.000    999.000    999.000

Between PART_NUM Level

 FUENJOY    ON
    SEX_M1_F2         -0.844      0.269     -3.140      0.002

 Means
    FUENJOY            0.262      1.114      0.235      0.814

 Variances
    FUENJOY            0.288      0.454      0.634      0.526


R-SQUARE

Within Level

    Observed                                        Two-Tailed
    Variable        Estimate       S.E.  Est./S.E.    P-Value

    FUENJOY            0.611      0.250      2.444      0.015

Between MATCHID_CLEAN Level

Between PART_NUM Level

    Observed                                        Two-Tailed
    Variable        Estimate       S.E.  Est./S.E.    P-Value

    FUENJOY            0.712      0.454      1.570      0.116


QUALITY OF NUMERICAL RESULTS

     Condition Number for the Information Matrix              0.368E-03
       (ratio of smallest to largest eigenvalue)


     Beginning Time:  14:53:55
        Ending Time:  14:53:57
       Elapsed Time:  00:00:02



MUTHEN & MUTHEN
3463 Stoner Ave.
Los Angeles, CA  90066

Tel: (310) 391-9971
Fax: (310) 391-8971
Web: www.StatModel.com
Support: Support@StatModel.com

Copyright (c) 1998-2013 Muthen & Muthen
