Mplus VERSION 7.11
MUTHEN & MUTHEN
07/25/2014   2:53 PM

INPUT INSTRUCTIONS

   TITLE: Personable predicting FU Date Initiation w. Interaction

    DATA:
    FILE IS
  speed.dating.mplus.10.dat;

    VARIABLE: NAMES ARE Part_num MatchID_clean Follow_clean
    IRLikedPartner IRSayYes IRSexAttract
      IRThinkCareer IRThinkAmbitious IRThinkPhys
      IRThinkHot IRThinkFun IRThinkResponsive
      IRThinkDependable IRThinkFriendly IRCommon
      IRPersonality IRConnection yessing mutmatch PMexcited
      PMSelfinit PMMatchinit FUEager FUInitiate FUEnjoy
      FUSexDesire FUSoulMate FURomInterest FUOnlyWith
      FUMind FUOneNight FUCasual FUSerious FUCommitted
      FUExtentPhys FUExtentCareer FUExtentAmbitious
      FUExtentHot FUExtentFun FUExtentRespons
      FUExtentFriendly DemAge DemEthn FUPhysContact
      FUInitiatePhys FUEnjoyContact FUContactBad
      IRpatt IRepro IRpers IRrdes IRchem FUpasn FUpatt FUepro
      FUpers FUStatus sex_M1_F2;

      CLUSTER =Part_num MatchID_clean;
      WITHIN = FUpers sexint;
      BETWEEN = (Part_num) sex_M1_F2;

  USEVARIABLES ARE Part_num MatchID_clean FUpers FUInitiate sex_M1_F2 sexint;

  !When FUStatus = 0, all FU variables = 0. Removed to avoid bias. Presumed data-entry error
  USEOBS FUStatus NE 0;

  MISSING ARE ALL (-999);

  DEFINE:

  sexint = sex_M1_F2 * FUpers;

   ANALYSIS:
  TYPE=THREELEVEL;
  ESTIMATOR = MLR;

  MODEL:
  %WITHIN%
  FUInitiate ON FUpers sexint;

  %BETWEEN Part_num%
  FUInitiate ON sex_M1_F2;


  OUTPUT: SAMPSTAT STDYX;





*** WARNING in VARIABLE command
  Note that only the first 8 characters of variable names are used in the output.
  Shorten variable names to avoid any confusion.
*** WARNING
  Clusters for MATCHID_CLEAN with the same IDs have been found in different clusters
  for PART_NUM.  These clusters are assumed to be different because clusters for
  MATCHID_CLEAN are not allowed to appear in more than one cluster for PART_NUM.
*** WARNING
  Data set contains cases with missing on x-variables.
  These cases were not included in the analysis.
  Number of cases with missing on x-variables:  27025
*** WARNING
  Data set contains cases with missing on all variables except
  x-variables.  These cases were not included in the analysis.
  Number of cases with missing on all variables except x-variables:  901
   4 WARNING(S) FOUND IN THE INPUT INSTRUCTIONS



Personable predicting FU Date Initiation w. Interaction

SUMMARY OF ANALYSIS

Number of groups                                                 1
Number of observations                                         234

Number of dependent variables                                    1
Number of independent variables                                  3
Number of continuous latent variables                            0

Observed dependent variables

  Continuous
   FUINITIATE

Observed independent variables
   FUPERS      SEX_M1_F    SEXINT

Variables with special functions

  Cluster variables     PART_NUM  MATCHID_

  Within variables
   FUPERS      SEXINT

  Level 3 between variables
   SEX_M1_F


Estimator                                                      MLR
Information matrix                                        OBSERVED
Maximum number of iterations                                   100
Convergence criterion                                    0.100D-05
Maximum number of EM iterations                                500
Convergence criteria for the EM algorithm
  Loglikelihood change                                   0.100D-02
  Relative loglikelihood change                          0.100D-05
  Derivative                                             0.100D-03
Minimum variance                                         0.100D-03
Maximum number of steepest descent iterations                   20
Maximum number of iterations for H1                           2000
Convergence criterion for H1                             0.100D-02
Optimization algorithm                                         EMA

Input data file(s)
  speed.dating.mplus.10.dat
Input data format  FREE


SUMMARY OF DATA

     Number of missing data patterns             1
     Number of MATCHID_CLEAN clusters      74
     Number of PART_NUM clusters           56

     Average cluster size for MATCHID_CLEAN level        3.162

     Estimated Intraclass Correlations for the Y Variables for MATCHID_CLEAN level

                Intraclass
     Variable  Correlation

     FUINITIA     0.083

     Average cluster size for PART_NUM level        4.179

     Estimated Intraclass Correlations for the Y Variables for PART_NUM level

                Intraclass
     Variable  Correlation

     FUINITIA     0.650


COVARIANCE COVERAGE OF DATA

Minimum covariance coverage value   0.100


     PROPORTION OF DATA PRESENT


           Covariance Coverage
              FUINITIA      FUPERS        SEX_M1_F      SEXINT
              ________      ________      ________      ________
 FUINITIA       1.000
 FUPERS         1.000         1.000
 SEX_M1_F       1.000         1.000         1.000
 SEXINT         1.000         1.000         1.000         1.000


SAMPLE STATISTICS

NOTE:  The sample statistics for within and between refer to the
       maximum-likelihood estimated within and between covariance
       matrices, respectively.


     ESTIMATED SAMPLE STATISTICS FOR WITHIN


           Means
              FUINITIA      FUPERS        SEX_M1_F      SEXINT
              ________      ________      ________      ________
 1              0.000         7.171         0.000         0.423


           Covariances
              FUINITIA      FUPERS        SEX_M1_F      SEXINT
              ________      ________      ________      ________
 FUINITIA       1.979
 FUPERS         0.941         2.578
 SEX_M1_F       0.000         0.000         0.000
 SEXINT         2.891         1.129         0.000        13.321


           Correlations
              FUINITIA      FUPERS        SEX_M1_F      SEXINT
              ________      ________      ________      ________
 FUINITIA       1.000
 FUPERS         0.417         1.000
 SEX_M1_F       0.000         0.000         0.000
 SEXINT         0.563         0.193         0.000         1.000


     ESTIMATED SAMPLE STATISTICS FOR BETWEEN MATCHID_CLEAN


           Means
              FUINITIA      FUPERS        SEX_M1_F      SEXINT
              ________      ________      ________      ________
 1              0.000         0.000         0.000         0.000


           Covariances
              FUINITIA      FUPERS        SEX_M1_F      SEXINT
              ________      ________      ________      ________
 FUINITIA       0.613
 FUPERS         0.000         0.000
 SEX_M1_F       0.000         0.000         0.000
 SEXINT         0.000         0.000         0.000         0.000


           Correlations
              FUINITIA      FUPERS        SEX_M1_F      SEXINT
              ________      ________      ________      ________
 FUINITIA       1.000
 FUPERS         0.000         0.000
 SEX_M1_F       0.000         0.000         0.000
 SEXINT         0.000         0.000         0.000         0.000


     ESTIMATED SAMPLE STATISTICS FOR BETWEEN PART_NUM


           Means
              FUINITIA      FUPERS        SEX_M1_F      SEXINT
              ________      ________      ________      ________
 1              3.710         0.000         0.018         0.000


           Covariances
              FUINITIA      FUPERS        SEX_M1_F      SEXINT
              ________      ________      ________      ________
 FUINITIA       4.805
 FUPERS         0.000         0.000
 SEX_M1_F      -0.851         0.000         0.250
 SEXINT         0.000         0.000         0.000         0.000


           Correlations
              FUINITIA      FUPERS        SEX_M1_F      SEXINT
              ________      ________      ________      ________
 FUINITIA       1.000
 FUPERS         0.000         0.000
 SEX_M1_F      -0.777         0.000         1.000
 SEXINT         0.000         0.000         0.000         0.000


     MAXIMUM LOG-LIKELIHOOD VALUE FOR THE UNRESTRICTED (H1) MODEL IS -414.953


THE MODEL ESTIMATION TERMINATED NORMALLY



MODEL FIT INFORMATION

Number of Free Parameters                        7

Loglikelihood

          H0 Value                        -414.953
          H0 Scaling Correction Factor      1.8130
            for MLR
          H1 Value                        -414.953
          H1 Scaling Correction Factor      1.8130
            for MLR

Information Criteria

          Akaike (AIC)                     843.906
          Bayesian (BIC)                   868.093
          Sample-Size Adjusted BIC         845.907
            (n* = (n + 2) / 24)

Chi-Square Test of Model Fit

          Value                              0.000*
          Degrees of Freedom                     0
          P-Value                           1.0000
          Scaling Correction Factor         1.0000
            for MLR

*   The chi-square value for MLM, MLMV, MLR, ULSMV, WLSM and WLSMV cannot be used
    for chi-square difference testing in the regular way.  MLM, MLR and WLSM
    chi-square difference testing is described on the Mplus website.  MLMV, WLSMV,
    and ULSMV difference testing is done using the DIFFTEST option.

RMSEA (Root Mean Square Error Of Approximation)

          Estimate                           0.000

CFI/TLI

          CFI                                1.000
          TLI                                1.000

Chi-Square Test of Model Fit for the Baseline Model

          Value                             11.481
          Degrees of Freedom                     3
          P-Value                           0.0094

SRMR (Standardized Root Mean Square Residual)

          Value for Within                   0.000
          Value for Between Level 2          0.000
          Value for Between Level 3          0.000



MODEL RESULTS

                                                    Two-Tailed
                    Estimate       S.E.  Est./S.E.    P-Value

Within Level

 FUINITIATE ON
    FUPERS             0.281      0.114      2.453      0.014
    SEXINT             0.193      0.223      0.866      0.387

 Residual Variances
    FUINITIATE         1.156      0.233      4.956      0.000

Between MATCHID_CLEAN Level

 Variances
    FUINITIATE         0.613      0.383      1.600      0.110

Between PART_NUM Level

 FUINITIATE ON
    SEX_M1_F2         -3.407      1.657     -2.056      0.040

 Intercepts
    FUINITIATE         1.677      0.858      1.956      0.051

 Residual Variances
    FUINITIATE         1.907      0.641      2.975      0.003


STANDARDIZED MODEL RESULTS


STDYX Standardization

                                                    Two-Tailed
                    Estimate       S.E.  Est./S.E.    P-Value

Within Level

 FUINITIATE ON
    FUPERS             0.320      0.184      1.741      0.082
    SEXINT             0.501      0.417      1.203      0.229

 Residual Variances
    FUINITIATE         0.584      0.354      1.652      0.099

Between MATCHID_CLEAN Level

 Variances
    FUINITIATE         1.000      0.000    999.000    999.000

Between PART_NUM Level

 FUINITIATE ON
    SEX_M1_F2         -0.777      0.164     -4.734      0.000

 Means
    FUINITIATE         0.765      0.398      1.924      0.054

 Variances
    FUINITIATE         0.397      0.255      1.558      0.119


R-SQUARE

Within Level

    Observed                                        Two-Tailed
    Variable        Estimate       S.E.  Est./S.E.    P-Value

    FUINITIA           0.416      0.354      1.175      0.240

Between MATCHID_CLEAN Level

Between PART_NUM Level

    Observed                                        Two-Tailed
    Variable        Estimate       S.E.  Est./S.E.    P-Value

    FUINITIA           0.603      0.255      2.367      0.018


QUALITY OF NUMERICAL RESULTS

     Condition Number for the Information Matrix              0.988E-03
       (ratio of smallest to largest eigenvalue)


     Beginning Time:  14:53:57
        Ending Time:  14:53:59
       Elapsed Time:  00:00:02



MUTHEN & MUTHEN
3463 Stoner Ave.
Los Angeles, CA  90066

Tel: (310) 391-9971
Fax: (310) 391-8971
Web: www.StatModel.com
Support: Support@StatModel.com

Copyright (c) 1998-2013 Muthen & Muthen
