Mplus VERSION 7.11
MUTHEN & MUTHEN
07/25/2014   2:54 PM

INPUT INSTRUCTIONS

   TITLE: Personable predicting FU Desire for Casual Relationship w. Interaction

    DATA:
    FILE IS
  speed.dating.mplus.10.dat;

    VARIABLE: NAMES ARE Part_num MatchID_clean Follow_clean
    IRLikedPartner IRSayYes IRSexAttract
      IRThinkCareer IRThinkAmbitious IRThinkPhys
      IRThinkHot IRThinkFun IRThinkResponsive
      IRThinkDependable IRThinkFriendly IRCommon
      IRPersonality IRConnection yessing mutmatch PMexcited
      PMSelfinit PMMatchinit FUEager FUInitiate FUEnjoy
      FUSexDesire FUSoulMate FURomInterest FUOnlyWith
      FUMind FUOneNight FUCasual FUSerious FUCommitted
      FUExtentPhys FUExtentCareer FUExtentAmbitious
      FUExtentHot FUExtentFun FUExtentRespons
      FUExtentFriendly DemAge DemEthn FUPhysContact
      FUInitiatePhys FUEnjoyContact FUContactBad
      IRpatt IRepro IRpers IRrdes IRchem FUpasn FUpatt FUepro
      FUpers FUStatus sex_M1_F2;

      CLUSTER =Part_num MatchID_clean;
      WITHIN = FUpers sexint;
      BETWEEN = (Part_num) sex_M1_F2;

  USEVARIABLES ARE Part_num MatchID_clean FUpers FUCasual sex_M1_F2 sexint;

  !When FUStatus = 0, all FU variables = 0. Removed to avoid bias. Presumed data-entry error
  USEOBS FUStatus NE 0;

  MISSING ARE ALL (-999);

  DEFINE:

  sexint = sex_M1_F2 * FUpers;

   ANALYSIS:
  TYPE=THREELEVEL;
  ESTIMATOR = MLR;

  MODEL:
  %WITHIN%
  FUCasual ON FUpers sexint;

  %BETWEEN Part_num%
  FUCasual ON sex_M1_F2;


  OUTPUT: SAMPSTAT STDYX;





*** WARNING in VARIABLE command
  Note that only the first 8 characters of variable names are used in the output.
  Shorten variable names to avoid any confusion.
*** WARNING
  Clusters for MATCHID_CLEAN with the same IDs have been found in different clusters
  for PART_NUM.  These clusters are assumed to be different because clusters for
  MATCHID_CLEAN are not allowed to appear in more than one cluster for PART_NUM.
*** WARNING
  Data set contains cases with missing on x-variables.
  These cases were not included in the analysis.
  Number of cases with missing on x-variables:  27025
*** WARNING
  Data set contains cases with missing on all variables except
  x-variables.  These cases were not included in the analysis.
  Number of cases with missing on all variables except x-variables:  971
   4 WARNING(S) FOUND IN THE INPUT INSTRUCTIONS



Personable predicting FU Desire for Casual Relationship w. Interaction

SUMMARY OF ANALYSIS

Number of groups                                                 1
Number of observations                                         164

Number of dependent variables                                    1
Number of independent variables                                  3
Number of continuous latent variables                            0

Observed dependent variables

  Continuous
   FUCASUAL

Observed independent variables
   FUPERS      SEX_M1_F    SEXINT

Variables with special functions

  Cluster variables     PART_NUM  MATCHID_

  Within variables
   FUPERS      SEXINT

  Level 3 between variables
   SEX_M1_F


Estimator                                                      MLR
Information matrix                                        OBSERVED
Maximum number of iterations                                   100
Convergence criterion                                    0.100D-05
Maximum number of EM iterations                                500
Convergence criteria for the EM algorithm
  Loglikelihood change                                   0.100D-02
  Relative loglikelihood change                          0.100D-05
  Derivative                                             0.100D-03
Minimum variance                                         0.100D-03
Maximum number of steepest descent iterations                   20
Maximum number of iterations for H1                           2000
Convergence criterion for H1                             0.100D-02
Optimization algorithm                                         EMA

Input data file(s)
  speed.dating.mplus.10.dat
Input data format  FREE


SUMMARY OF DATA

     Number of missing data patterns             1
     Number of MATCHID_CLEAN clusters      47
     Number of PART_NUM clusters           40

     Average cluster size for MATCHID_CLEAN level        3.489

     Estimated Intraclass Correlations for the Y Variables for MATCHID_CLEAN level

                Intraclass
     Variable  Correlation

     FUCASUAL     0.047

     Average cluster size for PART_NUM level        4.100

     Estimated Intraclass Correlations for the Y Variables for PART_NUM level

                Intraclass
     Variable  Correlation

     FUCASUAL     0.382


COVARIANCE COVERAGE OF DATA

Minimum covariance coverage value   0.100


     PROPORTION OF DATA PRESENT


           Covariance Coverage
              FUCASUAL      FUPERS        SEX_M1_F      SEXINT
              ________      ________      ________      ________
 FUCASUAL       1.000
 FUPERS         1.000         1.000
 SEX_M1_F       1.000         1.000         1.000
 SEXINT         1.000         1.000         1.000         1.000


SAMPLE STATISTICS

NOTE:  The sample statistics for within and between refer to the
       maximum-likelihood estimated within and between covariance
       matrices, respectively.


     ESTIMATED SAMPLE STATISTICS FOR WITHIN


           Means
              FUCASUAL      FUPERS        SEX_M1_F      SEXINT
              ________      ________      ________      ________
 1              0.000         7.561         0.000        -0.018


           Covariances
              FUCASUAL      FUPERS        SEX_M1_F      SEXINT
              ________      ________      ________      ________
 FUCASUAL       4.171
 FUPERS        -0.546         1.576
 SEX_M1_F       0.000         0.000         0.000
 SEXINT        -6.593         0.882         0.000        14.686


           Correlations
              FUCASUAL      FUPERS        SEX_M1_F      SEXINT
              ________      ________      ________      ________
 FUCASUAL       1.000
 FUPERS        -0.213         1.000
 SEX_M1_F       0.000         0.000         0.000
 SEXINT        -0.842         0.183         0.000         1.000


     ESTIMATED SAMPLE STATISTICS FOR BETWEEN MATCHID_CLEAN


           Means
              FUCASUAL      FUPERS        SEX_M1_F      SEXINT
              ________      ________      ________      ________
 1              0.000         0.000         0.000         0.000


           Covariances
              FUCASUAL      FUPERS        SEX_M1_F      SEXINT
              ________      ________      ________      ________
 FUCASUAL       0.342
 FUPERS         0.000         0.000
 SEX_M1_F       0.000         0.000         0.000
 SEXINT         0.000         0.000         0.000         0.000


           Correlations
              FUCASUAL      FUPERS        SEX_M1_F      SEXINT
              ________      ________      ________      ________
 FUCASUAL       1.000
 FUPERS         0.000         0.000
 SEX_M1_F       0.000         0.000         0.000
 SEXINT         0.000         0.000         0.000         0.000


     ESTIMATED SAMPLE STATISTICS FOR BETWEEN PART_NUM


           Means
              FUCASUAL      FUPERS        SEX_M1_F      SEXINT
              ________      ________      ________      ________
 1              4.058         0.000         0.075         0.000


           Covariances
              FUCASUAL      FUPERS        SEX_M1_F      SEXINT
              ________      ________      ________      ________
 FUCASUAL       2.790
 FUPERS         0.000         0.000
 SEX_M1_F       0.761         0.000         0.244
 SEXINT         0.000         0.000         0.000         0.000


           Correlations
              FUCASUAL      FUPERS        SEX_M1_F      SEXINT
              ________      ________      ________      ________
 FUCASUAL       1.000
 FUPERS         0.000         0.000
 SEX_M1_F       0.921         0.000         1.000
 SEXINT         0.000         0.000         0.000         0.000


     MAXIMUM LOG-LIKELIHOOD VALUE FOR THE UNRESTRICTED (H1) MODEL IS -271.797


THE MODEL ESTIMATION TERMINATED NORMALLY



MODEL FIT INFORMATION

Number of Free Parameters                        7

Loglikelihood

          H0 Value                        -271.771
          H0 Scaling Correction Factor      1.4294
            for MLR
          H1 Value                        -271.797
          H1 Scaling Correction Factor      1.4294
            for MLR

Information Criteria

          Akaike (AIC)                     557.543
          Bayesian (BIC)                   579.242
          Sample-Size Adjusted BIC         557.081
            (n* = (n + 2) / 24)

Chi-Square Test of Model Fit

          Value                              0.000*
          Degrees of Freedom                     0
          P-Value                           1.0000
          Scaling Correction Factor         1.0000
            for MLR

*   The chi-square value for MLM, MLMV, MLR, ULSMV, WLSM and WLSMV cannot be used
    for chi-square difference testing in the regular way.  MLM, MLR and WLSM
    chi-square difference testing is described on the Mplus website.  MLMV, WLSMV,
    and ULSMV difference testing is done using the DIFFTEST option.

RMSEA (Root Mean Square Error Of Approximation)

          Estimate                           0.000

CFI/TLI

          CFI                                1.000
          TLI                                1.000

Chi-Square Test of Model Fit for the Baseline Model

          Value                              3.881
          Degrees of Freedom                     3
          P-Value                           0.2746

SRMR (Standardized Root Mean Square Residual)

          Value for Within                   0.001
          Value for Between Level 2          0.000
          Value for Between Level 3          0.004



MODEL RESULTS

                                                    Two-Tailed
                    Estimate       S.E.  Est./S.E.    P-Value

Within Level

 FUCASUAL   ON
    FUPERS            -0.105      0.118     -0.892      0.372
    SEXINT            -0.446      0.212     -2.105      0.035

 Residual Variances
    FUCASUAL           1.200      0.251      4.785      0.000

Between MATCHID_CLEAN Level

 Variances
    FUCASUAL           0.251      0.505      0.497      0.619

Between PART_NUM Level

 FUCASUAL   ON
    SEX_M1_F2          3.130      1.463      2.139      0.032

 Intercepts
    FUCASUAL           4.611      0.818      5.635      0.000

 Residual Variances
    FUCASUAL           0.510      0.507      1.005      0.315


STANDARDIZED MODEL RESULTS


STDYX Standardization

                                                    Two-Tailed
                    Estimate       S.E.  Est./S.E.    P-Value

Within Level

 FUCASUAL   ON
    FUPERS            -0.064      0.069     -0.940      0.347
    SEXINT            -0.832      0.111     -7.475      0.000

 Residual Variances
    FUCASUAL           0.284      0.190      1.500      0.134

Between MATCHID_CLEAN Level

 Variances
    FUCASUAL           1.000      0.000    999.000    999.000

Between PART_NUM Level

 FUCASUAL   ON
    SEX_M1_F2          0.908      0.107      8.461      0.000

 Means
    FUCASUAL           2.706      0.943      2.871      0.004

 Variances
    FUCASUAL           0.176      0.195      0.901      0.368


R-SQUARE

Within Level

    Observed                                        Two-Tailed
    Variable        Estimate       S.E.  Est./S.E.    P-Value

    FUCASUAL           0.716      0.190      3.776      0.000

Between MATCHID_CLEAN Level

Between PART_NUM Level

    Observed                                        Two-Tailed
    Variable        Estimate       S.E.  Est./S.E.    P-Value

    FUCASUAL           0.824      0.195      4.231      0.000


QUALITY OF NUMERICAL RESULTS

     Condition Number for the Information Matrix              0.894E-04
       (ratio of smallest to largest eigenvalue)


     Beginning Time:  14:54:21
        Ending Time:  14:54:22
       Elapsed Time:  00:00:01



MUTHEN & MUTHEN
3463 Stoner Ave.
Los Angeles, CA  90066

Tel: (310) 391-9971
Fax: (310) 391-8971
Web: www.StatModel.com
Support: Support@StatModel.com

Copyright (c) 1998-2013 Muthen & Muthen
