Mplus VERSION 7.11
MUTHEN & MUTHEN
07/25/2014   2:54 PM

INPUT INSTRUCTIONS

   TITLE: Personable predicting FU Commitment w. Interaction

    DATA:
    FILE IS
  speed.dating.mplus.10.dat;

    VARIABLE: NAMES ARE Part_num MatchID_clean Follow_clean
    IRLikedPartner IRSayYes IRSexAttract
      IRThinkCareer IRThinkAmbitious IRThinkPhys
      IRThinkHot IRThinkFun IRThinkResponsive
      IRThinkDependable IRThinkFriendly IRCommon
      IRPersonality IRConnection yessing mutmatch PMexcited
      PMSelfinit PMMatchinit FUEager FUInitiate FUEnjoy
      FUSexDesire FUSoulMate FURomInterest FUOnlyWith
      FUMind FUOneNight FUCasual FUSerious FUCommitted
      FUExtentPhys FUExtentCareer FUExtentAmbitious
      FUExtentHot FUExtentFun FUExtentRespons
      FUExtentFriendly DemAge DemEthn FUPhysContact
      FUInitiatePhys FUEnjoyContact FUContactBad
      IRpatt IRepro IRpers IRrdes IRchem FUpasn FUpatt FUepro
      FUpers FUStatus sex_M1_F2;

      CLUSTER =Part_num MatchID_clean;
      WITHIN = FUpers sexint;
      BETWEEN = (Part_num) sex_M1_F2;

  USEVARIABLES ARE Part_num MatchID_clean FUpers FUCommitted sex_M1_F2 sexint;

  !When FUStatus = 0, all FU variables = 0. Removed to avoid bias. Presumed data-entry error
  USEOBS FUStatus NE 0;

  MISSING ARE ALL (-999);

  DEFINE:

  sexint = sex_M1_F2 * FUpers;

   ANALYSIS:
  TYPE=THREELEVEL;
  ESTIMATOR = MLR;

  MODEL:
  %WITHIN%
  FUCommitted ON FUpers sexint;

  %BETWEEN Part_num%
  FUCommitted ON sex_M1_F2;


  OUTPUT: SAMPSTAT STDYX;





*** WARNING in VARIABLE command
  Note that only the first 8 characters of variable names are used in the output.
  Shorten variable names to avoid any confusion.
*** WARNING
  Clusters for MATCHID_CLEAN with the same IDs have been found in different clusters
  for PART_NUM.  These clusters are assumed to be different because clusters for
  MATCHID_CLEAN are not allowed to appear in more than one cluster for PART_NUM.
*** WARNING
  Data set contains cases with missing on x-variables.
  These cases were not included in the analysis.
  Number of cases with missing on x-variables:  27025
*** WARNING
  Data set contains cases with missing on all variables except
  x-variables.  These cases were not included in the analysis.
  Number of cases with missing on all variables except x-variables:  970
   4 WARNING(S) FOUND IN THE INPUT INSTRUCTIONS



Personable predicting FU Commitment w. Interaction

SUMMARY OF ANALYSIS

Number of groups                                                 1
Number of observations                                         165

Number of dependent variables                                    1
Number of independent variables                                  3
Number of continuous latent variables                            0

Observed dependent variables

  Continuous
   FUCOMMITTE

Observed independent variables
   FUPERS      SEX_M1_F    SEXINT

Variables with special functions

  Cluster variables     PART_NUM  MATCHID_

  Within variables
   FUPERS      SEXINT

  Level 3 between variables
   SEX_M1_F


Estimator                                                      MLR
Information matrix                                        OBSERVED
Maximum number of iterations                                   100
Convergence criterion                                    0.100D-05
Maximum number of EM iterations                                500
Convergence criteria for the EM algorithm
  Loglikelihood change                                   0.100D-02
  Relative loglikelihood change                          0.100D-05
  Derivative                                             0.100D-03
Minimum variance                                         0.100D-03
Maximum number of steepest descent iterations                   20
Maximum number of iterations for H1                           2000
Convergence criterion for H1                             0.100D-02
Optimization algorithm                                         EMA

Input data file(s)
  speed.dating.mplus.10.dat
Input data format  FREE


SUMMARY OF DATA

     Number of missing data patterns             1
     Number of MATCHID_CLEAN clusters      47
     Number of PART_NUM clusters           40

     Average cluster size for MATCHID_CLEAN level        3.511

     Estimated Intraclass Correlations for the Y Variables for MATCHID_CLEAN level

                Intraclass
     Variable  Correlation

     FUCOMMIT     0.126

     Average cluster size for PART_NUM level        4.125

     Estimated Intraclass Correlations for the Y Variables for PART_NUM level

                Intraclass
     Variable  Correlation

     FUCOMMIT     0.395


COVARIANCE COVERAGE OF DATA

Minimum covariance coverage value   0.100


     PROPORTION OF DATA PRESENT


           Covariance Coverage
              FUCOMMIT      FUPERS        SEX_M1_F      SEXINT
              ________      ________      ________      ________
 FUCOMMIT       1.000
 FUPERS         1.000         1.000
 SEX_M1_F       1.000         1.000         1.000
 SEXINT         1.000         1.000         1.000         1.000


SAMPLE STATISTICS

NOTE:  The sample statistics for within and between refer to the
       maximum-likelihood estimated within and between covariance
       matrices, respectively.


     ESTIMATED SAMPLE STATISTICS FOR WITHIN


           Means
              FUCOMMIT      FUPERS        SEX_M1_F      SEXINT
              ________      ________      ________      ________
 1              0.000         7.564         0.000         0.006


           Covariances
              FUCOMMIT      FUPERS        SEX_M1_F      SEXINT
              ________      ________      ________      ________
 FUCOMMIT       1.813
 FUPERS        -0.316         1.567
 SEX_M1_F       0.000         0.000         0.000
 SEXINT        -2.119         0.887         0.000        14.694


           Correlations
              FUCOMMIT      FUPERS        SEX_M1_F      SEXINT
              ________      ________      ________      ________
 FUCOMMIT       1.000
 FUPERS        -0.188         1.000
 SEX_M1_F       0.000         0.000         0.000
 SEXINT        -0.411         0.185         0.000         1.000


     ESTIMATED SAMPLE STATISTICS FOR BETWEEN MATCHID_CLEAN


           Means
              FUCOMMIT      FUPERS        SEX_M1_F      SEXINT
              ________      ________      ________      ________
 1              0.000         0.000         0.000         0.000


           Covariances
              FUCOMMIT      FUPERS        SEX_M1_F      SEXINT
              ________      ________      ________      ________
 FUCOMMIT       0.476
 FUPERS         0.000         0.000
 SEX_M1_F       0.000         0.000         0.000
 SEXINT         0.000         0.000         0.000         0.000


           Correlations
              FUCOMMIT      FUPERS        SEX_M1_F      SEXINT
              ________      ________      ________      ________
 FUCOMMIT       1.000
 FUPERS         0.000         0.000
 SEX_M1_F       0.000         0.000         0.000
 SEXINT         0.000         0.000         0.000         0.000


     ESTIMATED SAMPLE STATISTICS FOR BETWEEN PART_NUM


           Means
              FUCOMMIT      FUPERS        SEX_M1_F      SEXINT
              ________      ________      ________      ________
 1              4.197         0.000         0.075         0.000


           Covariances
              FUCOMMIT      FUPERS        SEX_M1_F      SEXINT
              ________      ________      ________      ________
 FUCOMMIT       1.495
 FUPERS         0.000         0.000
 SEX_M1_F       0.394         0.000         0.244
 SEXINT         0.000         0.000         0.000         0.000


           Correlations
              FUCOMMIT      FUPERS        SEX_M1_F      SEXINT
              ________      ________      ________      ________
 FUCOMMIT       1.000
 FUPERS         0.000         0.000
 SEX_M1_F       0.652         0.000         1.000
 SEXINT         0.000         0.000         0.000         0.000


     MAXIMUM LOG-LIKELIHOOD VALUE FOR THE UNRESTRICTED (H1) MODEL IS -296.094


THE MODEL ESTIMATION TERMINATED NORMALLY



MODEL FIT INFORMATION

Number of Free Parameters                        7

Loglikelihood

          H0 Value                        -296.086
          H0 Scaling Correction Factor      1.6102
            for MLR
          H1 Value                        -296.094
          H1 Scaling Correction Factor      1.6102
            for MLR

Information Criteria

          Akaike (AIC)                     606.172
          Bayesian (BIC)                   627.914
          Sample-Size Adjusted BIC         605.752
            (n* = (n + 2) / 24)

Chi-Square Test of Model Fit

          Value                              0.000*
          Degrees of Freedom                     0
          P-Value                           1.0000
          Scaling Correction Factor         1.0000
            for MLR

*   The chi-square value for MLM, MLMV, MLR, ULSMV, WLSM and WLSMV cannot be used
    for chi-square difference testing in the regular way.  MLM, MLR and WLSM
    chi-square difference testing is described on the Mplus website.  MLMV, WLSMV,
    and ULSMV difference testing is done using the DIFFTEST option.

RMSEA (Root Mean Square Error Of Approximation)

          Estimate                           0.000

CFI/TLI

          CFI                                1.000
          TLI                                1.000

Chi-Square Test of Model Fit for the Baseline Model

          Value                              1.873
          Degrees of Freedom                     3
          P-Value                           0.5992

SRMR (Standardized Root Mean Square Residual)

          Value for Within                   0.000
          Value for Between Level 2          0.000
          Value for Between Level 3          0.005



MODEL RESULTS

                                                    Two-Tailed
                    Estimate       S.E.  Est./S.E.    P-Value

Within Level

 FUCOMMITTE ON
    FUPERS            -0.124      0.130     -0.958      0.338
    SEXINT            -0.137      0.237     -0.577      0.564

 Residual Variances
    FUCOMMITTE         1.492      0.406      3.675      0.000

Between MATCHID_CLEAN Level

 Variances
    FUCOMMITTE         0.383      1.321      0.290      0.772

Between PART_NUM Level

 FUCOMMITTE ON
    SEX_M1_F2          1.608      1.787      0.900      0.368

 Intercepts
    FUCOMMITTE         5.018      0.967      5.187      0.000

 Residual Variances
    FUCOMMITTE         0.923      1.188      0.777      0.437


STANDARDIZED MODEL RESULTS


STDYX Standardization

                                                    Two-Tailed
                    Estimate       S.E.  Est./S.E.    P-Value

Within Level

 FUCOMMITTE ON
    FUPERS            -0.115      0.099     -1.163      0.245
    SEXINT            -0.388      0.557     -0.697      0.486

 Residual Variances
    FUCOMMITTE         0.819      0.470      1.742      0.082

Between MATCHID_CLEAN Level

 Variances
    FUCOMMITTE         1.000      0.000    999.000    999.000

Between PART_NUM Level

 FUCOMMITTE ON
    SEX_M1_F2          0.637      0.443      1.438      0.150

 Means
    FUCOMMITTE         4.023      2.016      1.996      0.046

 Variances
    FUCOMMITTE         0.594      0.565      1.051      0.293


R-SQUARE

Within Level

    Observed                                        Two-Tailed
    Variable        Estimate       S.E.  Est./S.E.    P-Value

    FUCOMMIT           0.181      0.470      0.384      0.701

Between MATCHID_CLEAN Level

Between PART_NUM Level

    Observed                                        Two-Tailed
    Variable        Estimate       S.E.  Est./S.E.    P-Value

    FUCOMMIT           0.406      0.565      0.719      0.472


QUALITY OF NUMERICAL RESULTS

     Condition Number for the Information Matrix              0.909E-04
       (ratio of smallest to largest eigenvalue)


     Beginning Time:  14:54:22
        Ending Time:  14:54:24
       Elapsed Time:  00:00:02



MUTHEN & MUTHEN
3463 Stoner Ave.
Los Angeles, CA  90066

Tel: (310) 391-9971
Fax: (310) 391-8971
Web: www.StatModel.com
Support: Support@StatModel.com

Copyright (c) 1998-2013 Muthen & Muthen
