Mplus VERSION 7.11
MUTHEN & MUTHEN
07/25/2014   2:54 PM

INPUT INSTRUCTIONS

   TITLE: Personable predicting Chemistry w. Interaction

    DATA:
    FILE IS
  speed.dating.mplus.10.dat;

    VARIABLE: NAMES ARE Part_num MatchID_clean Follow_clean
    IRLikedPartner IRSayYes IRSexAttract
      IRThinkCareer IRThinkAmbitious IRThinkPhys
      IRThinkHot IRThinkFun IRThinkResponsive
      IRThinkDependable IRThinkFriendly IRCommon
      IRPersonality IRConnection yessing mutmatch PMexcited
      PMSelfinit PMMatchinit FUEager FUInitiate FUEnjoy
      FUSexDesire FUSoulMate FURomInterest FUOnlyWith
      FUMind FUOneNight FUCasual FUSerious FUCommitted
      FUExtentPhys FUExtentCareer FUExtentAmbitious
      FUExtentHot FUExtentFun FUExtentRespons
      FUExtentFriendly DemAge DemEthn FUPhysContact
      FUInitiatePhys FUEnjoyContact FUContactBad
      IRpatt IRepro IRpers IRrdes IRchem FUpasn FUpatt FUepro
      FUpers FUStatus sex_M1_F2;

      CLUSTER =Part_num;
      WITHIN = IRpers sexint;
      BETWEEN = sex_M1_F2;

  USEVARIABLES ARE Part_num IRpers IRchem sex_M1_F2 sexint;

   USEOBS Follow_clean EQ 1;

  CLUSTER = Part_num;
  MISSING ARE ALL (-999);

  DEFINE:

  sexint = sex_M1_F2 * IRpers;

   ANALYSIS:
  TYPE=TWOLEVEL;
  ESTIMATOR = MLR;

  MODEL:
  %WITHIN%
  IRchem ON IRpers sexint;

  %BETWEEN%
  IRchem ON sex_M1_F2;


  OUTPUT: SAMPSTAT STDYX;





*** WARNING in VARIABLE command
  Note that only the first 8 characters of variable names are used in the output.
  Shorten variable names to avoid any confusion.
*** WARNING
  Data set contains cases with missing on x-variables.
  These cases were not included in the analysis.
  Number of cases with missing on x-variables:  132
*** WARNING
  Data set contains cases with missing on all variables except
  x-variables.  These cases were not included in the analysis.
  Number of cases with missing on all variables except x-variables:  4
   3 WARNING(S) FOUND IN THE INPUT INSTRUCTIONS



Personable predicting Chemistry w. Interaction

SUMMARY OF ANALYSIS

Number of groups                                                 1
Number of observations                                        2680

Number of dependent variables                                    1
Number of independent variables                                  3
Number of continuous latent variables                            0

Observed dependent variables

  Continuous
   IRCHEM

Observed independent variables
   IRPERS      SEX_M1_F    SEXINT

Variables with special functions

  Cluster variable      PART_NUM

  Within variables
   IRPERS      SEXINT

  Between variables
   SEX_M1_F


Estimator                                                      MLR
Information matrix                                        OBSERVED
Maximum number of iterations                                   100
Convergence criterion                                    0.100D-05
Maximum number of EM iterations                                500
Convergence criteria for the EM algorithm
  Loglikelihood change                                   0.100D-02
  Relative loglikelihood change                          0.100D-05
  Derivative                                             0.100D-03
Minimum variance                                         0.100D-03
Maximum number of steepest descent iterations                   20
Maximum number of iterations for H1                           2000
Convergence criterion for H1                             0.100D-03
Optimization algorithm                                         EMA

Input data file(s)
  speed.dating.mplus.10.dat
Input data format  FREE


SUMMARY OF DATA

     Number of missing data patterns             1
     Number of clusters                        305

     Average cluster size        8.787

     Estimated Intraclass Correlations for the Y Variables

                Intraclass
     Variable  Correlation

     IRCHEM       0.188



COVARIANCE COVERAGE OF DATA

Minimum covariance coverage value   0.100


     PROPORTION OF DATA PRESENT


           Covariance Coverage
              IRCHEM        IRPERS        SEXINT        SEX_M1_F
              ________      ________      ________      ________
 IRCHEM         1.000
 IRPERS         1.000         1.000
 SEXINT         1.000         1.000         1.000
 SEX_M1_F       1.000         1.000         1.000         1.000


SAMPLE STATISTICS

NOTE:  The sample statistics for within and between refer to the
       maximum-likelihood estimated within and between covariance
       matrices, respectively.


     ESTIMATED SAMPLE STATISTICS FOR WITHIN


           Means
              IRCHEM        IRPERS        SEXINT        SEX_M1_F
              ________      ________      ________      ________
 1              0.000         6.562        -0.041         0.000


           Covariances
              IRCHEM        IRPERS        SEXINT        SEX_M1_F
              ________      ________      ________      ________
 IRCHEM         2.903
 IRPERS         1.797         2.337
 SEXINT        -0.016        -0.065        11.349
 SEX_M1_F       0.000         0.000         0.000         0.000


           Correlations
              IRCHEM        IRPERS        SEXINT        SEX_M1_F
              ________      ________      ________      ________
 IRCHEM         1.000
 IRPERS         0.690         1.000
 SEXINT        -0.003        -0.013         1.000
 SEX_M1_F       0.000         0.000         0.000         0.000


     ESTIMATED SAMPLE STATISTICS FOR BETWEEN


           Means
              IRCHEM        IRPERS        SEXINT        SEX_M1_F
              ________      ________      ________      ________
 1              4.884         0.000         0.000        -0.002


           Covariances
              IRCHEM        IRPERS        SEXINT        SEX_M1_F
              ________      ________      ________      ________
 IRCHEM         0.672
 IRPERS         0.000         0.000
 SEXINT         0.000         0.000         0.000
 SEX_M1_F      -0.141         0.000         0.000         0.250


           Correlations
              IRCHEM        IRPERS        SEXINT        SEX_M1_F
              ________      ________      ________      ________
 IRCHEM         1.000
 IRPERS         0.000         0.000
 SEXINT         0.000         0.000         0.000
 SEX_M1_F      -0.345         0.000         0.000         1.000


     MAXIMUM LOG-LIKELIHOOD VALUE FOR THE UNRESTRICTED (H1) MODEL IS -4587.740


THE MODEL ESTIMATION TERMINATED NORMALLY



MODEL FIT INFORMATION

Number of Free Parameters                        6

Loglikelihood

          H0 Value                       -4587.739
          H0 Scaling Correction Factor      1.2966
            for MLR
          H1 Value                       -4587.740
          H1 Scaling Correction Factor      1.2966
            for MLR

Information Criteria

          Akaike (AIC)                    9187.477
          Bayesian (BIC)                  9222.838
          Sample-Size Adjusted BIC        9203.775
            (n* = (n + 2) / 24)

Chi-Square Test of Model Fit

          Value                              0.000*
          Degrees of Freedom                     0
          P-Value                           1.0000
          Scaling Correction Factor         1.0000
            for MLR

*   The chi-square value for MLM, MLMV, MLR, ULSMV, WLSM and WLSMV cannot be used
    for chi-square difference testing in the regular way.  MLM, MLR and WLSM
    chi-square difference testing is described on the Mplus website.  MLMV, WLSMV,
    and ULSMV difference testing is done using the DIFFTEST option.

RMSEA (Root Mean Square Error Of Approximation)

          Estimate                           0.000

CFI/TLI

          CFI                                1.000
          TLI                                1.000

Chi-Square Test of Model Fit for the Baseline Model

          Value                           1015.195
          Degrees of Freedom                     3
          P-Value                           0.0000

SRMR (Standardized Root Mean Square Residual)

          Value for Within                   0.002
          Value for Between                  0.005



MODEL RESULTS

                                                    Two-Tailed
                    Estimate       S.E.  Est./S.E.    P-Value

Within Level

 IRCHEM     ON
    IRPERS             0.769      0.022     34.347      0.000
    SEXINT             0.001      0.045      0.013      0.989

 Residual Variances
    IRCHEM             1.521      0.066     22.918      0.000

Between Level

 IRCHEM     ON
    SEX_M1_F2         -0.549      0.295     -1.863      0.062

 Intercepts
    IRCHEM            -0.165      0.148     -1.114      0.265

 Residual Variances
    IRCHEM             0.592      0.062      9.588      0.000


STANDARDIZED MODEL RESULTS


STDYX Standardization

                                                    Two-Tailed
                    Estimate       S.E.  Est./S.E.    P-Value

Within Level

 IRCHEM     ON
    IRPERS             0.690      0.015     46.298      0.000
    SEXINT             0.001      0.089      0.013      0.989

 Residual Variances
    IRCHEM             0.524      0.021     25.305      0.000

Between Level

 IRCHEM     ON
    SEX_M1_F2         -0.336      0.160     -2.102      0.036

 Intercepts
    IRCHEM            -0.202      0.185     -1.091      0.275

 Residual Variances
    IRCHEM             0.887      0.108      8.245      0.000


R-SQUARE

Within Level

    Observed                                        Two-Tailed
    Variable        Estimate       S.E.  Est./S.E.    P-Value

    IRCHEM             0.476      0.021     23.005      0.000

Between Level

    Observed                                        Two-Tailed
    Variable        Estimate       S.E.  Est./S.E.    P-Value

    IRCHEM             0.113      0.108      1.051      0.293


QUALITY OF NUMERICAL RESULTS

     Condition Number for the Information Matrix              0.733E-04
       (ratio of smallest to largest eigenvalue)


     Beginning Time:  14:54:40
        Ending Time:  14:54:41
       Elapsed Time:  00:00:01



MUTHEN & MUTHEN
3463 Stoner Ave.
Los Angeles, CA  90066

Tel: (310) 391-9971
Fax: (310) 391-8971
Web: www.StatModel.com
Support: Support@StatModel.com

Copyright (c) 1998-2013 Muthen & Muthen
