Mplus VERSION 7.11
MUTHEN & MUTHEN
07/31/2014   4:01 PM

INPUT INSTRUCTIONS

   TITLE: Personable predicting 'yessing' w. Interaction

    DATA:
    FILE IS
  speed.dating.mplus.10.dat;

    VARIABLE: NAMES ARE Part_num MatchID_clean Follow_clean
    IRLikedPartner IRSayYes IRSexAttract
      IRThinkCareer IRThinkAmbitious IRThinkPhys IRThinkHot
      IRThinkFun IRThinkResponsive
      IRThinkDependable IRThinkFriendly IRCommon IRPersonality IRConnection yessing
       mutmatch PMexcited PMSelfinit
       PMMatchinit FUEager FUInitiate
      FUEnjoy FUSexDesire FUSoulMate FURomInterest FUOnlyWith FUMind
      FUOneNight FUCasual FUSerious
      FUCommitted FUExtentPhys FUExtentCareer FUExtentAmbitious FUExtentHot
      FUExtentFun FUExtentRespons
      FUExtentFriendly DemAge DemEthn FUPhysContact FUInitiatePhys
       FUEnjoyContact FUContactBad IRpatt
        IRepro IRpers IRrdes IRchem FUpasn FUpatt FUepro FUpers FUStatus sex_M1_F2;

      CLUSTER =Part_num;
      WITHIN = IRpers sexint;
      BETWEEN = sex_M1_F2;

  USEVARIABLES ARE Part_num IRpers yessing sex_M1_F2 sexint;

  CATEGORICAL IS yessing;

   USEOBS Follow_clean EQ 1;

  CLUSTER = Part_num;
  MISSING ARE ALL (-999);

  DEFINE:

  sexint = sex_M1_F2 * IRpers;

   ANALYSIS:
  TYPE=TWOLEVEL;
  ESTIMATOR = MLR;

  MODEL:
  %WITHIN%
  yessing ON IRpers sexint;

  %BETWEEN%
  yessing ON sex_M1_F2;


  OUTPUT: SAMPSTAT STDYX;





*** WARNING in VARIABLE command
  Note that only the first 8 characters of variable names are used in the output.
  Shorten variable names to avoid any confusion.
*** WARNING
  Data set contains cases with missing on x-variables.
  These cases were not included in the analysis.
  Number of cases with missing on x-variables:  132
*** WARNING
  Data set contains cases with missing on all variables except
  x-variables.  These cases were not included in the analysis.
  Number of cases with missing on all variables except x-variables:  176
   3 WARNING(S) FOUND IN THE INPUT INSTRUCTIONS



Personable predicting 'yessing' w. Interaction

SUMMARY OF ANALYSIS

Number of groups                                                 1
Number of observations                                        2508

Number of dependent variables                                    1
Number of independent variables                                  3
Number of continuous latent variables                            0

Observed dependent variables

  Binary and ordered categorical (ordinal)
   YESSING

Observed independent variables
   IRPERS      SEX_M1_F    SEXINT

Variables with special functions

  Cluster variable      PART_NUM

  Within variables
   IRPERS      SEXINT

  Between variables
   SEX_M1_F


Estimator                                                      MLR
Information matrix                                        OBSERVED
Optimization Specifications for the Quasi-Newton Algorithm for
Continuous Outcomes
  Maximum number of iterations                                 100
  Convergence criterion                                  0.100D-05
Optimization Specifications for the EM Algorithm
  Maximum number of iterations                                 500
  Convergence criteria
    Loglikelihood change                                 0.100D-02
    Relative loglikelihood change                        0.100D-05
    Derivative                                           0.100D-02
Optimization Specifications for the M step of the EM Algorithm for
Categorical Latent variables
  Number of M step iterations                                    1
  M step convergence criterion                           0.100D-02
  Basis for M step termination                           ITERATION
Optimization Specifications for the M step of the EM Algorithm for
Censored, Binary or Ordered Categorical (Ordinal), Unordered
Categorical (Nominal) and Count Outcomes
  Number of M step iterations                                    1
  M step convergence criterion                           0.100D-02
  Basis for M step termination                           ITERATION
  Maximum value for logit thresholds                            15
  Minimum value for logit thresholds                           -15
  Minimum expected cell size for chi-square              0.100D-01
Maximum number of iterations for H1                           2000
Convergence criterion for H1                             0.100D-03
Optimization algorithm                                         EMA
Integration Specifications
  Type                                                    STANDARD
  Number of integration points                                  15
  Dimensions of numerical integration                            1
  Adaptive quadrature                                           ON
Link                                                         LOGIT
Cholesky                                                        ON

Input data file(s)
  speed.dating.mplus.10.dat
Input data format  FREE


SUMMARY OF DATA

     Number of missing data patterns             1
     Number of clusters                        285



COVARIANCE COVERAGE OF DATA

Minimum covariance coverage value   0.100


UNIVARIATE PROPORTIONS AND COUNTS FOR CATEGORICAL VARIABLES

    YESSING
      Category 1    0.719     1802.000
      Category 2    0.281      706.000


SAMPLE STATISTICS


     SAMPLE STATISTICS


           Means
              IRPERS        SEXINT        SEX_M1_F
              ________      ________      ________
 1              6.594        -0.052        -0.001


           Covariances
              IRPERS        SEXINT        SEX_M1_F
              ________      ________      ________
 IRPERS         2.364
 SEXINT        -0.086        11.463
 SEX_M1_F      -0.044         1.649         0.250


           Correlations
              IRPERS        SEXINT        SEX_M1_F
              ________      ________      ________
 IRPERS         1.000
 SEXINT        -0.017         1.000
 SEX_M1_F      -0.057         0.974         1.000


THE MODEL ESTIMATION TERMINATED NORMALLY



MODEL FIT INFORMATION

Number of Free Parameters                        5

Loglikelihood

          H0 Value                       -1303.920
          H0 Scaling Correction Factor      1.1214
            for MLR

Information Criteria

          Akaike (AIC)                    2617.840
          Bayesian (BIC)                  2646.976
          Sample-Size Adjusted BIC        2631.090
            (n* = (n + 2) / 24)



MODEL RESULTS

                                                    Two-Tailed
                    Estimate       S.E.  Est./S.E.    P-Value

Within Level

 YESSING    ON
    IRPERS             0.712      0.063     11.337      0.000
    SEXINT            -0.147      0.113     -1.293      0.196

Between Level

 YESSING    ON
    SEX_M1_F2          0.333      0.804      0.414      0.679

 Thresholds
    YESSING$1          6.036      0.463     13.034      0.000

 Residual Variances
    YESSING            1.291      0.252      5.115      0.000


LOGISTIC REGRESSION ODDS RATIO RESULTS

Within Level

 YESSING    ON
    IRPERS             2.038
    SEXINT             0.864


STANDARDIZED MODEL RESULTS


STDYX Standardization

                                                    Two-Tailed
                    Estimate       S.E.  Est./S.E.    P-Value

Within Level

 YESSING    ON
    IRPERS             0.502      0.038     13.117      0.000
    SEXINT            -0.228      0.166     -1.368      0.171

Between Level

 YESSING    ON
    SEX_M1_F2          0.145      0.342      0.424      0.672

 Thresholds
    YESSING$1          5.256      0.542      9.705      0.000

 Residual Variances
    YESSING            0.979      0.099      9.867      0.000


R-SQUARE

Within Level

    Observed                                        Two-Tailed
    Variable        Estimate       S.E.  Est./S.E.    P-Value

    YESSING            0.308      0.067      4.565      0.000

Between Level

    Observed                                        Two-Tailed
    Variable        Estimate       S.E.  Est./S.E.    P-Value

    YESSING            0.021      0.099      0.212      0.832


QUALITY OF NUMERICAL RESULTS

     Condition Number for the Information Matrix              0.254E-03
       (ratio of smallest to largest eigenvalue)


DIAGRAM INFORMATION

  Mplus diagrams are currently not available for multilevel analysis.
  No diagram output was produced.


     Beginning Time:  16:01:06
        Ending Time:  16:01:07
       Elapsed Time:  00:00:01



MUTHEN & MUTHEN
3463 Stoner Ave.
Los Angeles, CA  90066

Tel: (310) 391-9971
Fax: (310) 391-8971
Web: www.StatModel.com
Support: Support@StatModel.com

Copyright (c) 1998-2013 Muthen & Muthen
