Mplus VERSION 7.11
MUTHEN & MUTHEN
07/25/2014   2:54 PM

INPUT INSTRUCTIONS

   TITLE: Personable Physical Attractiveness predicting postmatch initiation hopes w. Intera

    DATA:
    FILE IS
  speed.dating.mplus.10.dat;

    VARIABLE: NAMES ARE Part_num MatchID_clean Follow_clean
    IRLikedPartner IRSayYes IRSexAttract
      IRThinkCareer IRThinkAmbitious IRThinkPhys
      IRThinkHot IRThinkFun IRThinkResponsive
      IRThinkDependable IRThinkFriendly IRCommon
      IRPersonality IRConnection yessing mutmatch PMexcited
      PMSelfinit PMMatchinit FUEager FUInitiate FUEnjoy
      FUSexDesire FUSoulMate FURomInterest FUOnlyWith
      FUMind FUOneNight FUCasual FUSerious FUCommitted
      FUExtentPhys FUExtentCareer FUExtentAmbitious
      FUExtentHot FUExtentFun FUExtentRespons
      FUExtentFriendly DemAge DemEthn FUPhysContact
      FUInitiatePhys FUEnjoyContact FUContactBad
      IRpatt IRepro IRpers IRrdes IRchem FUpasn FUpatt FUepro
      FUpers FUStatus sex_M1_F2;

      CLUSTER =Part_num;
      WITHIN = IRpers sexint;
      BETWEEN = sex_M1_F2;

  USEVARIABLES ARE Part_num IRpers PMMatchinit sex_M1_F2 sexint;

  USEOBS Follow_clean EQ 1;

  MISSING ARE ALL (-999);

  DEFINE:

  sexint = sex_M1_F2 * IRpers;

   ANALYSIS:
  TYPE=TWOLEVEL;
  ESTIMATOR = MLR;

  MODEL:
  %WITHIN%
  PMMatchinit ON IRpers sexint;

  %BETWEEN%
  PMMatchinit ON sex_M1_F2;


  OUTPUT: SAMPSTAT STDYX;





*** WARNING
  Input line exceeded 90 characters. Some input may be truncated.
   TITLE: Personable Physical Attractiveness predicting postmatch initiation hopes w. Interac
*** WARNING in VARIABLE command
  Note that only the first 8 characters of variable names are used in the output.
  Shorten variable names to avoid any confusion.
*** WARNING
  Data set contains cases with missing on x-variables.
  These cases were not included in the analysis.
  Number of cases with missing on x-variables:  132
*** WARNING
  Data set contains cases with missing on all variables except
  x-variables.  These cases were not included in the analysis.
  Number of cases with missing on all variables except x-variables:  2453
   4 WARNING(S) FOUND IN THE INPUT INSTRUCTIONS



Personable Physical Attractiveness predicting postmatch initiation hopes w. Interac

SUMMARY OF ANALYSIS

Number of groups                                                 1
Number of observations                                         231

Number of dependent variables                                    1
Number of independent variables                                  3
Number of continuous latent variables                            0

Observed dependent variables

  Continuous
   PMMATCHINI

Observed independent variables
   IRPERS      SEX_M1_F    SEXINT

Variables with special functions

  Cluster variable      PART_NUM

  Within variables
   IRPERS      SEXINT

  Between variables
   SEX_M1_F


Estimator                                                      MLR
Information matrix                                        OBSERVED
Maximum number of iterations                                   100
Convergence criterion                                    0.100D-05
Maximum number of EM iterations                                500
Convergence criteria for the EM algorithm
  Loglikelihood change                                   0.100D-02
  Relative loglikelihood change                          0.100D-05
  Derivative                                             0.100D-03
Minimum variance                                         0.100D-03
Maximum number of steepest descent iterations                   20
Maximum number of iterations for H1                           2000
Convergence criterion for H1                             0.100D-03
Optimization algorithm                                         EMA

Input data file(s)
  speed.dating.mplus.10.dat
Input data format  FREE


SUMMARY OF DATA

     Number of missing data patterns             1
     Number of clusters                        128

     Average cluster size        1.805

     Estimated Intraclass Correlations for the Y Variables

                Intraclass
     Variable  Correlation

     PMMATCHI     0.561



COVARIANCE COVERAGE OF DATA

Minimum covariance coverage value   0.100


     PROPORTION OF DATA PRESENT


           Covariance Coverage
              PMMATCHI      IRPERS        SEXINT        SEX_M1_F
              ________      ________      ________      ________
 PMMATCHI       1.000
 IRPERS         1.000         1.000
 SEXINT         1.000         1.000         1.000
 SEX_M1_F       1.000         1.000         1.000         1.000


SAMPLE STATISTICS

NOTE:  The sample statistics for within and between refer to the
       maximum-likelihood estimated within and between covariance
       matrices, respectively.


     ESTIMATED SAMPLE STATISTICS FOR WITHIN


           Means
              PMMATCHI      IRPERS        SEXINT        SEX_M1_F
              ________      ________      ________      ________
 1              0.000         7.190         0.011         0.000


           Covariances
              PMMATCHI      IRPERS        SEXINT        SEX_M1_F
              ________      ________      ________      ________
 PMMATCHI       2.181
 IRPERS         0.345         1.808
 SEXINT         3.790        -0.361        13.378
 SEX_M1_F       0.000         0.000         0.000         0.000


           Correlations
              PMMATCHI      IRPERS        SEXINT        SEX_M1_F
              ________      ________      ________      ________
 PMMATCHI       1.000
 IRPERS         0.174         1.000
 SEXINT         0.702        -0.073         1.000
 SEX_M1_F       0.000         0.000         0.000         0.000


     ESTIMATED SAMPLE STATISTICS FOR BETWEEN


           Means
              PMMATCHI      IRPERS        SEXINT        SEX_M1_F
              ________      ________      ________      ________
 1              4.855         0.000         0.000        -0.023


           Covariances
              PMMATCHI      IRPERS        SEXINT        SEX_M1_F
              ________      ________      ________      ________
 PMMATCHI       2.783
 IRPERS         0.000         0.000
 SEXINT         0.000         0.000         0.000
 SEX_M1_F      -0.596         0.000         0.000         0.249


           Correlations
              PMMATCHI      IRPERS        SEXINT        SEX_M1_F
              ________      ________      ________      ________
 PMMATCHI       1.000
 IRPERS         0.000         0.000
 SEXINT         0.000         0.000         0.000
 SEX_M1_F      -0.715         0.000         0.000         1.000


     MAXIMUM LOG-LIKELIHOOD VALUE FOR THE UNRESTRICTED (H1) MODEL IS -402.247


THE MODEL ESTIMATION TERMINATED NORMALLY



MODEL FIT INFORMATION

Number of Free Parameters                        6

Loglikelihood

          H0 Value                        -402.242
          H0 Scaling Correction Factor      1.5933
            for MLR
          H1 Value                        -402.247
          H1 Scaling Correction Factor      1.5933
            for MLR

Information Criteria

          Akaike (AIC)                     816.485
          Bayesian (BIC)                   837.139
          Sample-Size Adjusted BIC         818.123
            (n* = (n + 2) / 24)

Chi-Square Test of Model Fit

          Value                              0.000*
          Degrees of Freedom                     0
          P-Value                           1.0000
          Scaling Correction Factor         1.0000
            for MLR

*   The chi-square value for MLM, MLMV, MLR, ULSMV, WLSM and WLSMV cannot be used
    for chi-square difference testing in the regular way.  MLM, MLR and WLSM
    chi-square difference testing is described on the Mplus website.  MLMV, WLSMV,
    and ULSMV difference testing is done using the DIFFTEST option.

RMSEA (Root Mean Square Error Of Approximation)

          Estimate                           0.000

CFI/TLI

          CFI                                1.000
          TLI                                1.000

Chi-Square Test of Model Fit for the Baseline Model

          Value                             13.999
          Degrees of Freedom                     3
          P-Value                           0.0029

SRMR (Standardized Root Mean Square Residual)

          Value for Within                   0.007
          Value for Between                  0.008



MODEL RESULTS

                                                    Two-Tailed
                    Estimate       S.E.  Est./S.E.    P-Value

Within Level

 PMMATCHINI ON
    IRPERS             0.248      0.084      2.940      0.003
    SEXINT             0.304      0.170      1.782      0.075

 Residual Variances
    PMMATCHINI         0.995      0.256      3.890      0.000

Between Level

 PMMATCHINI ON
    SEX_M1_F2         -2.487      1.259     -1.975      0.048

 Intercepts
    PMMATCHINI         3.017      0.623      4.846      0.000

 Residual Variances
    PMMATCHINI         1.360      0.322      4.218      0.000


STANDARDIZED MODEL RESULTS


STDYX Standardization

                                                    Two-Tailed
                    Estimate       S.E.  Est./S.E.    P-Value

Within Level

 PMMATCHINI ON
    IRPERS             0.220      0.095      2.331      0.020
    SEXINT             0.735      0.205      3.575      0.000

 Residual Variances
    PMMATCHINI         0.436      0.277      1.570      0.116

Between Level

 PMMATCHINI ON
    SEX_M1_F2         -0.729      0.180     -4.056      0.000

 Intercepts
    PMMATCHINI         1.771      0.623      2.840      0.005

 Residual Variances
    PMMATCHINI         0.468      0.262      1.787      0.074


R-SQUARE

Within Level

    Observed                                        Two-Tailed
    Variable        Estimate       S.E.  Est./S.E.    P-Value

    PMMATCHI           0.564      0.277      2.034      0.042

Between Level

    Observed                                        Two-Tailed
    Variable        Estimate       S.E.  Est./S.E.    P-Value

    PMMATCHI           0.532      0.262      2.028      0.043


QUALITY OF NUMERICAL RESULTS

     Condition Number for the Information Matrix              0.363E-03
       (ratio of smallest to largest eigenvalue)


     Beginning Time:  14:54:42
        Ending Time:  14:54:43
       Elapsed Time:  00:00:01



MUTHEN & MUTHEN
3463 Stoner Ave.
Los Angeles, CA  90066

Tel: (310) 391-9971
Fax: (310) 391-8971
Web: www.StatModel.com
Support: Support@StatModel.com

Copyright (c) 1998-2013 Muthen & Muthen
