Mplus VERSION 7.11
MUTHEN & MUTHEN
07/25/2014   2:54 PM

INPUT INSTRUCTIONS

   TITLE: Personable predicting postmatch excitement w. Interaction

    DATA:
    FILE IS
  speed.dating.mplus.10.dat;

    VARIABLE: NAMES ARE Part_num MatchID_clean Follow_clean
    IRLikedPartner IRSayYes IRSexAttract
      IRThinkCareer IRThinkAmbitious IRThinkPhys
      IRThinkHot IRThinkFun IRThinkResponsive
      IRThinkDependable IRThinkFriendly IRCommon
      IRPersonality IRConnection yessing mutmatch PMexcited
      PMSelfinit PMMatchinit FUEager FUInitiate FUEnjoy
      FUSexDesire FUSoulMate FURomInterest FUOnlyWith
      FUMind FUOneNight FUCasual FUSerious FUCommitted
      FUExtentPhys FUExtentCareer FUExtentAmbitious
      FUExtentHot FUExtentFun FUExtentRespons
      FUExtentFriendly DemAge DemEthn FUPhysContact
      FUInitiatePhys FUEnjoyContact FUContactBad
      IRpatt IRepro IRpers IRrdes IRchem FUpasn FUpatt FUepro
      FUpers FUStatus sex_M1_F2;

      CLUSTER =Part_num;
      WITHIN = IRpers sexint;
      BETWEEN = sex_M1_F2;

  USEVARIABLES ARE Part_num IRpers PMexcited sex_M1_F2 sexint;

   USEOBS Follow_clean EQ 1;

  CLUSTER = Part_num;
  MISSING ARE ALL (-999);

  DEFINE:

  sexint = sex_M1_F2 * IRpers;

   ANALYSIS:
  TYPE=TWOLEVEL;
  ESTIMATOR = MLR;

  MODEL:
  %WITHIN%
  PMexcited ON IRpers sexint;

  %BETWEEN%
  PMexcited ON sex_M1_F2;


  OUTPUT: SAMPSTAT STDYX;





*** WARNING in VARIABLE command
  Note that only the first 8 characters of variable names are used in the output.
  Shorten variable names to avoid any confusion.
*** WARNING
  Data set contains cases with missing on x-variables.
  These cases were not included in the analysis.
  Number of cases with missing on x-variables:  132
*** WARNING
  Data set contains cases with missing on all variables except
  x-variables.  These cases were not included in the analysis.
  Number of cases with missing on all variables except x-variables:  2454
   3 WARNING(S) FOUND IN THE INPUT INSTRUCTIONS



Personable predicting postmatch excitement w. Interaction

SUMMARY OF ANALYSIS

Number of groups                                                 1
Number of observations                                         230

Number of dependent variables                                    1
Number of independent variables                                  3
Number of continuous latent variables                            0

Observed dependent variables

  Continuous
   PMEXCITED

Observed independent variables
   IRPERS      SEX_M1_F    SEXINT

Variables with special functions

  Cluster variable      PART_NUM

  Within variables
   IRPERS      SEXINT

  Between variables
   SEX_M1_F


Estimator                                                      MLR
Information matrix                                        OBSERVED
Maximum number of iterations                                   100
Convergence criterion                                    0.100D-05
Maximum number of EM iterations                                500
Convergence criteria for the EM algorithm
  Loglikelihood change                                   0.100D-02
  Relative loglikelihood change                          0.100D-05
  Derivative                                             0.100D-03
Minimum variance                                         0.100D-03
Maximum number of steepest descent iterations                   20
Maximum number of iterations for H1                           2000
Convergence criterion for H1                             0.100D-03
Optimization algorithm                                         EMA

Input data file(s)
  speed.dating.mplus.10.dat
Input data format  FREE


SUMMARY OF DATA

     Number of missing data patterns             1
     Number of clusters                        128

     Average cluster size        1.797

     Estimated Intraclass Correlations for the Y Variables

                Intraclass
     Variable  Correlation

     PMEXCITE     0.415



COVARIANCE COVERAGE OF DATA

Minimum covariance coverage value   0.100


     PROPORTION OF DATA PRESENT


           Covariance Coverage
              PMEXCITE      IRPERS        SEXINT        SEX_M1_F
              ________      ________      ________      ________
 PMEXCITE       1.000
 IRPERS         1.000         1.000
 SEXINT         1.000         1.000         1.000
 SEX_M1_F       1.000         1.000         1.000         1.000


SAMPLE STATISTICS

NOTE:  The sample statistics for within and between refer to the
       maximum-likelihood estimated within and between covariance
       matrices, respectively.


     ESTIMATED SAMPLE STATISTICS FOR WITHIN


           Means
              PMEXCITE      IRPERS        SEXINT        SEX_M1_F
              ________      ________      ________      ________
 1              0.000         7.209         0.004         0.000


           Covariances
              PMEXCITE      IRPERS        SEXINT        SEX_M1_F
              ________      ________      ________      ________
 PMEXCITE       1.005
 IRPERS         0.438         1.739
 SEXINT         0.035        -0.336        13.426
 SEX_M1_F       0.000         0.000         0.000         0.000


           Correlations
              PMEXCITE      IRPERS        SEXINT        SEX_M1_F
              ________      ________      ________      ________
 PMEXCITE       1.000
 IRPERS         0.331         1.000
 SEXINT         0.009        -0.069         1.000
 SEX_M1_F       0.000         0.000         0.000         0.000


     ESTIMATED SAMPLE STATISTICS FOR BETWEEN


           Means
              PMEXCITE      IRPERS        SEXINT        SEX_M1_F
              ________      ________      ________      ________
 1              4.889         0.000         0.000        -0.023


           Covariances
              PMEXCITE      IRPERS        SEXINT        SEX_M1_F
              ________      ________      ________      ________
 PMEXCITE       0.714
 IRPERS         0.000         0.000
 SEXINT         0.000         0.000         0.000
 SEX_M1_F      -0.042         0.000         0.000         0.249


           Correlations
              PMEXCITE      IRPERS        SEXINT        SEX_M1_F
              ________      ________      ________      ________
 PMEXCITE       1.000
 IRPERS         0.000         0.000
 SEXINT         0.000         0.000         0.000
 SEX_M1_F      -0.099         0.000         0.000         1.000


     MAXIMUM LOG-LIKELIHOOD VALUE FOR THE UNRESTRICTED (H1) MODEL IS -366.850


THE MODEL ESTIMATION TERMINATED NORMALLY



MODEL FIT INFORMATION

Number of Free Parameters                        6

Loglikelihood

          H0 Value                        -366.846
          H0 Scaling Correction Factor      1.3973
            for MLR
          H1 Value                        -366.850
          H1 Scaling Correction Factor      1.3973
            for MLR

Information Criteria

          Akaike (AIC)                     745.692
          Bayesian (BIC)                   766.320
          Sample-Size Adjusted BIC         747.304
            (n* = (n + 2) / 24)

Chi-Square Test of Model Fit

          Value                              0.000*
          Degrees of Freedom                     0
          P-Value                           1.0000
          Scaling Correction Factor         1.0000
            for MLR

*   The chi-square value for MLM, MLMV, MLR, ULSMV, WLSM and WLSMV cannot be used
    for chi-square difference testing in the regular way.  MLM, MLR and WLSM
    chi-square difference testing is described on the Mplus website.  MLMV, WLSMV,
    and ULSMV difference testing is done using the DIFFTEST option.

RMSEA (Root Mean Square Error Of Approximation)

          Estimate                           0.000

CFI/TLI

          CFI                                1.000
          TLI                                1.000

Chi-Square Test of Model Fit for the Baseline Model

          Value                             17.016
          Degrees of Freedom                     3
          P-Value                           0.0007

SRMR (Standardized Root Mean Square Residual)

          Value for Within                   0.016
          Value for Between                  0.027



MODEL RESULTS

                                                    Two-Tailed
                    Estimate       S.E.  Est./S.E.    P-Value

Within Level

 PMEXCITED  ON
    IRPERS             0.254      0.067      3.792      0.000
    SEXINT            -0.002      0.133     -0.015      0.988

 Residual Variances
    PMEXCITED          0.895      0.173      5.164      0.000

Between Level

 PMEXCITED  ON
    SEX_M1_F2         -0.087      1.003     -0.087      0.931

 Intercepts
    PMEXCITED          3.049      0.497      6.130      0.000

 Residual Variances
    PMEXCITED          0.704      0.272      2.592      0.010


STANDARDIZED MODEL RESULTS


STDYX Standardization

                                                    Two-Tailed
                    Estimate       S.E.  Est./S.E.    P-Value

Within Level

 PMEXCITED  ON
    IRPERS             0.334      0.081      4.106      0.000
    SEXINT            -0.007      0.487     -0.015      0.988

 Residual Variances
    PMEXCITED          0.888      0.059     15.108      0.000

Between Level

 PMEXCITED  ON
    SEX_M1_F2         -0.052      0.594     -0.087      0.931

 Intercepts
    PMEXCITED          3.628      0.912      3.977      0.000

 Residual Variances
    PMEXCITED          0.997      0.061     16.275      0.000


R-SQUARE

Within Level

    Observed                                        Two-Tailed
    Variable        Estimate       S.E.  Est./S.E.    P-Value

    PMEXCITE           0.112      0.059      1.908      0.056

Between Level

    Observed                                        Two-Tailed
    Variable        Estimate       S.E.  Est./S.E.    P-Value

    PMEXCITE           0.003      0.061      0.043      0.965


QUALITY OF NUMERICAL RESULTS

     Condition Number for the Information Matrix              0.241E-04
       (ratio of smallest to largest eigenvalue)


     Beginning Time:  14:54:41
        Ending Time:  14:54:42
       Elapsed Time:  00:00:01



MUTHEN & MUTHEN
3463 Stoner Ave.
Los Angeles, CA  90066

Tel: (310) 391-9971
Fax: (310) 391-8971
Web: www.StatModel.com
Support: Support@StatModel.com

Copyright (c) 1998-2013 Muthen & Muthen
