Mplus VERSION 7.11
MUTHEN & MUTHEN
07/25/2014   2:56 PM

INPUT INSTRUCTIONS

   TITLE: Personable predicting FU Date Enjoyment (Female Only)

    DATA:
    FILE IS
  speed.dating.mplus.10.dat;

    VARIABLE: NAMES ARE Part_num MatchID_clean Follow_clean
    IRLikedPartner IRSayYes IRSexAttract
      IRThinkCareer IRThinkAmbitious IRThinkPhys
      IRThinkHot IRThinkFun IRThinkResponsive
      IRThinkDependable IRThinkFriendly IRCommon
      IRPersonality IRConnection yessing mutmatch PMexcited
      PMSelfinit PMMatchinit FUEager FUInitiate FUEnjoy
      FUSexDesire FUSoulMate FURomInterest FUOnlyWith
      FUMind FUOneNight FUCasual FUSerious FUCommitted
      FUExtentPhys FUExtentCareer FUExtentAmbitious
      FUExtentHot FUExtentFun FUExtentRespons
      FUExtentFriendly DemAge DemEthn FUPhysContact
      FUInitiatePhys FUEnjoyContact FUContactBad
      IRpatt IRepro IRpers IRrdes IRchem FUpasn FUpatt FUepro
      FUpers FUStatus sex_M1_F2;

      CLUSTER =Part_num MatchID_clean;
      WITHIN = FUpers;

  USEVARIABLES ARE Part_num MatchID_clean FUpers FUEnjoy;

  !When FUStatus = 0, all FU variables = 0. Removed to avoid bias. Presumed data-entry error
  USEOBS FUStatus NE 0 AND sex_M1_F2 EQ .5;


  MISSING ARE ALL (-999);

   ANALYSIS:
  TYPE=THREELEVEL;
  ESTIMATOR = MLR;

  MODEL:
  %WITHIN%
  FUEnjoy ON FUpers;

  OUTPUT: SAMPSTAT STDYX;





*** WARNING
  Clusters for MATCHID_CLEAN with the same IDs have been found in different clusters
  for PART_NUM.  These clusters are assumed to be different because clusters for
  MATCHID_CLEAN are not allowed to appear in more than one cluster for PART_NUM.
*** WARNING
  Data set contains cases with missing on all variables.
  These cases were not included in the analysis.
  Number of cases with missing on all variables:  13341
*** WARNING
  Data set contains cases with missing on all variables except
  x-variables.  These cases were not included in the analysis.
  Number of cases with missing on all variables except x-variables:  494
   3 WARNING(S) FOUND IN THE INPUT INSTRUCTIONS



Personable predicting FU Date Enjoyment (Female Only)

SUMMARY OF ANALYSIS

Number of groups                                                 1
Number of observations                                         125

Number of dependent variables                                    1
Number of independent variables                                  1
Number of continuous latent variables                            0

Observed dependent variables

  Continuous
   FUENJOY

Observed independent variables
   FUPERS

Variables with special functions

  Cluster variables     PART_NUM  MATCHID_

  Within variables
   FUPERS


Estimator                                                      MLR
Information matrix                                        OBSERVED
Maximum number of iterations                                   100
Convergence criterion                                    0.100D-05
Maximum number of EM iterations                                500
Convergence criteria for the EM algorithm
  Loglikelihood change                                   0.100D-02
  Relative loglikelihood change                          0.100D-05
  Derivative                                             0.100D-03
Minimum variance                                         0.100D-03
Maximum number of steepest descent iterations                   20
Maximum number of iterations for H1                           2000
Convergence criterion for H1                             0.100D-02
Optimization algorithm                                         EMA

Input data file(s)
  speed.dating.mplus.10.dat
Input data format  FREE


SUMMARY OF DATA

     Number of missing data patterns             1
     Number of MATCHID_CLEAN clusters      40
     Number of PART_NUM clusters           30

     Average cluster size for MATCHID_CLEAN level        3.125

     Estimated Intraclass Correlations for the Y Variables for MATCHID_CLEAN level

                Intraclass
     Variable  Correlation

     FUENJOY      0.248

     Average cluster size for PART_NUM level        4.167

     Estimated Intraclass Correlations for the Y Variables for PART_NUM level

                Intraclass
     Variable  Correlation

     FUENJOY      0.182


COVARIANCE COVERAGE OF DATA

Minimum covariance coverage value   0.100


     PROPORTION OF DATA PRESENT


           Covariance Coverage
              FUENJOY       FUPERS
              ________      ________
 FUENJOY        1.000
 FUPERS         1.000         1.000


SAMPLE STATISTICS

NOTE:  The sample statistics for within and between refer to the
       maximum-likelihood estimated within and between covariance
       matrices, respectively.


     ESTIMATED SAMPLE STATISTICS FOR WITHIN


           Means
              FUENJOY       FUPERS
              ________      ________
 1              0.000         7.568


           Covariances
              FUENJOY       FUPERS
              ________      ________
 FUENJOY        1.917
 FUPERS         1.139         1.573


           Correlations
              FUENJOY       FUPERS
              ________      ________
 FUENJOY        1.000
 FUPERS         0.656         1.000


     ESTIMATED SAMPLE STATISTICS FOR BETWEEN MATCHID_CLEAN


           Means
              FUENJOY       FUPERS
              ________      ________
 1              0.000         0.000


           Covariances
              FUENJOY       FUPERS
              ________      ________
 FUENJOY        0.835
 FUPERS         0.000         0.000


           Correlations
              FUENJOY       FUPERS
              ________      ________
 FUENJOY        1.000
 FUPERS         0.000         0.000


     ESTIMATED SAMPLE STATISTICS FOR BETWEEN PART_NUM


           Means
              FUENJOY       FUPERS
              ________      ________
 1              4.754         0.000


           Covariances
              FUENJOY       FUPERS
              ________      ________
 FUENJOY        0.614
 FUPERS         0.000         0.000


           Correlations
              FUENJOY       FUPERS
              ________      ________
 FUENJOY        1.000
 FUPERS         0.000         0.000


     MAXIMUM LOG-LIKELIHOOD VALUE FOR THE UNRESTRICTED (H1) MODEL IS -212.556


THE MODEL ESTIMATION TERMINATED NORMALLY



MODEL FIT INFORMATION

Number of Free Parameters                        5

Loglikelihood

          H0 Value                        -212.556
          H0 Scaling Correction Factor      1.8377
            for MLR
          H1 Value                        -212.556
          H1 Scaling Correction Factor      1.8377
            for MLR

Information Criteria

          Akaike (AIC)                     435.112
          Bayesian (BIC)                   449.254
          Sample-Size Adjusted BIC         433.443
            (n* = (n + 2) / 24)

Chi-Square Test of Model Fit

          Value                              0.000*
          Degrees of Freedom                     0
          P-Value                           1.0000
          Scaling Correction Factor         1.0000
            for MLR

*   The chi-square value for MLM, MLMV, MLR, ULSMV, WLSM and WLSMV cannot be used
    for chi-square difference testing in the regular way.  MLM, MLR and WLSM
    chi-square difference testing is described on the Mplus website.  MLMV, WLSMV,
    and ULSMV difference testing is done using the DIFFTEST option.

RMSEA (Root Mean Square Error Of Approximation)

          Estimate                           0.000

CFI/TLI

          CFI                                1.000
          TLI                                1.000

Chi-Square Test of Model Fit for the Baseline Model

          Value                             25.910
          Degrees of Freedom                     1
          P-Value                           0.0000

SRMR (Standardized Root Mean Square Residual)

          Value for Within                   0.000
          Value for Between Level 2          0.000
          Value for Between Level 3          0.000



MODEL RESULTS

                                                    Two-Tailed
                    Estimate       S.E.  Est./S.E.    P-Value

Within Level

 FUENJOY    ON
    FUPERS             0.724      0.192      3.777      0.000

 Residual Variances
    FUENJOY            1.093      0.226      4.827      0.000

Between MATCHID_CLEAN Level

 Variances
    FUENJOY            0.835      0.632      1.321      0.187

Between PART_NUM Level

 Means
    FUENJOY           -0.725      1.407     -0.515      0.606

 Variances
    FUENJOY            0.614      0.468      1.312      0.190


STANDARDIZED MODEL RESULTS


STDYX Standardization

                                                    Two-Tailed
                    Estimate       S.E.  Est./S.E.    P-Value

Within Level

 FUENJOY    ON
    FUPERS             0.656      0.119      5.528      0.000

 Residual Variances
    FUENJOY            0.570      0.156      3.664      0.000

Between MATCHID_CLEAN Level

 Variances
    FUENJOY            1.000      0.000    999.000    999.000

Between PART_NUM Level

 Means
    FUENJOY           -0.925      1.670     -0.554      0.580

 Variances
    FUENJOY            1.000      0.000    999.000    999.000


R-SQUARE

Within Level

    Observed                                        Two-Tailed
    Variable        Estimate       S.E.  Est./S.E.    P-Value

    FUENJOY            0.430      0.156      2.764      0.006

Between MATCHID_CLEAN Level

Between PART_NUM Level


QUALITY OF NUMERICAL RESULTS

     Condition Number for the Information Matrix              0.973E-03
       (ratio of smallest to largest eigenvalue)


     Beginning Time:  14:56:36
        Ending Time:  14:56:37
       Elapsed Time:  00:00:01



MUTHEN & MUTHEN
3463 Stoner Ave.
Los Angeles, CA  90066

Tel: (310) 391-9971
Fax: (310) 391-8971
Web: www.StatModel.com
Support: Support@StatModel.com

Copyright (c) 1998-2013 Muthen & Muthen
