Mplus VERSION 7.11
MUTHEN & MUTHEN
07/25/2014   2:58 PM

INPUT INSTRUCTIONS

   TITLE: Personable predicting romantic desire (Male Only)

    DATA:
    FILE IS
  speed.dating.mplus.10.dat;

    VARIABLE: NAMES ARE Part_num MatchID_clean Follow_clean
    IRLikedPartner IRSayYes IRSexAttract
      IRThinkCareer IRThinkAmbitious IRThinkPhys
      IRThinkHot IRThinkFun IRThinkResponsive
      IRThinkDependable IRThinkFriendly IRCommon
      IRPersonality IRConnection yessing mutmatch PMexcited
      PMSelfinit PMMatchinit FUEager FUInitiate FUEnjoy
      FUSexDesire FUSoulMate FURomInterest FUOnlyWith
      FUMind FUOneNight FUCasual FUSerious FUCommitted
      FUExtentPhys FUExtentCareer FUExtentAmbitious
      FUExtentHot FUExtentFun FUExtentRespons
      FUExtentFriendly DemAge DemEthn FUPhysContact
      FUInitiatePhys FUEnjoyContact FUContactBad
      IRpatt IRepro IRpers IRrdes IRchem FUpasn FUpatt FUepro
      FUpers FUStatus sex_M1_F2;

      CLUSTER =Part_num;
      WITHIN = IRpers IRrdes;

  USEVARIABLES ARE Part_num IRpers IRrdes;

  USEOBS Follow_clean EQ 1 AND sex_M1_F2 EQ -.5;

  CLUSTER = Part_num;
  MISSING ARE ALL (-999);

   ANALYSIS:
  TYPE=TWOLEVEL;
  ESTIMATOR = MLR;

  MODEL:
  %WITHIN%
  IRrdes ON IRpers;

  OUTPUT: SAMPSTAT STDYX;





*** WARNING
  Data set contains cases with missing on all variables.
  These cases were not included in the analysis.
  Number of cases with missing on all variables:  32
*** WARNING
  Data set contains cases with missing on x-variables.
  These cases were not included in the analysis.
  Number of cases with missing on x-variables:  43
*** WARNING
  Data set contains cases with missing on all variables except
  x-variables.  These cases were not included in the analysis.
  Number of cases with missing on all variables except x-variables:  4
   3 WARNING(S) FOUND IN THE INPUT INSTRUCTIONS



Personable predicting romantic desire (Male Only)

SUMMARY OF ANALYSIS

Number of groups                                                 1
Number of observations                                        1341

Number of dependent variables                                    1
Number of independent variables                                  1
Number of continuous latent variables                            0

Observed dependent variables

  Continuous
   IRRDES

Observed independent variables
   IRPERS

Variables with special functions

  Cluster variable      PART_NUM

  Within variables
   IRPERS      IRRDES


Estimator                                                      MLR
Information matrix                                        OBSERVED
Maximum number of iterations                                   100
Convergence criterion                                    0.100D-05
Maximum number of EM iterations                                500
Convergence criteria for the EM algorithm
  Loglikelihood change                                   0.100D-02
  Relative loglikelihood change                          0.100D-05
  Derivative                                             0.100D-03
Minimum variance                                         0.100D-03
Maximum number of steepest descent iterations                   20
Maximum number of iterations for H1                           2000
Convergence criterion for H1                             0.100D-03
Optimization algorithm                                         EMA

Input data file(s)
  speed.dating.mplus.10.dat
Input data format  FREE


SUMMARY OF DATA

     Number of missing data patterns             1
     Number of clusters                        153

     Average cluster size        8.765

     Estimated Intraclass Correlations for the Y Variables

                Intraclass
     Variable  Correlation

     IRRDES       0.000



COVARIANCE COVERAGE OF DATA

Minimum covariance coverage value   0.100


     PROPORTION OF DATA PRESENT


           Covariance Coverage
              IRRDES        IRPERS
              ________      ________
 IRRDES         1.000
 IRPERS         1.000         1.000


SAMPLE STATISTICS

NOTE:  The sample statistics for within and between refer to the
       maximum-likelihood estimated within and between covariance
       matrices, respectively.


     ESTIMATED SAMPLE STATISTICS FOR WITHIN


           Means
              IRRDES        IRPERS
              ________      ________
 1              5.592         6.640


           Covariances
              IRRDES        IRPERS
              ________      ________
 IRRDES         3.133
 IRPERS         1.397         1.950


           Correlations
              IRRDES        IRPERS
              ________      ________
 IRRDES         1.000
 IRPERS         0.565         1.000


     ESTIMATED SAMPLE STATISTICS FOR BETWEEN


           Means
              IRRDES        IRPERS
              ________      ________
 1              0.000         0.000


           Covariances
              IRRDES        IRPERS
              ________      ________
 IRRDES         0.000
 IRPERS         0.000         0.000


           Correlations
              IRRDES        IRPERS
              ________      ________
 IRRDES         0.000
 IRPERS         0.000         0.000


     MAXIMUM LOG-LIKELIHOOD VALUE FOR THE UNRESTRICTED (H1) MODEL IS -2410.726


THE MODEL ESTIMATION TERMINATED NORMALLY



MODEL FIT INFORMATION

Number of Free Parameters                        3

Loglikelihood

          H0 Value                       -2410.726
          H0 Scaling Correction Factor      2.0088
            for MLR
          H1 Value                       -2410.726
          H1 Scaling Correction Factor      2.0088
            for MLR

Information Criteria

          Akaike (AIC)                    4827.452
          Bayesian (BIC)                  4843.056
          Sample-Size Adjusted BIC        4833.526
            (n* = (n + 2) / 24)

Chi-Square Test of Model Fit

          Value                              0.000*
          Degrees of Freedom                     0
          P-Value                           1.0000
          Scaling Correction Factor         1.0000
            for MLR

*   The chi-square value for MLM, MLMV, MLR, ULSMV, WLSM and WLSMV cannot be used
    for chi-square difference testing in the regular way.  MLM, MLR and WLSM
    chi-square difference testing is described on the Mplus website.  MLMV, WLSMV,
    and ULSMV difference testing is done using the DIFFTEST option.

RMSEA (Root Mean Square Error Of Approximation)

          Estimate                           0.000

CFI/TLI

          CFI                                1.000
          TLI                                1.000

Chi-Square Test of Model Fit for the Baseline Model

          Value                            572.007
          Degrees of Freedom                     1
          P-Value                           0.0000

SRMR (Standardized Root Mean Square Residual)

          Value for Within                   0.000
          Value for Between                  0.000



MODEL RESULTS

                                                    Two-Tailed
                    Estimate       S.E.  Est./S.E.    P-Value

Within Level

 IRRDES     ON
    IRPERS             0.716      0.037     19.411      0.000

 Intercepts
    IRRDES             0.836      0.254      3.295      0.001

 Residual Variances
    IRRDES             2.133      0.116     18.368      0.000

Between Level


STANDARDIZED MODEL RESULTS


STDYX Standardization

                                                    Two-Tailed
                    Estimate       S.E.  Est./S.E.    P-Value

Within Level

 IRRDES     ON
    IRPERS             0.565      0.024     23.455      0.000

 Intercepts
    IRRDES             0.473      0.151      3.129      0.002

 Residual Variances
    IRRDES             0.681      0.027     25.005      0.000

Between Level


R-SQUARE

Within Level

    Observed                                        Two-Tailed
    Variable        Estimate       S.E.  Est./S.E.    P-Value

    IRRDES             0.319      0.027     11.727      0.000

Between Level


QUALITY OF NUMERICAL RESULTS

     Condition Number for the Information Matrix              0.645E-03
       (ratio of smallest to largest eigenvalue)


     Beginning Time:  14:58:08
        Ending Time:  14:58:09
       Elapsed Time:  00:00:01



MUTHEN & MUTHEN
3463 Stoner Ave.
Los Angeles, CA  90066

Tel: (310) 391-9971
Fax: (310) 391-8971
Web: www.StatModel.com
Support: Support@StatModel.com

Copyright (c) 1998-2013 Muthen & Muthen
