Mplus VERSION 7.11
MUTHEN & MUTHEN
07/25/2014   2:57 PM

INPUT INSTRUCTIONS

   TITLE: Earning Prospects predicting FU Casual (Male Only)

    DATA:
    FILE IS
  speed.dating.mplus.10.dat;

    VARIABLE: NAMES ARE Part_num MatchID_clean Follow_clean
    IRLikedPartner IRSayYes IRSexAttract
      IRThinkCareer IRThinkAmbitious IRThinkPhys
      IRThinkHot IRThinkFun IRThinkResponsive
      IRThinkDependable IRThinkFriendly IRCommon
      IRPersonality IRConnection yessing mutmatch PMexcited
      PMSelfinit PMMatchinit FUEager FUInitiate FUEnjoy
      FUSexDesire FUSoulMate FURomInterest FUOnlyWith
      FUMind FUOneNight FUCasual FUSerious FUCommitted
      FUExtentPhys FUExtentCareer FUExtentAmbitious
      FUExtentHot FUExtentFun FUExtentRespons
      FUExtentFriendly DemAge DemEthn FUPhysContact
      FUInitiatePhys FUEnjoyContact FUContactBad
      IRpatt IRepro IRpers IRrdes IRchem FUpasn FUpatt FUepro
      FUpers FUStatus sex_M1_F2;

      CLUSTER =Part_num MatchID_clean;
      WITHIN = FUepro;


  USEVARIABLES ARE Part_num MatchID_clean FUepro FUCasual;

  !When FUStatus = 0, all FU variables = 0. Removed to avoid bias. Presumed data-entry error
  USEOBS FUStatus NE 0 AND sex_M1_F2 EQ -.5;

  MISSING ARE ALL (-999);

   ANALYSIS:
  TYPE=THREELEVEL;
  ESTIMATOR = MLR;

  MODEL:
  %WITHIN%
  FUCasual ON FUepro;

  OUTPUT: SAMPSTAT STDYX;





*** WARNING
  Clusters for MATCHID_CLEAN with the same IDs have been found in different clusters
  for PART_NUM.  These clusters are assumed to be different because clusters for
  MATCHID_CLEAN are not allowed to appear in more than one cluster for PART_NUM.
*** WARNING
  Data set contains cases with missing on all variables.
  These cases were not included in the analysis.
  Number of cases with missing on all variables:  13683
*** WARNING
  Data set contains cases with missing on all variables except
  x-variables.  These cases were not included in the analysis.
  Number of cases with missing on all variables except x-variables:  431
   3 WARNING(S) FOUND IN THE INPUT INSTRUCTIONS



Earning Prospects predicting FU Casual (Male Only)

SUMMARY OF ANALYSIS

Number of groups                                                 1
Number of observations                                          86

Number of dependent variables                                    1
Number of independent variables                                  1
Number of continuous latent variables                            0

Observed dependent variables

  Continuous
   FUCASUAL

Observed independent variables
   FUEPRO

Variables with special functions

  Cluster variables     PART_NUM  MATCHID_

  Within variables
   FUEPRO


Estimator                                                      MLR
Information matrix                                        OBSERVED
Maximum number of iterations                                   100
Convergence criterion                                    0.100D-05
Maximum number of EM iterations                                500
Convergence criteria for the EM algorithm
  Loglikelihood change                                   0.100D-02
  Relative loglikelihood change                          0.100D-05
  Derivative                                             0.100D-03
Minimum variance                                         0.100D-03
Maximum number of steepest descent iterations                   20
Maximum number of iterations for H1                           2000
Convergence criterion for H1                             0.100D-02
Optimization algorithm                                         EMA

Input data file(s)
  speed.dating.mplus.10.dat
Input data format  FREE


SUMMARY OF DATA

     Number of missing data patterns             1
     Number of MATCHID_CLEAN clusters      22
     Number of PART_NUM clusters           17

     Average cluster size for MATCHID_CLEAN level        3.909

     Estimated Intraclass Correlations for the Y Variables for MATCHID_CLEAN level

                Intraclass
     Variable  Correlation

     FUCASUAL     0.016

     Average cluster size for PART_NUM level        5.059

     Estimated Intraclass Correlations for the Y Variables for PART_NUM level

                Intraclass
     Variable  Correlation

     FUCASUAL     0.374


COVARIANCE COVERAGE OF DATA

Minimum covariance coverage value   0.100


     PROPORTION OF DATA PRESENT


           Covariance Coverage
              FUCASUAL      FUEPRO
              ________      ________
 FUCASUAL       1.000
 FUEPRO         1.000         1.000


SAMPLE STATISTICS

NOTE:  The sample statistics for within and between refer to the
       maximum-likelihood estimated within and between covariance
       matrices, respectively.


     ESTIMATED SAMPLE STATISTICS FOR WITHIN


           Means
              FUCASUAL      FUEPRO
              ________      ________
 1              0.000         6.919


           Covariances
              FUCASUAL      FUEPRO
              ________      ________
 FUCASUAL       0.941
 FUEPRO         0.294         2.005


           Correlations
              FUCASUAL      FUEPRO
              ________      ________
 FUCASUAL       1.000
 FUEPRO         0.214         1.000


     ESTIMATED SAMPLE STATISTICS FOR BETWEEN MATCHID_CLEAN


           Means
              FUCASUAL      FUEPRO
              ________      ________
 1              0.000         0.000


           Covariances
              FUCASUAL      FUEPRO
              ________      ________
 FUCASUAL       0.024
 FUEPRO         0.000         0.000


           Correlations
              FUCASUAL      FUEPRO
              ________      ________
 FUCASUAL       1.000
 FUEPRO         0.000         0.000


     ESTIMATED SAMPLE STATISTICS FOR BETWEEN PART_NUM


           Means
              FUCASUAL      FUEPRO
              ________      ________
 1              3.906         0.000


           Covariances
              FUCASUAL      FUEPRO
              ________      ________
 FUCASUAL       0.578
 FUEPRO         0.000         0.000


           Correlations
              FUCASUAL      FUEPRO
              ________      ________
 FUCASUAL       1.000
 FUEPRO         0.000         0.000


     MAXIMUM LOG-LIKELIHOOD VALUE FOR THE UNRESTRICTED (H1) MODEL IS -128.946

     WARNING: THE MODEL ESTIMATION HAS REACHED A SADDLE POINT OR A POINT WHERE THE
     OBSERVED AND THE EXPECTED INFORMATION MATRICES DO NOT MATCH.
     AN ADJUSTMENT TO THE ESTIMATION OF THE INFORMATION MATRIX HAS BEEN MADE.
     THE CONDITION NUMBER IS      -0.305D-04.
     THE PROBLEM MAY ALSO BE RESOLVED BY DECREASING THE VALUE OF THE
     MCONVERGENCE OR LOGCRITERION OPTIONS OR BY CHANGING THE STARTING VALUES
     OR BY USING THE MLF ESTIMATOR.


THE MODEL ESTIMATION TERMINATED NORMALLY



MODEL FIT INFORMATION

Number of Free Parameters                        5

Loglikelihood

          H0 Value                        -128.876
          H0 Scaling Correction Factor      1.3558
            for MLR
          H1 Value                        -128.946
          H1 Scaling Correction Factor      1.3558
            for MLR

Information Criteria

          Akaike (AIC)                     267.752
          Bayesian (BIC)                   280.024
          Sample-Size Adjusted BIC         264.248
            (n* = (n + 2) / 24)

Chi-Square Test of Model Fit

          Value                              0.000*
          Degrees of Freedom                     0
          P-Value                           1.0000
          Scaling Correction Factor         1.0000
            for MLR

*   The chi-square value for MLM, MLMV, MLR, ULSMV, WLSM and WLSMV cannot be used
    for chi-square difference testing in the regular way.  MLM, MLR and WLSM
    chi-square difference testing is described on the Mplus website.  MLMV, WLSMV,
    and ULSMV difference testing is done using the DIFFTEST option.

RMSEA (Root Mean Square Error Of Approximation)

          Estimate                           0.000

CFI/TLI

          CFI                                1.000
          TLI                                1.000

Chi-Square Test of Model Fit for the Baseline Model

          Value                              1.144
          Degrees of Freedom                     1
          P-Value                           0.2847

SRMR (Standardized Root Mean Square Residual)

          Value for Within                   0.003
          Value for Between Level 2          0.000
          Value for Between Level 3          0.000



MODEL RESULTS

                                                    Two-Tailed
                    Estimate       S.E.  Est./S.E.    P-Value

Within Level

 FUCASUAL   ON
    FUEPRO             0.143      0.150      0.953      0.341

 Residual Variances
    FUCASUAL           0.898      0.285      3.147      0.002

Between MATCHID_CLEAN Level

 Variances
    FUCASUAL           0.008      0.073      0.109      0.913

Between PART_NUM Level

 Means
    FUCASUAL           2.917      0.937      3.111      0.002

 Variances
    FUCASUAL           0.590      0.151      3.902      0.000


STANDARDIZED MODEL RESULTS


STDYX Standardization

                                                    Two-Tailed
                    Estimate       S.E.  Est./S.E.    P-Value

Within Level

 FUCASUAL   ON
    FUEPRO             0.209      0.198      1.058      0.290

 Residual Variances
    FUCASUAL           0.956      0.083     11.588      0.000

Between MATCHID_CLEAN Level

 Variances
    FUCASUAL           1.000      0.000    999.000    999.000

Between PART_NUM Level

 Means
    FUCASUAL           3.797      1.287      2.951      0.003

 Variances
    FUCASUAL           1.000      0.000    999.000    999.000


R-SQUARE

Within Level

    Observed                                        Two-Tailed
    Variable        Estimate       S.E.  Est./S.E.    P-Value

    FUCASUAL           0.044      0.083      0.529      0.597

Between MATCHID_CLEAN Level

Between PART_NUM Level


QUALITY OF NUMERICAL RESULTS

     Condition Number for the Information Matrix             -0.305E-04
       (ratio of smallest to largest eigenvalue)


     Beginning Time:  14:57:15
        Ending Time:  14:57:17
       Elapsed Time:  00:00:02



MUTHEN & MUTHEN
3463 Stoner Ave.
Los Angeles, CA  90066

Tel: (310) 391-9971
Fax: (310) 391-8971
Web: www.StatModel.com
Support: Support@StatModel.com

Copyright (c) 1998-2013 Muthen & Muthen
