Mplus VERSION 7.11
MUTHEN & MUTHEN
07/25/2014   2:57 PM

INPUT INSTRUCTIONS

   TITLE: Earning Prospects predicting FU Desire for Casual Relationship w. (Female Only)

    DATA:
    FILE IS
  speed.dating.mplus.10.dat;

    VARIABLE: NAMES ARE Part_num MatchID_clean Follow_clean
    IRLikedPartner IRSayYes IRSexAttract
      IRThinkCareer IRThinkAmbitious IRThinkPhys
      IRThinkHot IRThinkFun IRThinkResponsive
      IRThinkDependable IRThinkFriendly IRCommon
      IRPersonality IRConnection yessing mutmatch PMexcited
      PMSelfinit PMMatchinit FUEager FUInitiate FUEnjoy
      FUSexDesire FUSoulMate FURomInterest FUOnlyWith
      FUMind FUOneNight FUCasual FUSerious FUCommitted
      FUExtentPhys FUExtentCareer FUExtentAmbitious
      FUExtentHot FUExtentFun FUExtentRespons
      FUExtentFriendly DemAge DemEthn FUPhysContact
      FUInitiatePhys FUEnjoyContact FUContactBad
      IRpatt IRepro IRpers IRrdes IRchem FUpasn FUpatt FUepro
      FUpers FUStatus sex_M1_F2;

      CLUSTER =Part_num MatchID_clean;
      WITHIN = FUepro;


  USEVARIABLES ARE Part_num MatchID_clean FUepro FUCasual;

  !When FUStatus = 0, all FU variables = 0. Removed to avoid bias. Presumed data-entry error
  USEOBS FUStatus NE 0 AND sex_M1_F2 EQ .5;

  MISSING ARE ALL (-999);

   ANALYSIS:
  TYPE=THREELEVEL;
  ESTIMATOR = MLR;

  MODEL:
  %WITHIN%
  FUCasual ON FUepro;

  OUTPUT: SAMPSTAT STDYX;





*** WARNING
  Clusters for MATCHID_CLEAN with the same IDs have been found in different clusters
  for PART_NUM.  These clusters are assumed to be different because clusters for
  MATCHID_CLEAN are not allowed to appear in more than one cluster for PART_NUM.
*** WARNING
  Data set contains cases with missing on all variables.
  These cases were not included in the analysis.
  Number of cases with missing on all variables:  13344
*** WARNING
  Data set contains cases with missing on all variables except
  x-variables.  These cases were not included in the analysis.
  Number of cases with missing on all variables except x-variables:  538
   3 WARNING(S) FOUND IN THE INPUT INSTRUCTIONS



Earning Prospects predicting FU Desire for Casual Relationship w. (Female Only)

SUMMARY OF ANALYSIS

Number of groups                                                 1
Number of observations                                          78

Number of dependent variables                                    1
Number of independent variables                                  1
Number of continuous latent variables                            0

Observed dependent variables

  Continuous
   FUCASUAL

Observed independent variables
   FUEPRO

Variables with special functions

  Cluster variables     PART_NUM  MATCHID_

  Within variables
   FUEPRO


Estimator                                                      MLR
Information matrix                                        OBSERVED
Maximum number of iterations                                   100
Convergence criterion                                    0.100D-05
Maximum number of EM iterations                                500
Convergence criteria for the EM algorithm
  Loglikelihood change                                   0.100D-02
  Relative loglikelihood change                          0.100D-05
  Derivative                                             0.100D-03
Minimum variance                                         0.100D-03
Maximum number of steepest descent iterations                   20
Maximum number of iterations for H1                           2000
Convergence criterion for H1                             0.100D-02
Optimization algorithm                                         EMA

Input data file(s)
  speed.dating.mplus.10.dat
Input data format  FREE


SUMMARY OF DATA

     Number of missing data patterns             1
     Number of MATCHID_CLEAN clusters      25
     Number of PART_NUM clusters           23

     Average cluster size for MATCHID_CLEAN level        3.120

     Estimated Intraclass Correlations for the Y Variables for MATCHID_CLEAN level

                Intraclass
     Variable  Correlation

     FUCASUAL     0.370

     Average cluster size for PART_NUM level        3.391

     Estimated Intraclass Correlations for the Y Variables for PART_NUM level

                Intraclass
     Variable  Correlation

     FUCASUAL     0.084


COVARIANCE COVERAGE OF DATA

Minimum covariance coverage value   0.100


     PROPORTION OF DATA PRESENT


           Covariance Coverage
              FUCASUAL      FUEPRO
              ________      ________
 FUCASUAL       1.000
 FUEPRO         1.000         1.000


SAMPLE STATISTICS

NOTE:  The sample statistics for within and between refer to the
       maximum-likelihood estimated within and between covariance
       matrices, respectively.


     ESTIMATED SAMPLE STATISTICS FOR WITHIN


           Means
              FUCASUAL      FUEPRO
              ________      ________
 1              0.000         7.154


           Covariances
              FUCASUAL      FUEPRO
              ________      ________
 FUCASUAL       1.460
 FUEPRO         0.007         3.540


           Correlations
              FUCASUAL      FUEPRO
              ________      ________
 FUCASUAL       1.000
 FUEPRO         0.003         1.000


     ESTIMATED SAMPLE STATISTICS FOR BETWEEN MATCHID_CLEAN


           Means
              FUCASUAL      FUEPRO
              ________      ________
 1              0.000         0.000


           Covariances
              FUCASUAL      FUEPRO
              ________      ________
 FUCASUAL       0.987
 FUEPRO         0.000         0.000


           Correlations
              FUCASUAL      FUEPRO
              ________      ________
 FUCASUAL       1.000
 FUEPRO         0.000         0.000


     ESTIMATED SAMPLE STATISTICS FOR BETWEEN PART_NUM


           Means
              FUCASUAL      FUEPRO
              ________      ________
 1              3.590         0.000


           Covariances
              FUCASUAL      FUEPRO
              ________      ________
 FUCASUAL       0.223
 FUEPRO         0.000         0.000


           Correlations
              FUCASUAL      FUEPRO
              ________      ________
 FUCASUAL       1.000
 FUEPRO         0.000         0.000


     MAXIMUM LOG-LIKELIHOOD VALUE FOR THE UNRESTRICTED (H1) MODEL IS -139.865


THE MODEL ESTIMATION TERMINATED NORMALLY



MODEL FIT INFORMATION

Number of Free Parameters                        5

Loglikelihood

          H0 Value                        -139.814
          H0 Scaling Correction Factor      0.9691
            for MLR
          H1 Value                        -139.865
          H1 Scaling Correction Factor      0.9691
            for MLR

Information Criteria

          Akaike (AIC)                     289.628
          Bayesian (BIC)                   301.411
          Sample-Size Adjusted BIC         285.648
            (n* = (n + 2) / 24)

Chi-Square Test of Model Fit

          Value                              0.000*
          Degrees of Freedom                     0
          P-Value                           1.0000
          Scaling Correction Factor         1.0000
            for MLR

*   The chi-square value for MLM, MLMV, MLR, ULSMV, WLSM and WLSMV cannot be used
    for chi-square difference testing in the regular way.  MLM, MLR and WLSM
    chi-square difference testing is described on the Mplus website.  MLMV, WLSMV,
    and ULSMV difference testing is done using the DIFFTEST option.

RMSEA (Root Mean Square Error Of Approximation)

          Estimate                           0.000

CFI/TLI

          CFI                                1.000
          TLI                                1.000

Chi-Square Test of Model Fit for the Baseline Model

          Value                              0.151
          Degrees of Freedom                     1
          P-Value                           0.6971

SRMR (Standardized Root Mean Square Residual)

          Value for Within                   0.002
          Value for Between Level 2          0.000
          Value for Between Level 3          0.000



MODEL RESULTS

                                                    Two-Tailed
                    Estimate       S.E.  Est./S.E.    P-Value

Within Level

 FUCASUAL   ON
    FUEPRO             0.000      0.134     -0.002      0.999

 Residual Variances
    FUCASUAL           1.459      0.312      4.675      0.000

Between MATCHID_CLEAN Level

 Variances
    FUCASUAL           1.091      0.779      1.400      0.162

Between PART_NUM Level

 Means
    FUCASUAL           3.598      1.062      3.387      0.001

 Variances
    FUCASUAL           0.103      1.013      0.102      0.919


STANDARDIZED MODEL RESULTS


STDYX Standardization

                                                    Two-Tailed
                    Estimate       S.E.  Est./S.E.    P-Value

Within Level

 FUCASUAL   ON
    FUEPRO             0.000      0.208     -0.002      0.999

 Residual Variances
    FUCASUAL           1.000      0.000   6440.401      0.000

Between MATCHID_CLEAN Level

 Variances
    FUCASUAL           1.000      0.000    999.000    999.000

Between PART_NUM Level

 Means
    FUCASUAL          11.189     57.860      0.193      0.847

 Variances
    FUCASUAL           1.000      0.000    999.000    999.000


R-SQUARE

Within Level

    Observed                                        Two-Tailed
    Variable        Estimate       S.E.  Est./S.E.    P-Value

    FUCASUAL           0.000      0.000      0.001      0.999

Between MATCHID_CLEAN Level

Between PART_NUM Level


QUALITY OF NUMERICAL RESULTS

     Condition Number for the Information Matrix              0.537E-03
       (ratio of smallest to largest eigenvalue)


     Beginning Time:  14:57:13
        Ending Time:  14:57:15
       Elapsed Time:  00:00:02



MUTHEN & MUTHEN
3463 Stoner Ave.
Los Angeles, CA  90066

Tel: (310) 391-9971
Fax: (310) 391-8971
Web: www.StatModel.com
Support: Support@StatModel.com

Copyright (c) 1998-2013 Muthen & Muthen
