Mplus VERSION 7.11
MUTHEN & MUTHEN
07/25/2014   2:57 PM

INPUT INSTRUCTIONS

   TITLE: Earning Prospects predicting FU Commitment w. (Female Only)

    DATA:
    FILE IS
  speed.dating.mplus.10.dat;

    VARIABLE: NAMES ARE Part_num MatchID_clean Follow_clean
    IRLikedPartner IRSayYes IRSexAttract
      IRThinkCareer IRThinkAmbitious IRThinkPhys
      IRThinkHot IRThinkFun IRThinkResponsive
      IRThinkDependable IRThinkFriendly IRCommon
      IRPersonality IRConnection yessing mutmatch PMexcited
      PMSelfinit PMMatchinit FUEager FUInitiate FUEnjoy
      FUSexDesire FUSoulMate FURomInterest FUOnlyWith
      FUMind FUOneNight FUCasual FUSerious FUCommitted
      FUExtentPhys FUExtentCareer FUExtentAmbitious
      FUExtentHot FUExtentFun FUExtentRespons
      FUExtentFriendly DemAge DemEthn FUPhysContact
      FUInitiatePhys FUEnjoyContact FUContactBad
      IRpatt IRepro IRpers IRrdes IRchem FUpasn FUpatt FUepro
      FUpers FUStatus sex_M1_F2;

      CLUSTER =Part_num MatchID_clean;
      WITHIN = FUepro;


  USEVARIABLES ARE Part_num MatchID_clean FUepro FUCommitted;

  !When FUStatus = 0, all FU variables = 0. Removed to avoid bias. Presumed data-entry error
  USEOBS FUStatus NE 0 AND sex_M1_F2 EQ .5;

  MISSING ARE ALL (-999);

   ANALYSIS:
  TYPE=THREELEVEL;
  ESTIMATOR = MLR;

  MODEL:
  %WITHIN%
  FUCommitted ON FUepro;

  OUTPUT: SAMPSTAT STDYX;





*** WARNING in VARIABLE command
  Note that only the first 8 characters of variable names are used in the output.
  Shorten variable names to avoid any confusion.
*** WARNING
  Clusters for MATCHID_CLEAN with the same IDs have been found in different clusters
  for PART_NUM.  These clusters are assumed to be different because clusters for
  MATCHID_CLEAN are not allowed to appear in more than one cluster for PART_NUM.
*** WARNING
  Data set contains cases with missing on all variables.
  These cases were not included in the analysis.
  Number of cases with missing on all variables:  13344
*** WARNING
  Data set contains cases with missing on all variables except
  x-variables.  These cases were not included in the analysis.
  Number of cases with missing on all variables except x-variables:  537
   4 WARNING(S) FOUND IN THE INPUT INSTRUCTIONS



Earning Prospects predicting FU Commitment w. (Female Only)

SUMMARY OF ANALYSIS

Number of groups                                                 1
Number of observations                                          79

Number of dependent variables                                    1
Number of independent variables                                  1
Number of continuous latent variables                            0

Observed dependent variables

  Continuous
   FUCOMMITTE

Observed independent variables
   FUEPRO

Variables with special functions

  Cluster variables     PART_NUM  MATCHID_

  Within variables
   FUEPRO


Estimator                                                      MLR
Information matrix                                        OBSERVED
Maximum number of iterations                                   100
Convergence criterion                                    0.100D-05
Maximum number of EM iterations                                500
Convergence criteria for the EM algorithm
  Loglikelihood change                                   0.100D-02
  Relative loglikelihood change                          0.100D-05
  Derivative                                             0.100D-03
Minimum variance                                         0.100D-03
Maximum number of steepest descent iterations                   20
Maximum number of iterations for H1                           2000
Convergence criterion for H1                             0.100D-02
Optimization algorithm                                         EMA

Input data file(s)
  speed.dating.mplus.10.dat
Input data format  FREE


SUMMARY OF DATA

     Number of missing data patterns             1
     Number of MATCHID_CLEAN clusters      25
     Number of PART_NUM clusters           23

     Average cluster size for MATCHID_CLEAN level        3.160

     Estimated Intraclass Correlations for the Y Variables for MATCHID_CLEAN level

                Intraclass
     Variable  Correlation

     FUCOMMIT     0.029

     Average cluster size for PART_NUM level        3.435

     Estimated Intraclass Correlations for the Y Variables for PART_NUM level

                Intraclass
     Variable  Correlation

     FUCOMMIT     0.325


COVARIANCE COVERAGE OF DATA

Minimum covariance coverage value   0.100


     PROPORTION OF DATA PRESENT


           Covariance Coverage
              FUCOMMIT      FUEPRO
              ________      ________
 FUCOMMIT       1.000
 FUEPRO         1.000         1.000


SAMPLE STATISTICS

NOTE:  The sample statistics for within and between refer to the
       maximum-likelihood estimated within and between covariance
       matrices, respectively.


     ESTIMATED SAMPLE STATISTICS FOR WITHIN


           Means
              FUCOMMIT      FUEPRO
              ________      ________
 1              0.000         7.165


           Covariances
              FUCOMMIT      FUEPRO
              ________      ________
 FUCOMMIT       2.008
 FUEPRO         0.359         3.505


           Correlations
              FUCOMMIT      FUEPRO
              ________      ________
 FUCOMMIT       1.000
 FUEPRO         0.135         1.000


     ESTIMATED SAMPLE STATISTICS FOR BETWEEN MATCHID_CLEAN


           Means
              FUCOMMIT      FUEPRO
              ________      ________
 1              0.000         0.000


           Covariances
              FUCOMMIT      FUEPRO
              ________      ________
 FUCOMMIT       0.090
 FUEPRO         0.000         0.000


           Correlations
              FUCOMMIT      FUEPRO
              ________      ________
 FUCOMMIT       1.000
 FUEPRO         0.000         0.000


     ESTIMATED SAMPLE STATISTICS FOR BETWEEN PART_NUM


           Means
              FUCOMMIT      FUEPRO
              ________      ________
 1              4.290         0.000


           Covariances
              FUCOMMIT      FUEPRO
              ________      ________
 FUCOMMIT       1.009
 FUEPRO         0.000         0.000


           Correlations
              FUCOMMIT      FUEPRO
              ________      ________
 FUCOMMIT       1.000
 FUEPRO         0.000         0.000


     MAXIMUM LOG-LIKELIHOOD VALUE FOR THE UNRESTRICTED (H1) MODEL IS -150.086

     WARNING: THE MODEL ESTIMATION HAS REACHED A SADDLE POINT OR A POINT WHERE THE
     OBSERVED AND THE EXPECTED INFORMATION MATRICES DO NOT MATCH.
     AN ADJUSTMENT TO THE ESTIMATION OF THE INFORMATION MATRIX HAS BEEN MADE.
     THE CONDITION NUMBER IS      -0.980D-03.
     THE PROBLEM MAY ALSO BE RESOLVED BY DECREASING THE VALUE OF THE
     MCONVERGENCE OR LOGCRITERION OPTIONS OR BY CHANGING THE STARTING VALUES
     OR BY USING THE MLF ESTIMATOR.


THE MODEL ESTIMATION TERMINATED NORMALLY



MODEL FIT INFORMATION

Number of Free Parameters                        5

Loglikelihood

          H0 Value                        -150.014
          H0 Scaling Correction Factor      0.8954
            for MLR
          H1 Value                        -150.086
          H1 Scaling Correction Factor      0.8954
            for MLR

Information Criteria

          Akaike (AIC)                     310.028
          Bayesian (BIC)                   321.875
          Sample-Size Adjusted BIC         306.110
            (n* = (n + 2) / 24)

Chi-Square Test of Model Fit

          Value                              0.000*
          Degrees of Freedom                     0
          P-Value                           1.0000
          Scaling Correction Factor         1.0000
            for MLR

*   The chi-square value for MLM, MLMV, MLR, ULSMV, WLSM and WLSMV cannot be used
    for chi-square difference testing in the regular way.  MLM, MLR and WLSM
    chi-square difference testing is described on the Mplus website.  MLMV, WLSMV,
    and ULSMV difference testing is done using the DIFFTEST option.

RMSEA (Root Mean Square Error Of Approximation)

          Estimate                           0.000

CFI/TLI

          CFI                                1.000
          TLI                                1.000

Chi-Square Test of Model Fit for the Baseline Model

          Value                              0.847
          Degrees of Freedom                     1
          P-Value                           0.3574

SRMR (Standardized Root Mean Square Residual)

          Value for Within                   0.002
          Value for Between Level 2          0.000
          Value for Between Level 3          0.000



MODEL RESULTS

                                                    Two-Tailed
                    Estimate       S.E.  Est./S.E.    P-Value

Within Level

 FUCOMMITTE ON
    FUEPRO             0.106      0.088      1.196      0.232

 Residual Variances
    FUCOMMITTE         1.971      0.559      3.524      0.000

Between MATCHID_CLEAN Level

 Variances
    FUCOMMITTE         0.033      0.320      0.104      0.917

Between PART_NUM Level

 Means
    FUCOMMITTE         3.528      0.708      4.984      0.000

 Variances
    FUCOMMITTE         1.053      0.261      4.035      0.000


STANDARDIZED MODEL RESULTS


STDYX Standardization

                                                    Two-Tailed
                    Estimate       S.E.  Est./S.E.    P-Value

Within Level

 FUCOMMITTE ON
    FUEPRO             0.140      0.124      1.124      0.261

 Residual Variances
    FUCOMMITTE         0.980      0.035     28.240      0.000

Between MATCHID_CLEAN Level

 Variances
    FUCOMMITTE         1.000      0.000    999.000    999.000

Between PART_NUM Level

 Means
    FUCOMMITTE         3.438      0.814      4.225      0.000

 Variances
    FUCOMMITTE         1.000      0.000    999.000    999.000


R-SQUARE

Within Level

    Observed                                        Two-Tailed
    Variable        Estimate       S.E.  Est./S.E.    P-Value

    FUCOMMIT           0.020      0.035      0.562      0.574

Between MATCHID_CLEAN Level

Between PART_NUM Level


QUALITY OF NUMERICAL RESULTS

     Condition Number for the Information Matrix             -0.980E-03
       (ratio of smallest to largest eigenvalue)


     Beginning Time:  14:57:17
        Ending Time:  14:57:20
       Elapsed Time:  00:00:03



MUTHEN & MUTHEN
3463 Stoner Ave.
Los Angeles, CA  90066

Tel: (310) 391-9971
Fax: (310) 391-8971
Web: www.StatModel.com
Support: Support@StatModel.com

Copyright (c) 1998-2013 Muthen & Muthen
