Mplus VERSION 7.11
MUTHEN & MUTHEN
03/26/2015   1:50 PM

INPUT INSTRUCTIONS

   TITLE: Earning Prospects predicting romantic desire (Female Only)

    DATA:
    FILE IS
  speed.dating.mplus.10.dat;

    VARIABLE: NAMES ARE Part_num MatchID_clean Follow_clean
    IRLikedPartner IRSayYes IRSexAttract
      IRThinkCareer IRThinkAmbitious IRThinkPhys
      IRThinkHot IRThinkFun IRThinkResponsive
      IRThinkDependable IRThinkFriendly IRCommon
      IRPersonality IRConnection yessing mutmatch PMexcited
      PMSelfinit PMMatchinit FUEager FUInitiate FUEnjoy
      FUSexDesire FUSoulMate FURomInterest FUOnlyWith
      FUMind FUOneNight FUCasual FUSerious FUCommitted
      FUExtentPhys FUExtentCareer FUExtentAmbitious
      FUExtentHot FUExtentFun FUExtentRespons
      FUExtentFriendly DemAge DemEthn FUPhysContact
      FUInitiatePhys FUEnjoyContact FUContactBad
      IRpatt IRepro IRpers IRrdes IRchem FUpasn FUpatt FUepro
      FUpers FUStatus sex_M1_F2;

      CLUSTER =Part_num;
      WITHIN = IRepro;

  USEVARIABLES ARE Part_num IRepro IRrdes;

  USEOBS Follow_clean EQ 1 AND sex_M1_F2 EQ .5;

  CLUSTER = Part_num;
  MISSING ARE ALL (-999);

   ANALYSIS:
  TYPE=TWOLEVEL;
  ESTIMATOR = MLR;

  MODEL:
  %WITHIN%
  IRrdes ON IRepro;

  OUTPUT: SAMPSTAT STDYX;





*** WARNING
  Data set contains cases with missing on all variables.
  These cases were not included in the analysis.
  Number of cases with missing on all variables:  17
*** WARNING
  Data set contains cases with missing on x-variables.
  These cases were not included in the analysis.
  Number of cases with missing on x-variables:  45
   2 WARNING(S) FOUND IN THE INPUT INSTRUCTIONS



Earning Prospects predicting romantic desire (Female Only)

SUMMARY OF ANALYSIS

Number of groups                                                 1
Number of observations                                        1334

Number of dependent variables                                    1
Number of independent variables                                  1
Number of continuous latent variables                            0

Observed dependent variables

  Continuous
   IRRDES

Observed independent variables
   IREPRO

Variables with special functions

  Cluster variable      PART_NUM

  Within variables
   IREPRO


Estimator                                                      MLR
Information matrix                                        OBSERVED
Maximum number of iterations                                   100
Convergence criterion                                    0.100D-05
Maximum number of EM iterations                                500
Convergence criteria for the EM algorithm
  Loglikelihood change                                   0.100D-02
  Relative loglikelihood change                          0.100D-05
  Derivative                                             0.100D-03
Minimum variance                                         0.100D-03
Maximum number of steepest descent iterations                   20
Maximum number of iterations for H1                           2000
Convergence criterion for H1                             0.100D-03
Optimization algorithm                                         EMA

Input data file(s)
  speed.dating.mplus.10.dat
Input data format  FREE


SUMMARY OF DATA

     Number of missing data patterns             1
     Number of clusters                        152

     Average cluster size        8.776

     Estimated Intraclass Correlations for the Y Variables

                Intraclass
     Variable  Correlation

     IRRDES       0.242



COVARIANCE COVERAGE OF DATA

Minimum covariance coverage value   0.100


     PROPORTION OF DATA PRESENT


           Covariance Coverage
              IRRDES        IREPRO
              ________      ________
 IRRDES         1.000
 IREPRO         1.000         1.000


SAMPLE STATISTICS

NOTE:  The sample statistics for within and between refer to the
       maximum-likelihood estimated within and between covariance
       matrices, respectively.


     ESTIMATED SAMPLE STATISTICS FOR WITHIN


           Means
              IRRDES        IREPRO
              ________      ________
 1              0.000         6.487


           Covariances
              IRRDES        IREPRO
              ________      ________
 IRRDES         2.630
 IREPRO         1.142         3.695


           Correlations
              IRRDES        IREPRO
              ________      ________
 IRRDES         1.000
 IREPRO         0.366         1.000


     ESTIMATED SAMPLE STATISTICS FOR BETWEEN


           Means
              IRRDES        IREPRO
              ________      ________
 1              4.585         0.000


           Covariances
              IRRDES        IREPRO
              ________      ________
 IRRDES         0.837
 IREPRO         0.000         0.000


           Correlations
              IRRDES        IREPRO
              ________      ________
 IRRDES         1.000
 IREPRO         0.000         0.000


     MAXIMUM LOG-LIKELIHOOD VALUE FOR THE UNRESTRICTED (H1) MODEL IS -2549.773


THE MODEL ESTIMATION TERMINATED NORMALLY



MODEL FIT INFORMATION

Number of Free Parameters                        4

Loglikelihood

          H0 Value                       -2549.773
          H0 Scaling Correction Factor      1.3575
            for MLR
          H1 Value                       -2549.773
          H1 Scaling Correction Factor      1.3575
            for MLR

Information Criteria

          Akaike (AIC)                    5107.546
          Bayesian (BIC)                  5128.330
          Sample-Size Adjusted BIC        5115.624
            (n* = (n + 2) / 24)

Chi-Square Test of Model Fit

          Value                              0.000*
          Degrees of Freedom                     0
          P-Value                           0.0000
          Scaling Correction Factor         1.0000
            for MLR

*   The chi-square value for MLM, MLMV, MLR, ULSMV, WLSM and WLSMV cannot be used
    for chi-square difference testing in the regular way.  MLM, MLR and WLSM
    chi-square difference testing is described on the Mplus website.  MLMV, WLSMV,
    and ULSMV difference testing is done using the DIFFTEST option.

RMSEA (Root Mean Square Error Of Approximation)

          Estimate                           0.000

CFI/TLI

          CFI                                1.000
          TLI                                1.000

Chi-Square Test of Model Fit for the Baseline Model

          Value                            101.979
          Degrees of Freedom                     1
          P-Value                           0.0000

SRMR (Standardized Root Mean Square Residual)

          Value for Within                   0.000
          Value for Between                  0.000



MODEL RESULTS

                                                    Two-Tailed
                    Estimate       S.E.  Est./S.E.    P-Value

Within Level

 IRRDES     ON
    IREPRO             0.309      0.029     10.610      0.000

 Residual Variances
    IRRDES             2.277      0.145     15.655      0.000

Between Level

 Means
    IRRDES             2.580      0.185     13.952      0.000

 Variances
    IRRDES             0.837      0.106      7.869      0.000


STANDARDIZED MODEL RESULTS


STDYX Standardization

                                                    Two-Tailed
                    Estimate       S.E.  Est./S.E.    P-Value

Within Level

 IRRDES     ON
    IREPRO             0.366      0.033     11.031      0.000

 Residual Variances
    IRRDES             0.866      0.024     35.578      0.000

Between Level

 Means
    IRRDES             2.819      0.235     11.987      0.000

 Variances
    IRRDES             1.000      0.000    999.000    999.000


R-SQUARE

Within Level

    Observed                                        Two-Tailed
    Variable        Estimate       S.E.  Est./S.E.    P-Value

    IRRDES             0.134      0.024      5.515      0.000

Between Level


QUALITY OF NUMERICAL RESULTS

     Condition Number for the Information Matrix              0.368E-02
       (ratio of smallest to largest eigenvalue)


DIAGRAM INFORMATION

  Mplus diagrams are currently not available for multilevel analysis.
  No diagram output was produced.


     Beginning Time:  13:50:33
        Ending Time:  13:50:35
       Elapsed Time:  00:00:02



MUTHEN & MUTHEN
3463 Stoner Ave.
Los Angeles, CA  90066

Tel: (310) 391-9971
Fax: (310) 391-8971
Web: www.StatModel.com
Support: Support@StatModel.com

Copyright (c) 1998-2013 Muthen & Muthen
