Mplus VERSION 7.11
MUTHEN & MUTHEN
07/25/2014   2:58 PM

INPUT INSTRUCTIONS

   TITLE: Earning Prospects predicting initiation hopes (Males Only)

    DATA:
    FILE IS
  speed.dating.mplus.10.dat;

    VARIABLE: NAMES ARE Part_num MatchID_clean Follow_clean
    IRLikedPartner IRSayYes IRSexAttract
      IRThinkCareer IRThinkAmbitious IRThinkPhys
      IRThinkHot IRThinkFun IRThinkResponsive
      IRThinkDependable IRThinkFriendly IRCommon
      IRPersonality IRConnection yessing mutmatch PMexcited
      PMSelfinit PMMatchinit FUEager FUInitiate FUEnjoy
      FUSexDesire FUSoulMate FURomInterest FUOnlyWith
      FUMind FUOneNight FUCasual FUSerious FUCommitted
      FUExtentPhys FUExtentCareer FUExtentAmbitious
      FUExtentHot FUExtentFun FUExtentRespons
      FUExtentFriendly DemAge DemEthn FUPhysContact
      FUInitiatePhys FUEnjoyContact FUContactBad
      IRpatt IRepro IRpers IRrdes IRchem FUpasn FUpatt FUepro
      FUpers FUStatus sex_M1_F2;

      CLUSTER =Part_num;
      WITHIN = IRepro;

  USEVARIABLES ARE Part_num IRepro PMMatchinit;

  USEOBS Follow_clean EQ 1 AND sex_M1_F2 EQ -.5;

  MISSING ARE ALL (-999);

   ANALYSIS:
  TYPE=TWOLEVEL;
  ESTIMATOR = MLR;

  MODEL:
  %WITHIN%
  PMMatchinit ON IRepro;

  OUTPUT: SAMPSTAT STDYX;





*** WARNING in VARIABLE command
  Note that only the first 8 characters of variable names are used in the output.
  Shorten variable names to avoid any confusion.
*** WARNING
  Data set contains cases with missing on all variables.
  These cases were not included in the analysis.
  Number of cases with missing on all variables:  65
*** WARNING
  Data set contains cases with missing on x-variables.
  These cases were not included in the analysis.
  Number of cases with missing on x-variables:  7
*** WARNING
  Data set contains cases with missing on all variables except
  x-variables.  These cases were not included in the analysis.
  Number of cases with missing on all variables except x-variables:  1234
   4 WARNING(S) FOUND IN THE INPUT INSTRUCTIONS



Earning Prospects predicting initiation hopes (Males Only)

SUMMARY OF ANALYSIS

Number of groups                                                 1
Number of observations                                         114

Number of dependent variables                                    1
Number of independent variables                                  1
Number of continuous latent variables                            0

Observed dependent variables

  Continuous
   PMMATCHINI

Observed independent variables
   IREPRO

Variables with special functions

  Cluster variable      PART_NUM

  Within variables
   IREPRO


Estimator                                                      MLR
Information matrix                                        OBSERVED
Maximum number of iterations                                   100
Convergence criterion                                    0.100D-05
Maximum number of EM iterations                                500
Convergence criteria for the EM algorithm
  Loglikelihood change                                   0.100D-02
  Relative loglikelihood change                          0.100D-05
  Derivative                                             0.100D-03
Minimum variance                                         0.100D-03
Maximum number of steepest descent iterations                   20
Maximum number of iterations for H1                           2000
Convergence criterion for H1                             0.100D-03
Optimization algorithm                                         EMA

Input data file(s)
  speed.dating.mplus.10.dat
Input data format  FREE


SUMMARY OF DATA

     Number of missing data patterns             1
     Number of clusters                         67

     Average cluster size        1.701

     Estimated Intraclass Correlations for the Y Variables

                Intraclass
     Variable  Correlation

     PMMATCHI     0.631



COVARIANCE COVERAGE OF DATA

Minimum covariance coverage value   0.100


     PROPORTION OF DATA PRESENT


           Covariance Coverage
              PMMATCHI      IREPRO
              ________      ________
 PMMATCHI       1.000
 IREPRO         1.000         1.000


SAMPLE STATISTICS

NOTE:  The sample statistics for within and between refer to the
       maximum-likelihood estimated within and between covariance
       matrices, respectively.


     ESTIMATED SAMPLE STATISTICS FOR WITHIN


           Means
              PMMATCHI      IREPRO
              ________      ________
 1              0.000         7.018


           Covariances
              PMMATCHI      IREPRO
              ________      ________
 PMMATCHI       0.827
 IREPRO         0.172         2.824


           Correlations
              PMMATCHI      IREPRO
              ________      ________
 PMMATCHI       1.000
 IREPRO         0.112         1.000


     ESTIMATED SAMPLE STATISTICS FOR BETWEEN


           Means
              PMMATCHI      IREPRO
              ________      ________
 1              4.960         0.000


           Covariances
              PMMATCHI      IREPRO
              ________      ________
 PMMATCHI       1.418
 IREPRO         0.000         0.000


           Correlations
              PMMATCHI      IREPRO
              ________      ________
 PMMATCHI       1.000
 IREPRO         0.000         0.000


     MAXIMUM LOG-LIKELIHOOD VALUE FOR THE UNRESTRICTED (H1) MODEL IS -193.900


THE MODEL ESTIMATION TERMINATED NORMALLY



MODEL FIT INFORMATION

Number of Free Parameters                        4

Loglikelihood

          H0 Value                        -193.900
          H0 Scaling Correction Factor      1.5391
            for MLR
          H1 Value                        -193.900
          H1 Scaling Correction Factor      1.5391
            for MLR

Information Criteria

          Akaike (AIC)                     395.799
          Bayesian (BIC)                   406.744
          Sample-Size Adjusted BIC         394.102
            (n* = (n + 2) / 24)

Chi-Square Test of Model Fit

          Value                              0.000*
          Degrees of Freedom                     0
          P-Value                           1.0000
          Scaling Correction Factor         1.0000
            for MLR

*   The chi-square value for MLM, MLMV, MLR, ULSMV, WLSM and WLSMV cannot be used
    for chi-square difference testing in the regular way.  MLM, MLR and WLSM
    chi-square difference testing is described on the Mplus website.  MLMV, WLSMV,
    and ULSMV difference testing is done using the DIFFTEST option.

RMSEA (Root Mean Square Error Of Approximation)

          Estimate                           0.000

CFI/TLI

          CFI                                1.000
          TLI                                1.000

Chi-Square Test of Model Fit for the Baseline Model

          Value                              0.584
          Degrees of Freedom                     1
          P-Value                           0.4446

SRMR (Standardized Root Mean Square Residual)

          Value for Within                   0.000
          Value for Between                  0.000



MODEL RESULTS

                                                    Two-Tailed
                    Estimate       S.E.  Est./S.E.    P-Value

Within Level

 PMMATCHINI ON
    IREPRO             0.061      0.088      0.695      0.487

 Residual Variances
    PMMATCHINI         0.818      0.262      3.124      0.002

Between Level

 Means
    PMMATCHINI         4.532      0.642      7.058      0.000

 Variances
    PMMATCHINI         1.416      0.425      3.333      0.001


STANDARDIZED MODEL RESULTS


STDYX Standardization

                                                    Two-Tailed
                    Estimate       S.E.  Est./S.E.    P-Value

Within Level

 PMMATCHINI ON
    IREPRO             0.113      0.158      0.710      0.478

 Residual Variances
    PMMATCHINI         0.987      0.036     27.685      0.000

Between Level

 Means
    PMMATCHINI         3.809      0.808      4.713      0.000

 Variances
    PMMATCHINI         1.000      0.000    999.000    999.000


R-SQUARE

Within Level

    Observed                                        Two-Tailed
    Variable        Estimate       S.E.  Est./S.E.    P-Value

    PMMATCHI           0.013      0.036      0.355      0.722

Between Level


QUALITY OF NUMERICAL RESULTS

     Condition Number for the Information Matrix              0.412E-02
       (ratio of smallest to largest eigenvalue)


     Beginning Time:  14:58:16
        Ending Time:  14:58:17
       Elapsed Time:  00:00:01



MUTHEN & MUTHEN
3463 Stoner Ave.
Los Angeles, CA  90066

Tel: (310) 391-9971
Fax: (310) 391-8971
Web: www.StatModel.com
Support: Support@StatModel.com

Copyright (c) 1998-2013 Muthen & Muthen
